Modules list:
-------------
enumdevdir.o:
    CODE              Offs=000000  Size=000212  Align=00001  Fill=0000
    RODATA            Offs=000000  Size=000034  Align=00001  Fill=0000
/opt/cc-6502/share/cc65/lib/c64.lib(_cwd.o):
    INIT              Offs=000000  Size=000011  Align=00001  Fill=0000
/opt/cc-6502/share/cc65/lib/c64.lib(_directerrno.o):
    CODE              Offs=000212  Size=00000A  Align=00001  Fill=0000
/opt/cc-6502/share/cc65/lib/c64.lib(_file.o):
    DATA              Offs=000000  Size=00001E  Align=00001  Fill=0000
/opt/cc-6502/share/cc65/lib/c64.lib(_heap.o):
    DATA              Offs=00001E  Size=00000A  Align=00001  Fill=0000
    ONCE              Offs=000000  Size=000010  Align=00001  Fill=0000
/opt/cc-6502/share/cc65/lib/c64.lib(_hextab.o):
    RODATA            Offs=000034  Size=000010  Align=00001  Fill=0000
/opt/cc-6502/share/cc65/lib/c64.lib(_longminstr.o):
    RODATA            Offs=000044  Size=00000C  Align=00001  Fill=0000
/opt/cc-6502/share/cc65/lib/c64.lib(_mappederrno.o):
    CODE              Offs=00021C  Size=000010  Align=00001  Fill=0000
/opt/cc-6502/share/cc65/lib/c64.lib(_oserror.o):
    BSS               Offs=000000  Size=000001  Align=00001  Fill=0000
/opt/cc-6502/share/cc65/lib/c64.lib(_printf.o):
    CODE              Offs=00022C  Size=0003A5  Align=00001  Fill=0000
    BSS               Offs=000001  Size=00002B  Align=00001  Fill=0000
    DATA              Offs=000028  Size=000003  Align=00001  Fill=0000
/opt/cc-6502/share/cc65/lib/c64.lib(_seterrno.o):
    CODE              Offs=0005D1  Size=000009  Align=00001  Fill=0000
/opt/cc-6502/share/cc65/lib/c64.lib(add.o):
    CODE              Offs=0005DA  Size=00001C  Align=00001  Fill=0000
/opt/cc-6502/share/cc65/lib/c64.lib(addysp.o):
    CODE              Offs=0005F6  Size=00000E  Align=00001  Fill=0000
/opt/cc-6502/share/cc65/lib/c64.lib(axlong.o):
    CODE              Offs=000604  Size=00000D  Align=00001  Fill=0000
/opt/cc-6502/share/cc65/lib/c64.lib(callmain.o):
    CODE              Offs=000611  Size=000017  Align=00001  Fill=0000
    DATA              Offs=00002B  Size=000004  Align=00001  Fill=0000
/opt/cc-6502/share/cc65/lib/c64.lib(cbm_filetype.o):
    CODE              Offs=000628  Size=000013  Align=00001  Fill=0000
    RODATA            Offs=000050  Size=000014  Align=00001  Fill=0000
/opt/cc-6502/share/cc65/lib/c64.lib(chdir.o):
    CODE              Offs=00063B  Size=000006  Align=00001  Fill=0000
/opt/cc-6502/share/cc65/lib/c64.lib(close.o):
    CODE              Offs=000641  Size=000038  Align=00001  Fill=0000
/opt/cc-6502/share/cc65/lib/c64.lib(closedir.o):
    CODE              Offs=000679  Size=00001D  Align=00001  Fill=0000
/opt/cc-6502/share/cc65/lib/c64.lib(condes.o):
    CODE              Offs=000696  Size=00000C  Align=00001  Fill=0000
    DATA              Offs=00002F  Size=000025  Align=00001  Fill=0000
    ONCE              Offs=000010  Size=00000C  Align=00001  Fill=0000
/opt/cc-6502/share/cc65/lib/c64.lib(crt0.o):
    STARTUP           Offs=000000  Size=000033  Align=00001  Fill=0000
    ONCE              Offs=00001C  Size=00001A  Align=00001  Fill=0000
    INIT              Offs=000011  Size=00001C  Align=00001  Fill=0000
/opt/cc-6502/share/cc65/lib/c64.lib(ctype.o):
    RODATA            Offs=000064  Size=000100  Align=00001  Fill=0000
/opt/cc-6502/share/cc65/lib/c64.lib(decax4.o):
    CODE              Offs=0006A2  Size=000007  Align=00001  Fill=0000
/opt/cc-6502/share/cc65/lib/c64.lib(decsp1.o):
    CODE              Offs=0006A9  Size=000009  Align=00001  Fill=0000
/opt/cc-6502/share/cc65/lib/c64.lib(decsp2.o):
    CODE              Offs=0006B2  Size=00000D  Align=00001  Fill=0000
/opt/cc-6502/share/cc65/lib/c64.lib(decsp3.o):
    CODE              Offs=0006BF  Size=00000D  Align=00001  Fill=0000
/opt/cc-6502/share/cc65/lib/c64.lib(decsp4.o):
    CODE              Offs=0006CC  Size=00000D  Align=00001  Fill=0000
/opt/cc-6502/share/cc65/lib/c64.lib(decsp6.o):
    CODE              Offs=0006D9  Size=00000D  Align=00001  Fill=0000
/opt/cc-6502/share/cc65/lib/c64.lib(devicedir.o):
    CODE              Offs=0006E6  Size=000039  Align=00001  Fill=0000
/opt/cc-6502/share/cc65/lib/c64.lib(devnum.o):
/opt/cc-6502/share/cc65/lib/c64.lib(dir.o):
    CODE              Offs=00071F  Size=000041  Align=00001  Fill=0000
/opt/cc-6502/share/cc65/lib/c64.lib(diskcmd.o):
    CODE              Offs=000760  Size=0000C4  Align=00001  Fill=0000
    BSS               Offs=00002C  Size=000017  Align=00001  Fill=0000
/opt/cc-6502/share/cc65/lib/c64.lib(diskinit.o):
    CODE              Offs=000824  Size=00002A  Align=00001  Fill=0000
/opt/cc-6502/share/cc65/lib/c64.lib(doesclrscr.o):
/opt/cc-6502/share/cc65/lib/c64.lib(errno.o):
    BSS               Offs=000043  Size=000002  Align=00001  Fill=0000
/opt/cc-6502/share/cc65/lib/c64.lib(exehdr.o):
    EXEHDR            Offs=000000  Size=00000C  Align=00001  Fill=0000
/opt/cc-6502/share/cc65/lib/c64.lib(fgetc.o):
    CODE              Offs=00084E  Size=00008C  Align=00001  Fill=0000
/opt/cc-6502/share/cc65/lib/c64.lib(filedes.o):
    CODE              Offs=0008DA  Size=00000E  Align=00001  Fill=0000
    DATA              Offs=000054  Size=000010  Align=00001  Fill=0000
/opt/cc-6502/share/cc65/lib/c64.lib(filename.o):
    CODE              Offs=0008E8  Size=0000A0  Align=00001  Fill=0000
    BSS               Offs=000045  Size=000003  Align=00001  Fill=0000
    DATA              Offs=000064  Size=000024  Align=00001  Fill=0000
/opt/cc-6502/share/cc65/lib/c64.lib(filetype.o):
    DATA              Offs=000088  Size=000001  Align=00001  Fill=0000
/opt/cc-6502/share/cc65/lib/c64.lib(filevars.o):
    INIT              Offs=00002D  Size=000001  Align=00001  Fill=0000
    ONCE              Offs=000036  Size=00000C  Align=00001  Fill=0000
/opt/cc-6502/share/cc65/lib/c64.lib(free.o):
    CODE              Offs=000988  Size=0001D3  Align=00001  Fill=0000
/opt/cc-6502/share/cc65/lib/c64.lib(fwrite.o):
    CODE              Offs=000B5B  Size=00007B  Align=00001  Fill=0000
    BSS               Offs=000048  Size=000002  Align=00001  Fill=0000
/opt/cc-6502/share/cc65/lib/c64.lib(getchar.o):
    CODE              Offs=000BD6  Size=000009  Align=00001  Fill=0000
/opt/cc-6502/share/cc65/lib/c64.lib(getcwd.o):
    CODE              Offs=000BDF  Size=00002A  Align=00001  Fill=0000
/opt/cc-6502/share/cc65/lib/c64.lib(getdevice.o):
    CODE              Offs=000C09  Size=000025  Align=00001  Fill=0000
/opt/cc-6502/share/cc65/lib/c64.lib(incaxy.o):
    CODE              Offs=000C2E  Size=00000B  Align=00001  Fill=0000
/opt/cc-6502/share/cc65/lib/c64.lib(incsp2.o):
    CODE              Offs=000C39  Size=000016  Align=00001  Fill=0000
/opt/cc-6502/share/cc65/lib/c64.lib(incsp3.o):
    CODE              Offs=000C4F  Size=000005  Align=00001  Fill=0000
/opt/cc-6502/share/cc65/lib/c64.lib(incsp6.o):
    CODE              Offs=000C54  Size=000005  Align=00001  Fill=0000
/opt/cc-6502/share/cc65/lib/c64.lib(initcwd.o):
    CODE              Offs=000C59  Size=00002C  Align=00001  Fill=0000
/opt/cc-6502/share/cc65/lib/c64.lib(kernal.o):
/opt/cc-6502/share/cc65/lib/c64.lib(ldaxi.o):
    CODE              Offs=000C85  Size=00000D  Align=00001  Fill=0000
/opt/cc-6502/share/cc65/lib/c64.lib(ldaxsp.o):
    CODE              Offs=000C92  Size=000009  Align=00001  Fill=0000
/opt/cc-6502/share/cc65/lib/c64.lib(leaaxsp.o):
    CODE              Offs=000C9B  Size=00000C  Align=00001  Fill=0000
/opt/cc-6502/share/cc65/lib/c64.lib(lneg.o):
    CODE              Offs=000CA7  Size=00001E  Align=00001  Fill=0000
/opt/cc-6502/share/cc65/lib/c64.lib(loadaddr.o):
    LOADADDR          Offs=000000  Size=000002  Align=00001  Fill=0000
/opt/cc-6502/share/cc65/lib/c64.lib(lpush.o):
    CODE              Offs=000CC5  Size=000021  Align=00001  Fill=0000
/opt/cc-6502/share/cc65/lib/c64.lib(ltoa.o):
    CODE              Offs=000CE6  Size=000095  Align=00001  Fill=0000
/opt/cc-6502/share/cc65/lib/c64.lib(malloc.o):
    CODE              Offs=000D7B  Size=00010E  Align=00001  Fill=0000
/opt/cc-6502/share/cc65/lib/c64.lib(memcpy.o):
    CODE              Offs=000E89  Size=00003C  Align=00001  Fill=0000
/opt/cc-6502/share/cc65/lib/c64.lib(mul.o):
    CODE              Offs=000EC5  Size=000045  Align=00001  Fill=0000
/opt/cc-6502/share/cc65/lib/c64.lib(mul8.o):
    CODE              Offs=000F0A  Size=00003A  Align=00001  Fill=0000
/opt/cc-6502/share/cc65/lib/c64.lib(open.o):
    CODE              Offs=000F44  Size=0000BE  Align=00001  Fill=0000
/opt/cc-6502/share/cc65/lib/c64.lib(opendir.o):
    CODE              Offs=001002  Size=0000E0  Align=00001  Fill=0000
    RODATA            Offs=000164  Size=000002  Align=00001  Fill=0000
/opt/cc-6502/share/cc65/lib/c64.lib(oserror.o):
    CODE              Offs=0010E2  Size=000016  Align=00001  Fill=0000
    RODATA            Offs=000166  Size=00005A  Align=00001  Fill=0000
/opt/cc-6502/share/cc65/lib/c64.lib(popa.o):
    CODE              Offs=0010F8  Size=00000C  Align=00001  Fill=0000
/opt/cc-6502/share/cc65/lib/c64.lib(popptr1.o):
    CODE              Offs=001104  Size=00000E  Align=00001  Fill=0000
/opt/cc-6502/share/cc65/lib/c64.lib(printf.o):
    CODE              Offs=001112  Size=000033  Align=00001  Fill=0000
    BSS               Offs=00004A  Size=000001  Align=00001  Fill=0000
/opt/cc-6502/share/cc65/lib/c64.lib(push1.o):
    CODE              Offs=001145  Size=000005  Align=00001  Fill=0000
/opt/cc-6502/share/cc65/lib/c64.lib(pusha.o):
    CODE              Offs=00114A  Size=000016  Align=00001  Fill=0000
/opt/cc-6502/share/cc65/lib/c64.lib(pushax.o):
    CODE              Offs=001160  Size=00001A  Align=00001  Fill=0000
/opt/cc-6502/share/cc65/lib/c64.lib(pushwsp.o):
    CODE              Offs=00117A  Size=00001C  Align=00001  Fill=0000
/opt/cc-6502/share/cc65/lib/c64.lib(read.o):
    CODE              Offs=001196  Size=00007E  Align=00001  Fill=0000
    BSS               Offs=00004B  Size=000001  Align=00001  Fill=0000
    ONCE              Offs=000042  Size=00000C  Align=00001  Fill=0000
/opt/cc-6502/share/cc65/lib/c64.lib(readdir.o):
    CODE              Offs=001214  Size=0001C8  Align=00001  Fill=0000
    RODATA            Offs=0001C0  Size=000008  Align=00001  Fill=0000
    BSS               Offs=00004C  Size=000019  Align=00001  Fill=0000
/opt/cc-6502/share/cc65/lib/c64.lib(realloc.o):
    CODE              Offs=0013DC  Size=000145  Align=00001  Fill=0000
/opt/cc-6502/share/cc65/lib/c64.lib(regswap2.o):
    CODE              Offs=001521  Size=000016  Align=00001  Fill=0000
/opt/cc-6502/share/cc65/lib/c64.lib(return0.o):
    CODE              Offs=001537  Size=000004  Align=00001  Fill=0000
/opt/cc-6502/share/cc65/lib/c64.lib(rwcommon.o):
    CODE              Offs=00153B  Size=00001C  Align=00001  Fill=0000
/opt/cc-6502/share/cc65/lib/c64.lib(scratch.o):
    CODE              Offs=001557  Size=000019  Align=00001  Fill=0000
/opt/cc-6502/share/cc65/lib/c64.lib(status.o):
/opt/cc-6502/share/cc65/lib/c64.lib(staxsp.o):
    CODE              Offs=001570  Size=00000B  Align=00001  Fill=0000
/opt/cc-6502/share/cc65/lib/c64.lib(strcpy.o):
    CODE              Offs=00157B  Size=00001F  Align=00001  Fill=0000
/opt/cc-6502/share/cc65/lib/c64.lib(strlen.o):
    CODE              Offs=00159A  Size=000016  Align=00001  Fill=0000
/opt/cc-6502/share/cc65/lib/c64.lib(strlower.o):
    CODE              Offs=0015B0  Size=000028  Align=00001  Fill=0000
/opt/cc-6502/share/cc65/lib/c64.lib(subeqsp.o):
    CODE              Offs=0015D8  Size=000015  Align=00001  Fill=0000
/opt/cc-6502/share/cc65/lib/c64.lib(subysp.o):
    CODE              Offs=0015ED  Size=00000D  Align=00001  Fill=0000
/opt/cc-6502/share/cc65/lib/c64.lib(syschdir.o):
    CODE              Offs=0015FA  Size=000048  Align=00001  Fill=0000
/opt/cc-6502/share/cc65/lib/c64.lib(udiv.o):
    CODE              Offs=001642  Size=00004F  Align=00001  Fill=0000
/opt/cc-6502/share/cc65/lib/c64.lib(vfprintf.o):
    CODE              Offs=001691  Size=000061  Align=00001  Fill=0000
    DATA              Offs=000089  Size=000008  Align=00001  Fill=0000
/opt/cc-6502/share/cc65/lib/c64.lib(write.o):
    CODE              Offs=0016F2  Size=000054  Align=00001  Fill=0000
    ONCE              Offs=00004E  Size=000011  Align=00001  Fill=0000
/opt/cc-6502/share/cc65/lib/c64.lib(zerobss.o):
    CODE              Offs=001746  Size=000023  Align=00001  Fill=0000
/opt/cc-6502/share/cc65/lib/c64.lib(zeropage.o):
    ZEROPAGE          Offs=000000  Size=00001A  Align=00001  Fill=0000


Segment list:
-------------
Name                   Start     End    Size  Align
----------------------------------------------------
ZEROPAGE              000002  00001B  00001A  00001
LOADADDR              0007FF  000800  000002  00001
EXEHDR                000801  00080C  00000C  00001
STARTUP               00080D  00083F  000033  00001
CODE                  000840  001FA8  001769  00001
RODATA                001FA9  002172  0001CA  00001
DATA                  002173  002203  000091  00001
INIT                  002204  002231  00002E  00001
BSS                   002232  002296  000065  00001
ONCE                  002232  00229A  000069  00001


Exports list by name:
---------------------
BASIN                     00FFCF RLA    BSOUT                     00FFD2 RLA    
CHKIN                     00FFC6 RLA    CKOUT                     00FFC9 RLA    
CLOSE                     00FFC3 RLA    CLRCH                     00FFCC RLA    
OPEN                      00FFC0 RLA    READST                    00FFB7 RLA    
SETLFS                    00FFBA RLA    SETNAM                    00FFBD RLA    
ST                        000090 RLZ    __BSS_RUN__               002232 RLA    
__BSS_SIZE__              000065 REA    __CONSTRUCTOR_COUNT__     000005 REA    
__CONSTRUCTOR_TABLE__     002291 RLA    __DESTRUCTOR_COUNT__      000001 REA    
__DESTRUCTOR_TABLE__      002171 RLA    __EXEHDR__                000001 REA    
__HEADER_LAST__           00080D RLA    __HIMEM__                 00D000 REA    
__LOADADDR__              000001 REA    __MAIN_SIZE__             00C7F3 REA    
__MAIN_START__            00080D RLA    __ONCE_RUN__              002232 RLA    
__STACKSIZE__             000800 REA    __STARTUP__               000001 REA    
__cbm_filetype            000E68 RLA    __ctype                   00200D RLA    
__cwd                     002204 RLA    __directerrno             000A52 RLA    
__dirread                 000F64 RLA    __dirread1                000F5F RLA    
__errno                   002275 RLA    __filetype                0021FB RLA    
__heapend                 002195 RLA    __heapfirst               002197 RLA    
__heaplast                002199 RLA    __heapptr                 002193 RLA    
__hextab                  001FDD RLA    __longminstr              001FED RLA    
__mappederrno             000A5C RLA    __oserror                 002232 RLA    
__osmaperrno              001922 RLA    __printf                  000B5F RLA    
__seterrno                000E11 RLA    __syschdir                001E3A RLA    
_chdir                    000E7B RLA    _close                    000E81 RLA    
_closedir                 000EB9 RLA    _doesclrscrafterexit      001D77 REA    
_fgetc                    00108E RLA    _free                     0011C8 RLA    
_fwrite                   00139B RLA    _getchar                  001416 RLA    
_getcwd                   00141F RLA    _getdevicedir             000F26 RLA    
_getfirstdevice           001449 RLA    _getnextdevice            00144B RLA    
_ltoa                     00153E RLA    _main                     0009D7 RLA    
_malloc                   0015BB RLA    _memcpy                   0016C9 RLA    
_open                     001798 RLA    _opendir                  001842 RLA    
_printf                   001952 RLA    _read                     0019D6 RLA    
_readdir                  001A54 RLA    _realloc                  001C1C RLA    
_stdin                    00218B RLA    _stdout                   00218D RLA    
_strcpy                   001DBB RLA    _strlen                   001DDA RLA    
_strlower                 001DF0 RLA    _ultoa                    00157F RLA    
_vfprintf                 001F09 RLA    _write                    001F32 RLA    
addysp                    000E37 RLA    axlong                    000E44 RLA    
axulong                   000E4A RLA    callmain                  000E51 RLA    
closeallfiles             001784  LAI   closecmdchannel           000FD6 RLA    
curunit                   002231 RLA    cwd_init                  001499  LAI   
decax4                    000EE2 RLA    decsp1                    000EE9 RLA    
decsp2                    000EF2 RLA    decsp3                    000EFF RLA    
decsp4                    000F0C RLA    decsp6                    000F19 RLA    
devicestr                 0014A4 RLA    devnum                    0000BA RLZ    
diskinit                  001064 RLA    donelib                   000ED6 RLA    
fdtab                     0021C7 RLA    fnaddmode                 0011B7 RLA    
fncmd                     0021D7 RLA    fncomplete                0011AF RLA    
fnisfile                  002279 RLA    fnlen                     002278 RLA    
fnparse                   001143 RLA    fnset                     0011A5 RLA    
fnunit                    002277 RLA    freefd                    00111A RLA    
incax4                    00146E RLA    incsp2                    001481 RLA    
incsp3                    00148F RLA    incsp6                    001494 RLA    
initcurunit               002268  LAI   initcwd                   001499 RLA    
initheap                  002232  LAI   initlib                   002242 RLA    
initstdin                 002274  LAI   initstdout                002280  LAI   
isdisk                    000FA0 RLA    ldax0sp                   0014D2 RLA    
ldaxidx                   0014C7 RLA    ldaxysp                   0014D4 RLA    
leaa0sp                   0014DB RLA    mul8x16                   00174C RLA    
mul8x16a                  001756 RLA    negeax                    0014E7 RLA    
opencmdchannel            000FA9 RLA    popa                      001938 RLA    
popax                     001479 RLA    popptr1                   001944 RLA    
ptr1                      00000A RLZ    ptr2                      00000C RLZ    
ptr3                      00000E RLZ    ptr4                      000010 RLZ    
push0                     0019A0 RLA    push1                     001985 RLA    
pusha                     00198E RLA    pusha0                    0019A2 RLA    
pushax                    0019A4 RLA    pusheax                   00150E RLA    
pushwysp                  0019BC RLA    readdiskerror             000FF1 RLA    
regbank                   000016 RLZ    regsave                   000006 RLZ    
regswap2                  001D61 RLA    return0                   001D77 RLA    
rwcommon                  001D7B RLA    scratch                   001D97 RLA    
sp                        000002 RLZ    sreg                      000004 RLZ    
stax0sp                   001DB0 RLA    staxysp                   001DB2 RLA    
subeqysp                  001E1A RLA    subysp                    001E2D RLA    
tmp1                      000012 RLZ    tmp2                      000013 RLZ    
tmp3                      000014 RLZ    tosaddax                  000E1C RLA    
tosudiva0                 001E82 RLA    tosudivax                 001E84 RLA    
tosumula0                 00174A RLA    tosumulax                 001705 RLA    
unittab                   0021CF RLA    writefndiskcmd            001029 RLA    
zerobss                   001F86 RLA    


Exports list by value:
----------------------
__LOADADDR__              000001 REA    __DESTRUCTOR_COUNT__      000001 REA    
__EXEHDR__                000001 REA    __STARTUP__               000001 REA    
sp                        000002 RLZ    sreg                      000004 RLZ    
__CONSTRUCTOR_COUNT__     000005 REA    regsave                   000006 RLZ    
ptr1                      00000A RLZ    ptr2                      00000C RLZ    
ptr3                      00000E RLZ    ptr4                      000010 RLZ    
tmp1                      000012 RLZ    tmp2                      000013 RLZ    
tmp3                      000014 RLZ    regbank                   000016 RLZ    
__BSS_SIZE__              000065 REA    ST                        000090 RLZ    
devnum                    0000BA RLZ    __STACKSIZE__             000800 REA    
__HEADER_LAST__           00080D RLA    __MAIN_START__            00080D RLA    
_main                     0009D7 RLA    __directerrno             000A52 RLA    
__mappederrno             000A5C RLA    __printf                  000B5F RLA    
__seterrno                000E11 RLA    tosaddax                  000E1C RLA    
addysp                    000E37 RLA    axlong                    000E44 RLA    
axulong                   000E4A RLA    callmain                  000E51 RLA    
__cbm_filetype            000E68 RLA    _chdir                    000E7B RLA    
_close                    000E81 RLA    _closedir                 000EB9 RLA    
donelib                   000ED6 RLA    decax4                    000EE2 RLA    
decsp1                    000EE9 RLA    decsp2                    000EF2 RLA    
decsp3                    000EFF RLA    decsp4                    000F0C RLA    
decsp6                    000F19 RLA    _getdevicedir             000F26 RLA    
__dirread1                000F5F RLA    __dirread                 000F64 RLA    
isdisk                    000FA0 RLA    opencmdchannel            000FA9 RLA    
closecmdchannel           000FD6 RLA    readdiskerror             000FF1 RLA    
writefndiskcmd            001029 RLA    diskinit                  001064 RLA    
_fgetc                    00108E RLA    freefd                    00111A RLA    
fnparse                   001143 RLA    fnset                     0011A5 RLA    
fncomplete                0011AF RLA    fnaddmode                 0011B7 RLA    
_free                     0011C8 RLA    _fwrite                   00139B RLA    
_getchar                  001416 RLA    _getcwd                   00141F RLA    
_getfirstdevice           001449 RLA    _getnextdevice            00144B RLA    
incax4                    00146E RLA    popax                     001479 RLA    
incsp2                    001481 RLA    incsp3                    00148F RLA    
incsp6                    001494 RLA    cwd_init                  001499  LAI   
initcwd                   001499 RLA    devicestr                 0014A4 RLA    
ldaxidx                   0014C7 RLA    ldax0sp                   0014D2 RLA    
ldaxysp                   0014D4 RLA    leaa0sp                   0014DB RLA    
negeax                    0014E7 RLA    pusheax                   00150E RLA    
_ltoa                     00153E RLA    _ultoa                    00157F RLA    
_malloc                   0015BB RLA    _memcpy                   0016C9 RLA    
tosumulax                 001705 RLA    tosumula0                 00174A RLA    
mul8x16                   00174C RLA    mul8x16a                  001756 RLA    
closeallfiles             001784  LAI   _open                     001798 RLA    
_opendir                  001842 RLA    __osmaperrno              001922 RLA    
popa                      001938 RLA    popptr1                   001944 RLA    
_printf                   001952 RLA    push1                     001985 RLA    
pusha                     00198E RLA    push0                     0019A0 RLA    
pusha0                    0019A2 RLA    pushax                    0019A4 RLA    
pushwysp                  0019BC RLA    _read                     0019D6 RLA    
_readdir                  001A54 RLA    _realloc                  001C1C RLA    
regswap2                  001D61 RLA    _doesclrscrafterexit      001D77 REA    
return0                   001D77 RLA    rwcommon                  001D7B RLA    
scratch                   001D97 RLA    stax0sp                   001DB0 RLA    
staxysp                   001DB2 RLA    _strcpy                   001DBB RLA    
_strlen                   001DDA RLA    _strlower                 001DF0 RLA    
subeqysp                  001E1A RLA    subysp                    001E2D RLA    
__syschdir                001E3A RLA    tosudiva0                 001E82 RLA    
tosudivax                 001E84 RLA    _vfprintf                 001F09 RLA    
_write                    001F32 RLA    zerobss                   001F86 RLA    
__hextab                  001FDD RLA    __longminstr              001FED RLA    
__ctype                   00200D RLA    __DESTRUCTOR_TABLE__      002171 RLA    
_stdin                    00218B RLA    _stdout                   00218D RLA    
__heapptr                 002193 RLA    __heapend                 002195 RLA    
__heapfirst               002197 RLA    __heaplast                002199 RLA    
fdtab                     0021C7 RLA    unittab                   0021CF RLA    
fncmd                     0021D7 RLA    __filetype                0021FB RLA    
__cwd                     002204 RLA    curunit                   002231 RLA    
__BSS_RUN__               002232 RLA    initheap                  002232  LAI   
__ONCE_RUN__              002232 RLA    __oserror                 002232 RLA    
initlib                   002242 RLA    initcurunit               002268  LAI   
initstdin                 002274  LAI   __errno                   002275 RLA    
fnunit                    002277 RLA    fnlen                     002278 RLA    
fnisfile                  002279 RLA    initstdout                002280  LAI   
__CONSTRUCTOR_TABLE__     002291 RLA    __MAIN_SIZE__             00C7F3 REA    
__HIMEM__                 00D000 REA    READST                    00FFB7 RLA    
SETLFS                    00FFBA RLA    SETNAM                    00FFBD RLA    
OPEN                      00FFC0 RLA    CLOSE                     00FFC3 RLA    
CHKIN                     00FFC6 RLA    CKOUT                     00FFC9 RLA    
CLRCH                     00FFCC RLA    BASIN                     00FFCF RLA    
BSOUT                     00FFD2 RLA    


Imports list:
-------------
BASIN (kernal.o):
    read.o                    cbm/cbm.inc(47)
    diskcmd.o                 cbm/cbm.inc(47)
BSOUT (kernal.o):
    write.o                   cbm/cbm.inc(49)
    read.o                    cbm/cbm.inc(49)
    diskcmd.o                 cbm/cbm.inc(49)
    crt0.o                    c64/crt0.s(10)
CHKIN (kernal.o):
    read.o                    cbm/cbm.inc(44)
    diskcmd.o                 cbm/cbm.inc(44)
CKOUT (kernal.o):
    write.o                   cbm/cbm.inc(45)
    diskcmd.o                 cbm/cbm.inc(45)
CLOSE (kernal.o):
    open.o                    cbm/cbm.inc(36)
    diskcmd.o                 cbm/cbm.inc(36)
    close.o                   cbm/cbm.inc(36)
CLRCH (kernal.o):
    write.o                   cbm/cbm.inc(46)
    read.o                    cbm/cbm.inc(46)
    diskcmd.o                 cbm/cbm.inc(46)
OPEN (kernal.o):
    write.o                   cbm/cbm.inc(35)
    read.o                    cbm/cbm.inc(35)
    open.o                    cbm/cbm.inc(35)
    diskcmd.o                 cbm/cbm.inc(35)
READST (kernal.o):
    write.o                   cbm/cbm.inc(32)
    read.o                    cbm/cbm.inc(32)
SETLFS (kernal.o):
    write.o                   cbm/cbm.inc(33)
    read.o                    cbm/cbm.inc(33)
    open.o                    cbm/cbm.inc(33)
    diskcmd.o                 cbm/cbm.inc(33)
SETNAM (kernal.o):
    diskcmd.o                 cbm/cbm.inc(34)
    filename.o                cbm/cbm.inc(34)
ST (status.o):
    getdevice.o               cbm/getdevice.s(13)
    crt0.o                    c64/crt0.s(13)
__BSS_RUN__ ([linker generated]):
    _heap.o                   common/_heap.s(8)
    zerobss.o                 common/zerobss.s(8)
__BSS_SIZE__ ([linker generated]):
    _heap.o                   common/_heap.s(8)
    zerobss.o                 common/zerobss.s(8)
__CONSTRUCTOR_COUNT__ ([linker generated]):
    condes.o                  runtime/condes.s(18)
__CONSTRUCTOR_TABLE__ ([linker generated]):
    condes.o                  runtime/condes.s(18)
__DESTRUCTOR_COUNT__ ([linker generated]):
    condes.o                  runtime/condes.s(19)
__DESTRUCTOR_TABLE__ ([linker generated]):
    condes.o                  runtime/condes.s(19)
__EXEHDR__ (exehdr.o):
    [linker generated]        /opt/cc-6502/share/cc65/cfg/c64.cfg(6)
__HEADER_LAST__ ([linker generated]):
    [linker generated]        /opt/cc-6502/share/cc65/cfg/c64.cfg(14)
    [linker generated]        /opt/cc-6502/share/cc65/cfg/c64.cfg(14)
__HIMEM__ ([linker generated]):
    [linker generated]        /opt/cc-6502/share/cc65/cfg/c64.cfg(15)
    [linker generated]        /opt/cc-6502/share/cc65/cfg/c64.cfg(14)
__LOADADDR__ (loadaddr.o):
    [linker generated]        /opt/cc-6502/share/cc65/cfg/c64.cfg(5)
__MAIN_SIZE__ ([linker generated]):
    crt0.o                    c64/crt0.s(11)
__MAIN_START__ ([linker generated]):
    crt0.o                    c64/crt0.s(11)
__ONCE_RUN__ ([linker generated]):
    [linker generated]        /opt/cc-6502/share/cc65/cfg/c64.cfg(15)
    [linker generated]        /opt/cc-6502/share/cc65/cfg/c64.cfg(15)
__STACKSIZE__ ([linker generated]):
    _heap.o                   common/_heap.s(8)
    [linker generated]        /opt/cc-6502/share/cc65/cfg/c64.cfg(15)
__STARTUP__ (crt0.o):
    enumdevdir.o              enumdevdir.s(24)
__cbm_filetype (cbm_filetype.o):
    readdir.o                 ../libwrk/c64/readdir.s(14)
__ctype (ctype.o):
    strlower.o                common/strlower.s(13)
__cwd (_cwd.o):
    initcwd.o                 cbm/initcwd.s(8)
    getcwd.o                  common/getcwd.s(10)
__directerrno (_directerrno.o):
    write.o                   /Users/thierry/Projects/Devel/cc65/asminc/errno.inc(10)
    read.o                    /Users/thierry/Projects/Devel/cc65/asminc/errno.inc(10)
    open.o                    /Users/thierry/Projects/Devel/cc65/asminc/errno.inc(10)
    close.o                   /Users/thierry/Projects/Devel/cc65/asminc/errno.inc(10)
    devicedir.o               /Users/thierry/Projects/Devel/cc65/asminc/errno.inc(10)
__dirread (dir.o):
    readdir.o                 ../libwrk/c64/readdir.s(16)
    opendir.o                 ../libwrk/c64/opendir.s(18)
__dirread1 (dir.o):
    readdir.o                 ../libwrk/c64/readdir.s(17)
__errno (errno.o):
    dir.o                     /Users/thierry/Projects/Devel/cc65/asminc/errno.inc(7)
    _seterrno.o               /Users/thierry/Projects/Devel/cc65/asminc/errno.inc(7)
    readdir.o                 ../libwrk/c64/readdir.s(13)
    opendir.o                 ../libwrk/c64/opendir.s(16)
__filetype (filetype.o):
    filename.o                cbm/filename.s(11)
__heapend (_heap.o):
    malloc.o                  /Users/thierry/Projects/Devel/cc65/asminc/_heap.inc(33)
    realloc.o                 ../libwrk/c64/realloc.s(18)
__heapfirst (_heap.o):
    malloc.o                  /Users/thierry/Projects/Devel/cc65/asminc/_heap.inc(34)
    free.o                    /Users/thierry/Projects/Devel/cc65/asminc/_heap.inc(34)
__heaplast (_heap.o):
    malloc.o                  /Users/thierry/Projects/Devel/cc65/asminc/_heap.inc(35)
    free.o                    /Users/thierry/Projects/Devel/cc65/asminc/_heap.inc(35)
__heapptr (_heap.o):
    malloc.o                  /Users/thierry/Projects/Devel/cc65/asminc/_heap.inc(32)
    realloc.o                 ../libwrk/c64/realloc.s(17)
    free.o                    /Users/thierry/Projects/Devel/cc65/asminc/_heap.inc(32)
__hextab (_hextab.o):
    ltoa.o                    common/ltoa.s(10)
__longminstr (_longminstr.o):
    ltoa.o                    common/ltoa.s(10)
__mappederrno (_mappederrno.o):
    write.o                   /Users/thierry/Projects/Devel/cc65/asminc/errno.inc(10)
    read.o                    /Users/thierry/Projects/Devel/cc65/asminc/errno.inc(10)
    open.o                    /Users/thierry/Projects/Devel/cc65/asminc/errno.inc(10)
    close.o                   /Users/thierry/Projects/Devel/cc65/asminc/errno.inc(10)
    devicedir.o               /Users/thierry/Projects/Devel/cc65/asminc/errno.inc(10)
    chdir.o                   common/chdir.s(10)
__oserror (_oserror.o):
    write.o                   /Users/thierry/Projects/Devel/cc65/asminc/errno.inc(7)
    read.o                    /Users/thierry/Projects/Devel/cc65/asminc/errno.inc(7)
    open.o                    /Users/thierry/Projects/Devel/cc65/asminc/errno.inc(7)
    _mappederrno.o            /Users/thierry/Projects/Devel/cc65/asminc/errno.inc(7)
    _directerrno.o            /Users/thierry/Projects/Devel/cc65/asminc/errno.inc(7)
    devicedir.o               /Users/thierry/Projects/Devel/cc65/asminc/errno.inc(7)
__osmaperrno (oserror.o):
    _mappederrno.o            /Users/thierry/Projects/Devel/cc65/asminc/errno.inc(8)
__printf (_printf.o):
    vfprintf.o                common/vfprintf.s(10)
__seterrno (_seterrno.o):
    fwrite.o                  /Users/thierry/Projects/Devel/cc65/asminc/errno.inc(9)
    _mappederrno.o            /Users/thierry/Projects/Devel/cc65/asminc/errno.inc(9)
    _directerrno.o            /Users/thierry/Projects/Devel/cc65/asminc/errno.inc(9)
    getcwd.o                  /Users/thierry/Projects/Devel/cc65/asminc/errno.inc(9)
__syschdir (syschdir.o):
    chdir.o                   common/chdir.s(9)
_chdir (chdir.o):
    enumdevdir.o              enumdevdir.s(42)
_close (close.o):
    open.o                    cbm/open.s(14)
    closedir.o                cbm/closedir.s(13)
_closedir (closedir.o):
    enumdevdir.o              enumdevdir.s(51)
_doesclrscrafterexit (doesclrscr.o):
    enumdevdir.o              enumdevdir.s(52)
_fgetc (fgetc.o):
    getchar.o                 ../libwrk/c64/getchar.s(14)
_free (free.o):
    realloc.o                 ../libwrk/c64/realloc.s(15)
    closedir.o                cbm/closedir.s(13)
    enumdevdir.o              enumdevdir.s(45)
_fwrite (fwrite.o):
    vfprintf.o                common/vfprintf.s(10)
_getchar (getchar.o):
    enumdevdir.o              enumdevdir.s(39)
_getcwd (getcwd.o):
    enumdevdir.o              enumdevdir.s(43)
_getdevicedir (devicedir.o):
    enumdevdir.o              enumdevdir.s(48)
_getfirstdevice (getdevice.o):
    enumdevdir.o              enumdevdir.s(46)
_getnextdevice (getdevice.o):
    enumdevdir.o              enumdevdir.s(47)
_ltoa (ltoa.o):
    _printf.o                 common/_printf.s(12)
_main (enumdevdir.o):
    callmain.o                runtime/callmain.s(11)
_malloc (malloc.o):
    realloc.o                 ../libwrk/c64/realloc.s(13)
    opendir.o                 ../libwrk/c64/opendir.s(13)
_memcpy (memcpy.o):
    realloc.o                 ../libwrk/c64/realloc.s(16)
    opendir.o                 ../libwrk/c64/opendir.s(14)
_open (open.o):
    opendir.o                 ../libwrk/c64/opendir.s(15)
_opendir (opendir.o):
    enumdevdir.o              enumdevdir.s(49)
_printf (printf.o):
    enumdevdir.o              enumdevdir.s(40)
_read (read.o):
    fgetc.o                   ../libwrk/c64/fgetc.s(14)
    dir.o                     cbm/dir.s(12)
_readdir (readdir.o):
    enumdevdir.o              enumdevdir.s(50)
_realloc (realloc.o):
    enumdevdir.o              enumdevdir.s(44)
_stdin (_file.o):
    getchar.o                 ../libwrk/c64/getchar.s(13)
_stdout (_file.o):
    printf.o                  common/printf.s(8)
_strcpy (strcpy.o):
    enumdevdir.o              enumdevdir.s(41)
_strlen (strlen.o):
    _printf.o                 common/_printf.s(13)
_strlower (strlower.o):
    _printf.o                 common/_printf.s(13)
_ultoa (ltoa.o):
    _printf.o                 common/_printf.s(12)
_vfprintf (vfprintf.o):
    printf.o                  common/printf.s(8)
_write (write.o):
    fwrite.o                  common/fwrite.s(10)
addysp (addysp.o):
    open.o                    cbm/open.s(10)
    incsp6.o                  runtime/incsp6.s(8)
    incsp3.o                  runtime/incsp3.s(8)
    fwrite.o                  common/fwrite.s(11)
    realloc.o                 ../libwrk/c64/realloc.s(194)
    readdir.o                 ../libwrk/c64/readdir.s(254)
    printf.o                  common/printf.s(8)
    opendir.o                 ../libwrk/c64/opendir.s(140)
    enumdevdir.o              enumdevdir.s(512)
    enumdevdir.o              enumdevdir.s(512)
axlong (axlong.o):
    _printf.o                 common/_printf.s(11)
axulong (axlong.o):
    _printf.o                 common/_printf.s(11)
callmain (callmain.o):
    crt0.o                    c64/crt0.s(9)
closecmdchannel (diskcmd.o):
    scratch.o                 cbm/scratch.s(8)
    open.o                    cbm/open.s(12)
    close.o                   cbm/close.s(9)
    getdevice.o               cbm/getdevice.s(12)
    diskinit.o                cbm/diskinit.s(6)
curunit (filevars.o):
    syschdir.o                cbm/syschdir.s(9)
    initcwd.o                 cbm/initcwd.s(8)
    filename.o                cbm/filename.s(11)
decax4 (decax4.o):
    realloc.o                 ../libwrk/c64/realloc.s(194)
decsp1 (decsp1.o):
    fgetc.o                   ../libwrk/c64/fgetc.s(96)
decsp2 (decsp2.o):
    opendir.o                 ../libwrk/c64/opendir.s(140)
    enumdevdir.o              enumdevdir.s(512)
decsp3 (decsp3.o):
    enumdevdir.o              enumdevdir.s(512)
decsp4 (decsp4.o):
    lpush.o                   runtime/lpush.s(12)
decsp6 (decsp6.o):
    _printf.o                 common/_printf.s(11)
    realloc.o                 ../libwrk/c64/realloc.s(194)
devicestr (initcwd.o):
    devicedir.o               cbm/devicedir.s(8)
devnum (devnum.o):
    filevars.o                cbm/filevars.s(9)
diskinit (diskinit.o):
    syschdir.o                cbm/syschdir.s(9)
    devicedir.o               cbm/devicedir.s(8)
donelib (condes.o):
    crt0.o                    c64/crt0.s(8)
fdtab (filedes.o):
    write.o                   cbm/filedes.inc(7)
    read.o                    cbm/filedes.inc(7)
    open.o                    cbm/filedes.inc(7)
    close.o                   cbm/filedes.inc(7)
fnaddmode (filename.o):
    open.o                    cbm/open.s(11)
fncmd (filename.o):
    scratch.o                 cbm/scratch.s(9)
    diskcmd.o                 cbm/diskcmd.s(14)
    diskinit.o                cbm/diskinit.s(8)
fncomplete (filename.o):
    open.o                    cbm/open.s(11)
fnisfile (filename.o):
    open.o                    cbm/open.s(13)
fnlen (filename.o):
    diskcmd.o                 cbm/diskcmd.s(14)
fnparse (filename.o):
    open.o                    cbm/open.s(11)
fnset (filename.o):
    open.o                    cbm/open.s(11)
fnunit (filename.o):
    scratch.o                 cbm/scratch.s(9)
    open.o                    cbm/open.s(13)
    diskcmd.o                 cbm/diskcmd.s(14)
    syschdir.o                cbm/syschdir.s(9)
    diskinit.o                cbm/diskinit.s(8)
    devicedir.o               cbm/devicedir.s(8)
freefd (filedes.o):
    open.o                    cbm/filedes.inc(9)
incax4 (incaxy.o):
    readdir.o                 ../libwrk/c64/readdir.s(254)
incsp2 (incsp2.o):
    popptr1.o                 runtime/popptr1.s(8)
incsp3 (incsp3.o):
    fgetc.o                   ../libwrk/c64/fgetc.s(96)
incsp6 (incsp6.o):
    fwrite.o                  common/fwrite.s(11)
    vfprintf.o                common/vfprintf.s(9)
initcwd (initcwd.o):
    _cwd.o                    common/_cwd.s(14)
    syschdir.o                cbm/syschdir.s(9)
initlib (condes.o):
    crt0.o                    c64/crt0.s(8)
isdisk (diskcmd.o):
    getdevice.o               cbm/getdevice.s(10)
    diskinit.o                cbm/diskinit.s(8)
ldax0sp (ldaxsp.o):
    realloc.o                 ../libwrk/c64/realloc.s(194)
ldaxidx (ldaxi.o):
    realloc.o                 ../libwrk/c64/realloc.s(194)
ldaxysp (ldaxsp.o):
    fwrite.o                  common/fwrite.s(11)
    realloc.o                 ../libwrk/c64/realloc.s(194)
    opendir.o                 ../libwrk/c64/opendir.s(140)
leaa0sp (leaaxsp.o):
    fgetc.o                   ../libwrk/c64/fgetc.s(96)
    readdir.o                 ../libwrk/c64/readdir.s(254)
    opendir.o                 ../libwrk/c64/opendir.s(140)
mul8x16 (mul8.o):
    mul.o                     runtime/mul.s(8)
mul8x16a (mul8.o):
    mul.o                     runtime/mul.s(8)
negeax (lneg.o):
    ltoa.o                    common/ltoa.s(9)
opencmdchannel (diskcmd.o):
    scratch.o                 cbm/scratch.s(8)
    open.o                    cbm/open.s(12)
    getdevice.o               cbm/getdevice.s(11)
    diskinit.o                cbm/diskinit.s(6)
popa (popa.o):
    devicedir.o               cbm/devicedir.s(9)
popax (incsp2.o):
    rwcommon.o                cbm/rwcommon.s(9)
    open.o                    cbm/open.s(10)
    memcpy.o                  common/memcpy.s(14)
    ltoa.o                    common/ltoa.s(9)
    _printf.o                 common/_printf.s(11)
    strcpy.o                  common/strcpy.s(8)
    devicedir.o               cbm/devicedir.s(9)
popptr1 (popptr1.o):
    rwcommon.o                cbm/rwcommon.s(9)
    mul.o                     runtime/mul.s(9)
    memcpy.o                  common/memcpy.s(14)
    ltoa.o                    common/ltoa.s(9)
    udiv.o                    runtime/udiv.s(9)
    mul8.o                    runtime/mul8.s(9)
    getcwd.o                  common/getcwd.s(9)
ptr1 (zeropage.o):
    write.o                   cbm/write.s(11)
    strlower.o                common/strlower.s(14)
    read.o                    cbm/read.s(13)
    mul.o                     runtime/mul.s(10)
    memcpy.o                  common/memcpy.s(15)
    malloc.o                  common/malloc.s(108)
    ltoa.o                    common/ltoa.s(11)
    ldaxi.o                   runtime/ldaxi.s(8)
    fwrite.o                  common/fwrite.s(14)
    diskcmd.o                 cbm/diskcmd.s(15)
    dir.o                     /Users/thierry/Projects/Devel/cc65/asminc/zeropage.inc(12)
    _printf.o                 /Users/thierry/Projects/Devel/cc65/asminc/zeropage.inc(12)
    zerobss.o                 common/zerobss.s(9)
    vfprintf.o                common/vfprintf.s(11)
    udiv.o                    runtime/udiv.s(10)
    syschdir.o                cbm/syschdir.s(10)
    strcpy.o                  common/strcpy.s(9)
    readdir.o                 ../libwrk/c64/readdir.s(11)
    printf.o                  common/printf.s(9)
    popptr1.o                 runtime/popptr1.s(9)
    mul8.o                    runtime/mul8.s(10)
    initcwd.o                 cbm/initcwd.s(10)
    getcwd.o                  common/getcwd.s(11)
    free.o                    common/free.s(62)
    filename.o                cbm/filename.s(12)
    closedir.o                /Users/thierry/Projects/Devel/cc65/asminc/zeropage.inc(12)
    enumdevdir.o              enumdevdir.s(11)
ptr2 (zeropage.o):
    write.o                   cbm/write.s(11)
    strlower.o                common/strlower.s(14)
    strlen.o                  common/strlen.s(12)
    rwcommon.o                cbm/rwcommon.s(10)
    read.o                    cbm/read.s(13)
    memcpy.o                  common/memcpy.s(15)
    malloc.o                  common/malloc.s(108)
    ltoa.o                    common/ltoa.s(11)
    _printf.o                 /Users/thierry/Projects/Devel/cc65/asminc/zeropage.inc(12)
    strcpy.o                  common/strcpy.s(9)
    initcwd.o                 cbm/initcwd.s(10)
    getcwd.o                  common/getcwd.s(11)
    free.o                    common/free.s(62)
    devicedir.o               cbm/devicedir.s(10)
ptr3 (zeropage.o):
    write.o                   cbm/write.s(11)
    rwcommon.o                cbm/rwcommon.s(10)
    read.o                    cbm/read.s(13)
    memcpy.o                  common/memcpy.s(15)
    malloc.o                  common/malloc.s(108)
    ltoa.o                    common/ltoa.s(11)
    free.o                    common/free.s(62)
    devicedir.o               cbm/devicedir.s(10)
ptr4 (zeropage.o):
    mul.o                     runtime/mul.s(10)
    udiv.o                    runtime/udiv.s(10)
    mul8.o                    runtime/mul8.s(10)
    free.o                    common/free.s(62)
push0 (pushax.o):
    opendir.o                 ../libwrk/c64/opendir.s(140)
    enumdevdir.o              enumdevdir.s(512)
push1 (push1.o):
    _printf.o                 common/_printf.s(11)
    vfprintf.o                common/vfprintf.s(9)
pusha (pusha.o):
    readdir.o                 ../libwrk/c64/readdir.s(254)
pusha0 (pushax.o):
    push1.o                   runtime/push1.s(8)
    fgetc.o                   ../libwrk/c64/fgetc.s(96)
    opendir.o                 ../libwrk/c64/opendir.s(140)
    initcwd.o                 cbm/initcwd.s(9)
    enumdevdir.o              enumdevdir.s(512)
pushax (pushax.o):
    fwrite.o                  common/fwrite.s(11)
    fgetc.o                   ../libwrk/c64/fgetc.s(96)
    dir.o                     cbm/dir.s(11)
    callmain.o                runtime/callmain.s(11)
    _printf.o                 common/_printf.s(11)
    realloc.o                 ../libwrk/c64/realloc.s(194)
    readdir.o                 ../libwrk/c64/readdir.s(254)
    printf.o                  common/printf.s(8)
    opendir.o                 ../libwrk/c64/opendir.s(140)
    enumdevdir.o              enumdevdir.s(512)
    enumdevdir.o              enumdevdir.s(512)
pusheax (lpush.o):
    _printf.o                 common/_printf.s(11)
pushwysp (pushwsp.o):
    fwrite.o                  common/fwrite.s(11)
    vfprintf.o                common/vfprintf.s(9)
    realloc.o                 ../libwrk/c64/realloc.s(194)
    opendir.o                 ../libwrk/c64/opendir.s(140)
    enumdevdir.o              enumdevdir.s(512)
readdiskerror (diskcmd.o):
    open.o                    cbm/open.s(12)
    close.o                   cbm/close.s(9)
    diskinit.o                cbm/diskinit.s(7)
regbank (zeropage.o):
    fgetc.o                   ../libwrk/c64/fgetc.s(10)
    _printf.o                 /Users/thierry/Projects/Devel/cc65/asminc/zeropage.inc(14)
    regswap2.o                runtime/regswap2.s(8)
    realloc.o                 ../libwrk/c64/realloc.s(10)
    readdir.o                 ../libwrk/c64/readdir.s(10)
    opendir.o                 ../libwrk/c64/opendir.s(10)
regsave (zeropage.o):
    enumdevdir.o              enumdevdir.s(10)
regswap2 (regswap2.o):
    fgetc.o                   ../libwrk/c64/fgetc.s(96)
    realloc.o                 ../libwrk/c64/realloc.s(194)
    readdir.o                 ../libwrk/c64/readdir.s(254)
    opendir.o                 ../libwrk/c64/opendir.s(140)
return0 (return0.o):
    doesclrscr.o              common/doesclrscr.s(10)
rwcommon (rwcommon.o):
    write.o                   cbm/write.s(10)
    read.o                    cbm/read.s(11)
scratch (scratch.o):
    open.o                    cbm/open.s(11)
sp (zeropage.o):
    decsp4.o                  runtime/decsp4.s(8)
    decsp1.o                  runtime/decsp1.s(8)
    pusha.o                   runtime/pusha.s(8)
    memcpy.o                  common/memcpy.s(15)
    lpush.o                   runtime/lpush.s(13)
    leaaxsp.o                 runtime/leaaxsp.s(8)
    ldaxsp.o                  runtime/ldaxsp.s(8)
    fgetc.o                   ../libwrk/c64/fgetc.s(10)
    dir.o                     /Users/thierry/Projects/Devel/cc65/asminc/zeropage.inc(11)
    decsp6.o                  runtime/decsp6.s(8)
    _printf.o                 /Users/thierry/Projects/Devel/cc65/asminc/zeropage.inc(11)
    _heap.o                   common/_heap.s(9)
    vfprintf.o                common/vfprintf.s(11)
    subysp.o                  runtime/subysp.s(9)
    subeqsp.o                 runtime/subeqsp.s(8)
    staxsp.o                  runtime/staxsp.s(8)
    regswap2.o                runtime/regswap2.s(8)
    realloc.o                 ../libwrk/c64/realloc.s(10)
    readdir.o                 ../libwrk/c64/readdir.s(10)
    pushwsp.o                 runtime/pushwsp.s(8)
    pushax.o                  runtime/pushax.s(8)
    printf.o                  common/printf.s(9)
    popptr1.o                 runtime/popptr1.s(9)
    popa.o                    runtime/popa.s(8)
    opendir.o                 ../libwrk/c64/opendir.s(10)
    incsp2.o                  runtime/incsp2.s(8)
    decsp3.o                  runtime/decsp3.s(8)
    decsp2.o                  runtime/decsp2.s(8)
    crt0.o                    /Users/thierry/Projects/Devel/cc65/asminc/zeropage.inc(11)
    addysp.o                  runtime/addysp.s(8)
    add.o                     runtime/add.s(12)
    enumdevdir.o              enumdevdir.s(10)
sreg (zeropage.o):
    lneg.o                    runtime/lneg.s(11)
    ltoa.o                    common/ltoa.s(11)
    lpush.o                   runtime/lpush.s(13)
    axlong.o                  runtime/axlong.s(9)
    _printf.o                 /Users/thierry/Projects/Devel/cc65/asminc/zeropage.inc(11)
    udiv.o                    runtime/udiv.s(10)
    initcwd.o                 cbm/initcwd.s(10)
stax0sp (staxsp.o):
    realloc.o                 ../libwrk/c64/realloc.s(194)
    opendir.o                 ../libwrk/c64/opendir.s(140)
staxysp (staxsp.o):
    realloc.o                 ../libwrk/c64/realloc.s(194)
    opendir.o                 ../libwrk/c64/opendir.s(140)
    enumdevdir.o              enumdevdir.s(512)
subeqysp (subeqsp.o):
    realloc.o                 ../libwrk/c64/realloc.s(194)
subysp (subysp.o):
    readdir.o                 ../libwrk/c64/readdir.s(254)
    opendir.o                 ../libwrk/c64/opendir.s(140)
    enumdevdir.o              enumdevdir.s(512)
    enumdevdir.o              enumdevdir.s(512)
tmp1 (zeropage.o):
    read.o                    cbm/read.s(13)
    mul.o                     runtime/mul.s(10)
    ltoa.o                    common/ltoa.s(11)
    incaxy.o                  runtime/incaxy.s(8)
    diskcmd.o                 cbm/diskcmd.s(15)
    dir.o                     /Users/thierry/Projects/Devel/cc65/asminc/zeropage.inc(13)
    _printf.o                 /Users/thierry/Projects/Devel/cc65/asminc/zeropage.inc(13)
    syschdir.o                cbm/syschdir.s(10)
    realloc.o                 ../libwrk/c64/realloc.s(11)
    readdir.o                 ../libwrk/c64/readdir.s(11)
    filename.o                cbm/filename.s(12)
    add.o                     runtime/add.s(12)
    enumdevdir.o              enumdevdir.s(11)
tmp2 (zeropage.o):
    rwcommon.o                cbm/rwcommon.s(10)
    read.o                    cbm/read.s(13)
    open.o                    cbm/open.s(15)
    close.o                   cbm/close.s(10)
    syschdir.o                cbm/syschdir.s(10)
    getdevice.o               cbm/getdevice.s(14)
tmp3 (zeropage.o):
    read.o                    cbm/read.s(13)
    open.o                    cbm/open.s(15)
tosaddax (add.o):
    enumdevdir.o              enumdevdir.s(512)
tosudiva0 (udiv.o):
    initcwd.o                 cbm/initcwd.s(9)
tosudivax (udiv.o):
    fwrite.o                  common/fwrite.s(12)
tosumula0 (mul8.o):
    enumdevdir.o              enumdevdir.s(512)
tosumulax (mul.o):
    fwrite.o                  common/fwrite.s(12)
unittab (filedes.o):
    read.o                    cbm/filedes.inc(8)
    open.o                    cbm/filedes.inc(8)
    close.o                   cbm/filedes.inc(8)
writefndiskcmd (diskcmd.o):
    scratch.o                 cbm/scratch.s(8)
    diskinit.o                cbm/diskinit.s(7)
zerobss (zerobss.o):
    crt0.o                    c64/crt0.s(9)

