Modules list:
-------------
fire.o:
    CODE              Offs=000000  Size=000502  Align=00001  Fill=0000
    RODATA            Offs=000000  Size=000065  Align=00001  Fill=0000
    BSS               Offs=000000  Size=00001C  Align=00001  Fill=0000
/opt/cc-6502/share/cc65/lib/c64.lib(_cursor.o):
    BSS               Offs=00001C  Size=000001  Align=00001  Fill=0000
/opt/cc-6502/share/cc65/lib/c64.lib(_hextab.o):
    RODATA            Offs=000065  Size=000010  Align=00001  Fill=0000
/opt/cc-6502/share/cc65/lib/c64.lib(_longminstr.o):
    RODATA            Offs=000075  Size=00000C  Align=00001  Fill=0000
/opt/cc-6502/share/cc65/lib/c64.lib(_printf.o):
    CODE              Offs=000502  Size=0003A5  Align=00001  Fill=0000
    BSS               Offs=00001D  Size=00002B  Align=00001  Fill=0000
    DATA              Offs=000000  Size=000003  Align=00001  Fill=0000
/opt/cc-6502/share/cc65/lib/c64.lib(addysp.o):
    CODE              Offs=0008A7  Size=00000E  Align=00001  Fill=0000
/opt/cc-6502/share/cc65/lib/c64.lib(axlong.o):
    CODE              Offs=0008B5  Size=00000D  Align=00001  Fill=0000
/opt/cc-6502/share/cc65/lib/c64.lib(bordercolor.o):
    CODE              Offs=0008C2  Size=000008  Align=00001  Fill=0000
/opt/cc-6502/share/cc65/lib/c64.lib(callmain.o):
    CODE              Offs=0008CA  Size=000017  Align=00001  Fill=0000
    DATA              Offs=000003  Size=000004  Align=00001  Fill=0000
/opt/cc-6502/share/cc65/lib/c64.lib(cgetc.o):
    CODE              Offs=0008E1  Size=000047  Align=00001  Fill=0000
/opt/cc-6502/share/cc65/lib/c64.lib(clock.o):
    CODE              Offs=000928  Size=00000A  Align=00001  Fill=0000
/opt/cc-6502/share/cc65/lib/c64.lib(clrscr.o):
/opt/cc-6502/share/cc65/lib/c64.lib(color.o):
    CODE              Offs=000932  Size=000010  Align=00001  Fill=0000
/opt/cc-6502/share/cc65/lib/c64.lib(condes.o):
    CODE              Offs=000942  Size=00000C  Align=00001  Fill=0000
    DATA              Offs=000007  Size=000025  Align=00001  Fill=0000
    ONCE              Offs=000000  Size=00000C  Align=00001  Fill=0000
/opt/cc-6502/share/cc65/lib/c64.lib(conio.o):
/opt/cc-6502/share/cc65/lib/c64.lib(cprintf.o):
    CODE              Offs=00094E  Size=00002A  Align=00001  Fill=0000
    BSS               Offs=000048  Size=000001  Align=00001  Fill=0000
/opt/cc-6502/share/cc65/lib/c64.lib(cputc.o):
    CODE              Offs=000978  Size=00006F  Align=00001  Fill=0000
/opt/cc-6502/share/cc65/lib/c64.lib(cputs.o):
    CODE              Offs=0009E7  Size=000023  Align=00001  Fill=0000
/opt/cc-6502/share/cc65/lib/c64.lib(crt0.o):
    STARTUP           Offs=000000  Size=000033  Align=00001  Fill=0000
    ONCE              Offs=00000C  Size=00001A  Align=00001  Fill=0000
    INIT              Offs=000000  Size=00001C  Align=00001  Fill=0000
/opt/cc-6502/share/cc65/lib/c64.lib(ctype.o):
    RODATA            Offs=000081  Size=000100  Align=00001  Fill=0000
/opt/cc-6502/share/cc65/lib/c64.lib(decsp2.o):
    CODE              Offs=000A0A  Size=00000D  Align=00001  Fill=0000
/opt/cc-6502/share/cc65/lib/c64.lib(decsp4.o):
    CODE              Offs=000A17  Size=00000D  Align=00001  Fill=0000
/opt/cc-6502/share/cc65/lib/c64.lib(decsp6.o):
    CODE              Offs=000A24  Size=00000D  Align=00001  Fill=0000
/opt/cc-6502/share/cc65/lib/c64.lib(exehdr.o):
    EXEHDR            Offs=000000  Size=00000C  Align=00001  Fill=0000
/opt/cc-6502/share/cc65/lib/c64.lib(gotoxy.o):
    CODE              Offs=000A31  Size=00000D  Align=00001  Fill=0000
/opt/cc-6502/share/cc65/lib/c64.lib(incsp2.o):
    CODE              Offs=000A3E  Size=000016  Align=00001  Fill=0000
/opt/cc-6502/share/cc65/lib/c64.lib(incsp6.o):
    CODE              Offs=000A54  Size=000005  Align=00001  Fill=0000
/opt/cc-6502/share/cc65/lib/c64.lib(incsp7.o):
    CODE              Offs=000A59  Size=000005  Align=00001  Fill=0000
/opt/cc-6502/share/cc65/lib/c64.lib(kbhit.o):
    CODE              Offs=000A5E  Size=000009  Align=00001  Fill=0000
/opt/cc-6502/share/cc65/lib/c64.lib(kernal.o):
/opt/cc-6502/share/cc65/lib/c64.lib(kplot.o):
    CODE              Offs=000A67  Size=00000B  Align=00001  Fill=0000
/opt/cc-6502/share/cc65/lib/c64.lib(laddeq.o):
    CODE              Offs=000A72  Size=00002D  Align=00001  Fill=0000
/opt/cc-6502/share/cc65/lib/c64.lib(lmul.o):
    CODE              Offs=000A9F  Size=00005C  Align=00001  Fill=0000
/opt/cc-6502/share/cc65/lib/c64.lib(lneg.o):
    CODE              Offs=000AFB  Size=00001E  Align=00001  Fill=0000
/opt/cc-6502/share/cc65/lib/c64.lib(loadaddr.o):
    LOADADDR          Offs=000000  Size=000002  Align=00001  Fill=0000
/opt/cc-6502/share/cc65/lib/c64.lib(lpush.o):
    CODE              Offs=000B19  Size=000021  Align=00001  Fill=0000
/opt/cc-6502/share/cc65/lib/c64.lib(lsub.o):
    CODE              Offs=000B3A  Size=000027  Align=00001  Fill=0000
/opt/cc-6502/share/cc65/lib/c64.lib(ltoa.o):
    CODE              Offs=000B61  Size=000095  Align=00001  Fill=0000
/opt/cc-6502/share/cc65/lib/c64.lib(ludiv.o):
    CODE              Offs=000BF6  Size=00007A  Align=00001  Fill=0000
/opt/cc-6502/share/cc65/lib/c64.lib(lumod.o):
    CODE              Offs=000C70  Size=000019  Align=00001  Fill=0000
/opt/cc-6502/share/cc65/lib/c64.lib(popa.o):
    CODE              Offs=000C89  Size=00000C  Align=00001  Fill=0000
/opt/cc-6502/share/cc65/lib/c64.lib(popptr1.o):
    CODE              Offs=000C95  Size=00000E  Align=00001  Fill=0000
/opt/cc-6502/share/cc65/lib/c64.lib(push1.o):
    CODE              Offs=000CA3  Size=000005  Align=00001  Fill=0000
/opt/cc-6502/share/cc65/lib/c64.lib(pusha.o):
    CODE              Offs=000CA8  Size=000016  Align=00001  Fill=0000
/opt/cc-6502/share/cc65/lib/c64.lib(pushax.o):
    CODE              Offs=000CBE  Size=00001A  Align=00001  Fill=0000
/opt/cc-6502/share/cc65/lib/c64.lib(shrax2.o):
    CODE              Offs=000CD8  Size=00000B  Align=00001  Fill=0000
/opt/cc-6502/share/cc65/lib/c64.lib(staspidx.o):
    CODE              Offs=000CE3  Size=000016  Align=00001  Fill=0000
/opt/cc-6502/share/cc65/lib/c64.lib(status.o):
/opt/cc-6502/share/cc65/lib/c64.lib(strlen.o):
    CODE              Offs=000CF9  Size=000016  Align=00001  Fill=0000
/opt/cc-6502/share/cc65/lib/c64.lib(strlower.o):
    CODE              Offs=000D0F  Size=000028  Align=00001  Fill=0000
/opt/cc-6502/share/cc65/lib/c64.lib(vcprintf.o):
    CODE              Offs=000D37  Size=00007A  Align=00001  Fill=0000
    DATA              Offs=00002C  Size=000008  Align=00001  Fill=0000
/opt/cc-6502/share/cc65/lib/c64.lib(zerobss.o):
    CODE              Offs=000DB1  Size=000023  Align=00001  Fill=0000
/opt/cc-6502/share/cc65/lib/c64.lib(zeropage.o):
    ZEROPAGE          Offs=000000  Size=00001A  Align=00001  Fill=0000


Segment list:
-------------
Name                   Start     End    Size  Align
----------------------------------------------------
ZEROPAGE              000002  00001B  00001A  00001
LOADADDR              0007FF  000800  000002  00001
EXEHDR                000801  00080C  00000C  00001
STARTUP               00080D  00083F  000033  00001
CODE                  000840  001613  000DD4  00001
RODATA                001614  001794  000181  00001
DATA                  001795  0017C8  000034  00001
INIT                  0017C9  0017E4  00001C  00001
BSS                   0017E5  00182D  000049  00001
ONCE                  0017E5  00180A  000026  00001


Exports list by name:
---------------------
BSOUT                     00FFD2 RLA    CURS_X                    0000D3 RLZ    
CURS_Y                    0000D6 RLZ    PLOT                      0012A7 RLA    
RDTIM                     00FFDE RLA    ST                        000090 RLZ    
__BSS_RUN__               0017E5 RLA    __BSS_SIZE__              000049 REA    
__CONSTRUCTOR_COUNT__     000000 REA    __CONSTRUCTOR_TABLE__     00180B RLA    
__DESTRUCTOR_COUNT__      000000 REA    __DESTRUCTOR_TABLE__      001795 RLA    
__EXEHDR__                000001 REA    __HEADER_LAST__           00080D RLA    
__HIMEM__                 00D000 REA    __LOADADDR__              000001 REA    
__MAIN_SIZE__             00C7F3 REA    __MAIN_START__            00080D RLA    
__ONCE_RUN__              0017E5 RLA    __STACKSIZE__             000800 REA    
__STARTUP__               000001 REA    __ctype                   001695 RLA    
__hextab                  001679 RLA    __longminstr              001689 RLA    
__printf                  000E35 RLA    _bgcolor                  00117A RLA    
_bordercolor              001102 RLA    _cgetc                    001121 RLA    
_clock                    001168 RLA    _clrscr                   00E544 REA    
_cprintf                  00118E RLA    _cputc                    0011BD RLA    
_cputsxy                  001227 RLA    _gotoxy                   001274 RLA    
_kbhit                    00129E RLA    _ltoa                     0013B9 RLA    
_main                     000A44 RLA    _strlen                   001539 RLA    
_strlower                 00154F RLA    _textcolor                001172 RLA    
_ultoa                    0013FA RLA    _vcprintf                 0015C1 RLA    
addysp                    0010E8 RLA    addysp1                   0010E7 RLA    
axlong                    0010F5 RLA    axulong                   0010FB RLA    
callmain                  00110A RLA    cursor                    001801 RLA    
decsp2                    00124A RLA    decsp4                    001257 RLA    
decsp6                    001264 RLA    donelib                   001182 RLA    
getlop                    001447 RLA    gotoxy                    001271 RLA    
incsp2                    001286 RLA    incsp6                    001294 RLA    
incsp7                    001299 RLA    initlib                   0017E5 RLA    
laddeqa                   0012B4 RLA    negeax                    00133B RLA    
plot                      001213 RLA    popa                      0014C9 RLA    
popax                     00127E RLA    popptr1                   0014D5 RLA    
ptr1                      00000A RLZ    ptr2                      00000C RLZ    
ptr3                      00000E RLZ    ptr4                      000010 RLZ    
push1                     0014E3 RLA    pusha                     0014EC RLA    
pusha0                    001500 RLA    pushax                    001502 RLA    
pusheax                   001362 RLA    regbank                   000016 RLZ    
shrax2                    001518 RLA    sp                        000002 RLZ    
sreg                      000004 RLZ    staspidx                  001523 RLA    
tmp1                      000012 RLZ    tmp2                      000013 RLZ    
tmp3                      000014 RLZ    tmp4                      000015 RLZ    
tossubeax                 001380 RLA    tosudiv0ax                001436 RLA    
tosudiveax                00143C RLA    tosumod0ax                0014B0 RLA    
tosumul0ax                0012DF RLA    udiv32                    00146B RLA    
zerobss                   0015F1 RLA    


Exports list by value:
----------------------
__DESTRUCTOR_COUNT__      000000 REA    __CONSTRUCTOR_COUNT__     000000 REA    
__LOADADDR__              000001 REA    __STARTUP__               000001 REA    
__EXEHDR__                000001 REA    sp                        000002 RLZ    
sreg                      000004 RLZ    ptr1                      00000A RLZ    
ptr2                      00000C RLZ    ptr3                      00000E RLZ    
ptr4                      000010 RLZ    tmp1                      000012 RLZ    
tmp2                      000013 RLZ    tmp3                      000014 RLZ    
tmp4                      000015 RLZ    regbank                   000016 RLZ    
__BSS_SIZE__              000049 REA    ST                        000090 RLZ    
CURS_X                    0000D3 RLZ    CURS_Y                    0000D6 RLZ    
__STACKSIZE__             000800 REA    __HEADER_LAST__           00080D RLA    
__MAIN_START__            00080D RLA    _main                     000A44 RLA    
__printf                  000E35 RLA    addysp1                   0010E7 RLA    
addysp                    0010E8 RLA    axlong                    0010F5 RLA    
axulong                   0010FB RLA    _bordercolor              001102 RLA    
callmain                  00110A RLA    _cgetc                    001121 RLA    
_clock                    001168 RLA    _textcolor                001172 RLA    
_bgcolor                  00117A RLA    donelib                   001182 RLA    
_cprintf                  00118E RLA    _cputc                    0011BD RLA    
plot                      001213 RLA    _cputsxy                  001227 RLA    
decsp2                    00124A RLA    decsp4                    001257 RLA    
decsp6                    001264 RLA    gotoxy                    001271 RLA    
_gotoxy                   001274 RLA    popax                     00127E RLA    
incsp2                    001286 RLA    incsp6                    001294 RLA    
incsp7                    001299 RLA    _kbhit                    00129E RLA    
PLOT                      0012A7 RLA    laddeqa                   0012B4 RLA    
tosumul0ax                0012DF RLA    negeax                    00133B RLA    
pusheax                   001362 RLA    tossubeax                 001380 RLA    
_ltoa                     0013B9 RLA    _ultoa                    0013FA RLA    
tosudiv0ax                001436 RLA    tosudiveax                00143C RLA    
getlop                    001447 RLA    udiv32                    00146B RLA    
tosumod0ax                0014B0 RLA    popa                      0014C9 RLA    
popptr1                   0014D5 RLA    push1                     0014E3 RLA    
pusha                     0014EC RLA    pusha0                    001500 RLA    
pushax                    001502 RLA    shrax2                    001518 RLA    
staspidx                  001523 RLA    _strlen                   001539 RLA    
_strlower                 00154F RLA    _vcprintf                 0015C1 RLA    
zerobss                   0015F1 RLA    __hextab                  001679 RLA    
__longminstr              001689 RLA    __ctype                   001695 RLA    
__DESTRUCTOR_TABLE__      001795 RLA    __ONCE_RUN__              0017E5 RLA    
initlib                   0017E5 RLA    __BSS_RUN__               0017E5 RLA    
cursor                    001801 RLA    __CONSTRUCTOR_TABLE__     00180B RLA    
__MAIN_SIZE__             00C7F3 REA    __HIMEM__                 00D000 REA    
_clrscr                   00E544 REA    BSOUT                     00FFD2 RLA    
RDTIM                     00FFDE RLA    


Imports list:
-------------
BSOUT (kernal.o):
    crt0.o                    c64/crt0.s(10)
CURS_X (conio.o):
    gotoxy.o                  cbm/gotoxy.s(9)
CURS_Y (conio.o):
    gotoxy.o                  cbm/gotoxy.s(9)
PLOT (kplot.o):
    cputc.o                   c64/cputc.s(11)
RDTIM (kernal.o):
    clock.o                   cbm/cbm.inc(40)
ST (status.o):
    crt0.o                    c64/crt0.s(13)
__BSS_RUN__ ([linker generated]):
    zerobss.o                 common/zerobss.s(8)
__BSS_SIZE__ ([linker generated]):
    zerobss.o                 common/zerobss.s(8)
__CONSTRUCTOR_COUNT__ ([linker generated]):
    condes.o                  runtime/condes.s(18)
__CONSTRUCTOR_TABLE__ ([linker generated]):
    condes.o                  runtime/condes.s(18)
__DESTRUCTOR_COUNT__ ([linker generated]):
    condes.o                  runtime/condes.s(19)
__DESTRUCTOR_TABLE__ ([linker generated]):
    condes.o                  runtime/condes.s(19)
__EXEHDR__ (exehdr.o):
    [linker generated]        /opt/cc-6502/share/cc65/cfg/c64.cfg(6)
__HEADER_LAST__ ([linker generated]):
    [linker generated]        /opt/cc-6502/share/cc65/cfg/c64.cfg(14)
    [linker generated]        /opt/cc-6502/share/cc65/cfg/c64.cfg(14)
__HIMEM__ ([linker generated]):
    [linker generated]        /opt/cc-6502/share/cc65/cfg/c64.cfg(15)
    [linker generated]        /opt/cc-6502/share/cc65/cfg/c64.cfg(14)
__LOADADDR__ (loadaddr.o):
    [linker generated]        /opt/cc-6502/share/cc65/cfg/c64.cfg(5)
__MAIN_SIZE__ ([linker generated]):
    crt0.o                    c64/crt0.s(11)
__MAIN_START__ ([linker generated]):
    crt0.o                    c64/crt0.s(11)
__ONCE_RUN__ ([linker generated]):
    [linker generated]        /opt/cc-6502/share/cc65/cfg/c64.cfg(15)
    [linker generated]        /opt/cc-6502/share/cc65/cfg/c64.cfg(15)
__STACKSIZE__ ([linker generated]):
    [linker generated]        /opt/cc-6502/share/cc65/cfg/c64.cfg(15)
__STARTUP__ (crt0.o):
    fire.o                    fire.s(27)
__ctype (ctype.o):
    strlower.o                common/strlower.s(13)
__hextab (_hextab.o):
    ltoa.o                    common/ltoa.s(10)
__longminstr (_longminstr.o):
    ltoa.o                    common/ltoa.s(10)
__printf (_printf.o):
    vcprintf.o                conio/vcprintf.s(9)
_bgcolor (color.o):
    fire.o                    fire.s(48)
_bordercolor (bordercolor.o):
    fire.o                    fire.s(49)
_cgetc (cgetc.o):
    fire.o                    fire.s(46)
_clock (clock.o):
    fire.o                    fire.s(39)
_clrscr (clrscr.o):
    fire.o                    fire.s(40)
_cprintf (cprintf.o):
    fire.o                    fire.s(45)
_cputc (cputc.o):
    vcprintf.o                conio/vcprintf.s(9)
    cputs.o                   conio/cputs.s(9)
    fire.o                    fire.s(43)
_cputsxy (cputs.o):
    fire.o                    fire.s(44)
_gotoxy (gotoxy.o):
    fire.o                    fire.s(42)
_kbhit (kbhit.o):
    fire.o                    fire.s(41)
_ltoa (ltoa.o):
    _printf.o                 common/_printf.s(12)
_main (fire.o):
    callmain.o                runtime/callmain.s(11)
_strlen (strlen.o):
    _printf.o                 common/_printf.s(13)
_strlower (strlower.o):
    _printf.o                 common/_printf.s(13)
_textcolor (color.o):
    fire.o                    fire.s(47)
_ultoa (ltoa.o):
    _printf.o                 common/_printf.s(12)
_vcprintf (vcprintf.o):
    cprintf.o                 conio/cprintf.s(8)
addysp (addysp.o):
    incsp7.o                  runtime/incsp7.s(8)
    incsp6.o                  runtime/incsp6.s(8)
    cprintf.o                 conio/cprintf.s(8)
addysp1 (addysp.o):
    ludiv.o                   runtime/ludiv.s(9)
    lsub.o                    runtime/lsub.s(11)
    lmul.o                    runtime/lmul.s(9)
axlong (axlong.o):
    _printf.o                 common/_printf.s(11)
axulong (axlong.o):
    _printf.o                 common/_printf.s(11)
callmain (callmain.o):
    crt0.o                    c64/crt0.s(9)
cursor (_cursor.o):
    cgetc.o                   c64/cgetc.s(8)
decsp2 (decsp2.o):
    fire.o                    fire.s(1099)
decsp4 (decsp4.o):
    lpush.o                   runtime/lpush.s(12)
decsp6 (decsp6.o):
    _printf.o                 common/_printf.s(11)
donelib (condes.o):
    crt0.o                    c64/crt0.s(8)
getlop (ludiv.o):
    lumod.o                   runtime/lumod.s(9)
gotoxy (gotoxy.o):
    cputs.o                   conio/cputs.s(9)
    cputc.o                   c64/cputc.s(10)
incsp2 (incsp2.o):
    popptr1.o                 runtime/popptr1.s(8)
    staspidx.o                runtime/staspidx.s(8)
incsp6 (incsp6.o):
    fire.o                    fire.s(1099)
incsp7 (incsp7.o):
    fire.o                    fire.s(1099)
initlib (condes.o):
    crt0.o                    c64/crt0.s(8)
laddeqa (laddeq.o):
    fire.o                    fire.s(1099)
negeax (lneg.o):
    ltoa.o                    common/ltoa.s(9)
plot (cputc.o):
    gotoxy.o                  cbm/gotoxy.s(8)
popa (popa.o):
    gotoxy.o                  cbm/gotoxy.s(8)
popax (incsp2.o):
    ltoa.o                    common/ltoa.s(9)
    _printf.o                 common/_printf.s(11)
    vcprintf.o                conio/vcprintf.s(8)
popptr1 (popptr1.o):
    ltoa.o                    common/ltoa.s(9)
    vcprintf.o                conio/vcprintf.s(8)
ptr1 (zeropage.o):
    strlower.o                common/strlower.s(14)
    popptr1.o                 runtime/popptr1.s(9)
    ltoa.o                    common/ltoa.s(11)
    _printf.o                 /Users/thierry/Projects/Devel/cc65/asminc/zeropage.inc(12)
    zerobss.o                 common/zerobss.s(9)
    vcprintf.o                conio/vcprintf.s(10)
    staspidx.o                runtime/staspidx.s(9)
    ludiv.o                   runtime/ludiv.s(10)
    lmul.o                    runtime/lmul.s(10)
    laddeq.o                  runtime/laddeq.s(12)
    cputs.o                   conio/cputs.s(10)
    cprintf.o                 conio/cprintf.s(9)
    fire.o                    fire.s(11)
ptr2 (zeropage.o):
    strlower.o                common/strlower.s(14)
    strlen.o                  common/strlen.s(12)
    ltoa.o                    common/ltoa.s(11)
    _printf.o                 /Users/thierry/Projects/Devel/cc65/asminc/zeropage.inc(12)
    vcprintf.o                conio/vcprintf.s(10)
    lumod.o                   runtime/lumod.s(10)
    ludiv.o                   runtime/ludiv.s(10)
ptr3 (zeropage.o):
    ltoa.o                    common/ltoa.s(11)
    vcprintf.o                conio/vcprintf.s(10)
    ludiv.o                   runtime/ludiv.s(10)
    lmul.o                    runtime/lmul.s(10)
ptr4 (zeropage.o):
    ludiv.o                   runtime/ludiv.s(10)
    lmul.o                    runtime/lmul.s(10)
push1 (push1.o):
    _printf.o                 common/_printf.s(11)
pusha (pusha.o):
    fire.o                    fire.s(1099)
    fire.o                    fire.s(1099)
    fire.o                    fire.s(1099)
pusha0 (pushax.o):
    push1.o                   runtime/push1.s(8)
pushax (pushax.o):
    callmain.o                runtime/callmain.s(11)
    _printf.o                 common/_printf.s(11)
    vcprintf.o                conio/vcprintf.s(8)
    cprintf.o                 conio/cprintf.s(8)
    fire.o                    fire.s(1099)
    fire.o                    fire.s(1099)
    fire.o                    fire.s(1099)
pusheax (lpush.o):
    _printf.o                 common/_printf.s(11)
    fire.o                    fire.s(1099)
regbank (zeropage.o):
    _printf.o                 /Users/thierry/Projects/Devel/cc65/asminc/zeropage.inc(14)
    fire.o                    fire.s(10)
shrax2 (shrax2.o):
    fire.o                    fire.s(1099)
sp (zeropage.o):
    popptr1.o                 runtime/popptr1.s(9)
    incsp2.o                  runtime/incsp2.s(8)
    decsp6.o                  runtime/decsp6.s(8)
    decsp4.o                  runtime/decsp4.s(8)
    addysp.o                  runtime/addysp.s(8)
    _printf.o                 /Users/thierry/Projects/Devel/cc65/asminc/zeropage.inc(11)
    vcprintf.o                conio/vcprintf.s(10)
    staspidx.o                runtime/staspidx.s(9)
    pushax.o                  runtime/pushax.s(8)
    pusha.o                   runtime/pusha.s(8)
    popa.o                    runtime/popa.s(8)
    ludiv.o                   runtime/ludiv.s(10)
    lsub.o                    runtime/lsub.s(12)
    lpush.o                   runtime/lpush.s(13)
    lmul.o                    runtime/lmul.s(10)
    decsp2.o                  runtime/decsp2.s(8)
    crt0.o                    /Users/thierry/Projects/Devel/cc65/asminc/zeropage.inc(11)
    cprintf.o                 conio/cprintf.s(9)
    fire.o                    fire.s(10)
sreg (zeropage.o):
    lneg.o                    runtime/lneg.s(11)
    ltoa.o                    common/ltoa.s(11)
    axlong.o                  runtime/axlong.s(9)
    _printf.o                 /Users/thierry/Projects/Devel/cc65/asminc/zeropage.inc(11)
    lumod.o                   runtime/lumod.s(10)
    ludiv.o                   runtime/ludiv.s(10)
    lsub.o                    runtime/lsub.s(12)
    lpush.o                   runtime/lpush.s(13)
    lmul.o                    runtime/lmul.s(10)
    laddeq.o                  runtime/laddeq.s(12)
    clock.o                   cbm/clock.s(10)
    fire.o                    fire.s(10)
staspidx (staspidx.o):
    fire.o                    fire.s(1099)
tmp1 (zeropage.o):
    ltoa.o                    common/ltoa.s(11)
    _printf.o                 /Users/thierry/Projects/Devel/cc65/asminc/zeropage.inc(13)
    vcprintf.o                conio/vcprintf.s(10)
    staspidx.o                runtime/staspidx.s(9)
    shrax2.o                  runtime/shrax2.s(8)
    cputs.o                   conio/cputs.s(10)
    fire.o                    fire.s(11)
tmp2 (zeropage.o):
    lmul.o                    runtime/lmul.s(10)
tmp3 (zeropage.o):
    lumod.o                   runtime/lumod.s(10)
    ludiv.o                   runtime/ludiv.s(10)
    lmul.o                    runtime/lmul.s(10)
tmp4 (zeropage.o):
    lumod.o                   runtime/lumod.s(10)
    ludiv.o                   runtime/ludiv.s(10)
    lmul.o                    runtime/lmul.s(10)
tossubeax (lsub.o):
    fire.o                    fire.s(1099)
tosudiv0ax (ludiv.o):
    fire.o                    fire.s(1099)
tosudiveax (ludiv.o):
    fire.o                    fire.s(1099)
tosumod0ax (lumod.o):
    fire.o                    fire.s(1099)
tosumul0ax (lmul.o):
    fire.o                    fire.s(1099)
udiv32 (ludiv.o):
    lumod.o                   runtime/lumod.s(9)
zerobss (zerobss.o):
    crt0.o                    c64/crt0.s(9)

