Modules list:
-------------
mandelbrot.o:
    CODE              Offs=000000  Size=0003C2  Align=00001  Fill=0000
    RODATA            Offs=000000  Size=000075  Align=00001  Fill=0000
    BSS               Offs=000000  Size=000019  Align=00001  Fill=0000
/opt/cc-6502/share/cc65/lib/c64.lib(_cursor.o):
    BSS               Offs=000019  Size=000001  Align=00001  Fill=0000
/opt/cc-6502/share/cc65/lib/c64.lib(_directerrno.o):
    CODE              Offs=0003C2  Size=00000A  Align=00001  Fill=0000
/opt/cc-6502/share/cc65/lib/c64.lib(_heap.o):
    DATA              Offs=000000  Size=00000A  Align=00001  Fill=0000
    ONCE              Offs=000000  Size=000010  Align=00001  Fill=0000
/opt/cc-6502/share/cc65/lib/c64.lib(_hextab.o):
    RODATA            Offs=000075  Size=000010  Align=00001  Fill=0000
/opt/cc-6502/share/cc65/lib/c64.lib(_longminstr.o):
    RODATA            Offs=000085  Size=00000C  Align=00001  Fill=0000
/opt/cc-6502/share/cc65/lib/c64.lib(_mappederrno.o):
    CODE              Offs=0003CC  Size=000010  Align=00001  Fill=0000
/opt/cc-6502/share/cc65/lib/c64.lib(_oserror.o):
    BSS               Offs=00001A  Size=000001  Align=00001  Fill=0000
/opt/cc-6502/share/cc65/lib/c64.lib(_printf.o):
    CODE              Offs=0003DC  Size=0003A5  Align=00001  Fill=0000
    BSS               Offs=00001B  Size=00002B  Align=00001  Fill=0000
    DATA              Offs=00000A  Size=000003  Align=00001  Fill=0000
/opt/cc-6502/share/cc65/lib/c64.lib(_seterrno.o):
    CODE              Offs=000781  Size=000009  Align=00001  Fill=0000
/opt/cc-6502/share/cc65/lib/c64.lib(addysp.o):
    CODE              Offs=00078A  Size=00000E  Align=00001  Fill=0000
/opt/cc-6502/share/cc65/lib/c64.lib(asreax1.o):
    CODE              Offs=000798  Size=000010  Align=00001  Fill=0000
/opt/cc-6502/share/cc65/lib/c64.lib(asreax2.o):
    CODE              Offs=0007A8  Size=000019  Align=00001  Fill=0000
/opt/cc-6502/share/cc65/lib/c64.lib(axlong.o):
    CODE              Offs=0007C1  Size=00000D  Align=00001  Fill=0000
/opt/cc-6502/share/cc65/lib/c64.lib(callmain.o):
    CODE              Offs=0007CE  Size=000017  Align=00001  Fill=0000
    DATA              Offs=00000D  Size=000004  Align=00001  Fill=0000
/opt/cc-6502/share/cc65/lib/c64.lib(cgetc.o):
    CODE              Offs=0007E5  Size=000047  Align=00001  Fill=0000
/opt/cc-6502/share/cc65/lib/c64.lib(clock.o):
    CODE              Offs=00082C  Size=00000A  Align=00001  Fill=0000
/opt/cc-6502/share/cc65/lib/c64.lib(close.o):
    CODE              Offs=000836  Size=000038  Align=00001  Fill=0000
/opt/cc-6502/share/cc65/lib/c64.lib(clrscr.o):
/opt/cc-6502/share/cc65/lib/c64.lib(condes.o):
    CODE              Offs=00086E  Size=00000C  Align=00001  Fill=0000
    DATA              Offs=000011  Size=000025  Align=00001  Fill=0000
    ONCE              Offs=000010  Size=00000C  Align=00001  Fill=0000
/opt/cc-6502/share/cc65/lib/c64.lib(conio.o):
/opt/cc-6502/share/cc65/lib/c64.lib(cprintf.o):
    CODE              Offs=00087A  Size=00002A  Align=00001  Fill=0000
    BSS               Offs=000046  Size=000001  Align=00001  Fill=0000
/opt/cc-6502/share/cc65/lib/c64.lib(cputc.o):
    CODE              Offs=0008A4  Size=00006F  Align=00001  Fill=0000
/opt/cc-6502/share/cc65/lib/c64.lib(cputs.o):
    CODE              Offs=000913  Size=000023  Align=00001  Fill=0000
/opt/cc-6502/share/cc65/lib/c64.lib(crt0.o):
    STARTUP           Offs=000000  Size=000033  Align=00001  Fill=0000
    ONCE              Offs=00001C  Size=00001A  Align=00001  Fill=0000
    INIT              Offs=000000  Size=00001C  Align=00001  Fill=0000
/opt/cc-6502/share/cc65/lib/c64.lib(ctype.o):
    RODATA            Offs=000091  Size=000100  Align=00001  Fill=0000
/opt/cc-6502/share/cc65/lib/c64.lib(decax1.o):
    CODE              Offs=000936  Size=000007  Align=00001  Fill=0000
/opt/cc-6502/share/cc65/lib/c64.lib(decsp4.o):
    CODE              Offs=00093D  Size=00000D  Align=00001  Fill=0000
/opt/cc-6502/share/cc65/lib/c64.lib(decsp6.o):
    CODE              Offs=00094A  Size=00000D  Align=00001  Fill=0000
/opt/cc-6502/share/cc65/lib/c64.lib(devnum.o):
/opt/cc-6502/share/cc65/lib/c64.lib(diskcmd.o):
    CODE              Offs=000957  Size=0000C4  Align=00001  Fill=0000
    BSS               Offs=000047  Size=000017  Align=00001  Fill=0000
/opt/cc-6502/share/cc65/lib/c64.lib(doesclrscr.o):
/opt/cc-6502/share/cc65/lib/c64.lib(errno.o):
    BSS               Offs=00005E  Size=000002  Align=00001  Fill=0000
/opt/cc-6502/share/cc65/lib/c64.lib(exehdr.o):
    EXEHDR            Offs=000000  Size=00000C  Align=00001  Fill=0000
/opt/cc-6502/share/cc65/lib/c64.lib(filedes.o):
    CODE              Offs=000A1B  Size=00000E  Align=00001  Fill=0000
    DATA              Offs=000036  Size=000010  Align=00001  Fill=0000
/opt/cc-6502/share/cc65/lib/c64.lib(filename.o):
    CODE              Offs=000A29  Size=0000A0  Align=00001  Fill=0000
    BSS               Offs=000060  Size=000003  Align=00001  Fill=0000
    DATA              Offs=000046  Size=000024  Align=00001  Fill=0000
/opt/cc-6502/share/cc65/lib/c64.lib(filetype.o):
    DATA              Offs=00006A  Size=000001  Align=00001  Fill=0000
/opt/cc-6502/share/cc65/lib/c64.lib(filevars.o):
    INIT              Offs=00001C  Size=000001  Align=00001  Fill=0000
    ONCE              Offs=000036  Size=00000C  Align=00001  Fill=0000
/opt/cc-6502/share/cc65/lib/c64.lib(free.o):
    CODE              Offs=000AC9  Size=0001D3  Align=00001  Fill=0000
/opt/cc-6502/share/cc65/lib/c64.lib(gotoxy.o):
    CODE              Offs=000C9C  Size=00000D  Align=00001  Fill=0000
/opt/cc-6502/share/cc65/lib/c64.lib(icmp.o):
    CODE              Offs=000CA9  Size=00002E  Align=00001  Fill=0000
/opt/cc-6502/share/cc65/lib/c64.lib(incsp2.o):
    CODE              Offs=000CD7  Size=000016  Align=00001  Fill=0000
/opt/cc-6502/share/cc65/lib/c64.lib(kernal.o):
/opt/cc-6502/share/cc65/lib/c64.lib(kplot.o):
    CODE              Offs=000CED  Size=00000B  Align=00001  Fill=0000
/opt/cc-6502/share/cc65/lib/c64.lib(ladd.o):
    CODE              Offs=000CF8  Size=000025  Align=00001  Fill=0000
/opt/cc-6502/share/cc65/lib/c64.lib(libref.o):
/opt/cc-6502/share/cc65/lib/c64.lib(lmul.o):
    CODE              Offs=000D1D  Size=00005C  Align=00001  Fill=0000
/opt/cc-6502/share/cc65/lib/c64.lib(lneg.o):
    CODE              Offs=000D79  Size=00001E  Align=00001  Fill=0000
/opt/cc-6502/share/cc65/lib/c64.lib(loadaddr.o):
    LOADADDR          Offs=000000  Size=000002  Align=00001  Fill=0000
/opt/cc-6502/share/cc65/lib/c64.lib(lpush.o):
    CODE              Offs=000D97  Size=000021  Align=00001  Fill=0000
/opt/cc-6502/share/cc65/lib/c64.lib(lsub.o):
    CODE              Offs=000DB8  Size=000027  Align=00001  Fill=0000
/opt/cc-6502/share/cc65/lib/c64.lib(ltoa.o):
    CODE              Offs=000DDF  Size=000095  Align=00001  Fill=0000
/opt/cc-6502/share/cc65/lib/c64.lib(ludiv.o):
    CODE              Offs=000E74  Size=00007A  Align=00001  Fill=0000
/opt/cc-6502/share/cc65/lib/c64.lib(lumod.o):
    CODE              Offs=000EEE  Size=000019  Align=00001  Fill=0000
/opt/cc-6502/share/cc65/lib/c64.lib(malloc.o):
    CODE              Offs=000F07  Size=00010E  Align=00001  Fill=0000
/opt/cc-6502/share/cc65/lib/c64.lib(memset.o):
    CODE              Offs=001015  Size=00005D  Align=00001  Fill=0000
/opt/cc-6502/share/cc65/lib/c64.lib(modfree.o):
/opt/cc-6502/share/cc65/lib/c64.lib(modload.o):
    CODE              Offs=001072  Size=000205  Align=00001  Fill=0000
    RODATA            Offs=000191  Size=000008  Align=00001  Fill=0000
    BSS               Offs=000063  Size=000023  Align=00001  Fill=0000
    DATA              Offs=00006B  Size=000003  Align=00001  Fill=0000
/opt/cc-6502/share/cc65/lib/c64.lib(negabs.o):
    CODE              Offs=001277  Size=000012  Align=00001  Fill=0000
/opt/cc-6502/share/cc65/lib/c64.lib(open.o):
    CODE              Offs=001289  Size=0000BE  Align=00001  Fill=0000
/opt/cc-6502/share/cc65/lib/c64.lib(oserror.o):
    CODE              Offs=001347  Size=000016  Align=00001  Fill=0000
    RODATA            Offs=000199  Size=00005A  Align=00001  Fill=0000
/opt/cc-6502/share/cc65/lib/c64.lib(popa.o):
    CODE              Offs=00135D  Size=00000C  Align=00001  Fill=0000
/opt/cc-6502/share/cc65/lib/c64.lib(popptr1.o):
    CODE              Offs=001369  Size=00000E  Align=00001  Fill=0000
/opt/cc-6502/share/cc65/lib/c64.lib(push1.o):
    CODE              Offs=001377  Size=000005  Align=00001  Fill=0000
/opt/cc-6502/share/cc65/lib/c64.lib(pusha.o):
    CODE              Offs=00137C  Size=000016  Align=00001  Fill=0000
/opt/cc-6502/share/cc65/lib/c64.lib(pushax.o):
    CODE              Offs=001392  Size=00001A  Align=00001  Fill=0000
/opt/cc-6502/share/cc65/lib/c64.lib(read.o):
    CODE              Offs=0013AC  Size=00007E  Align=00001  Fill=0000
    BSS               Offs=000086  Size=000001  Align=00001  Fill=0000
    ONCE              Offs=000042  Size=00000C  Align=00001  Fill=0000
/opt/cc-6502/share/cc65/lib/c64.lib(return0.o):
    CODE              Offs=00142A  Size=000004  Align=00001  Fill=0000
/opt/cc-6502/share/cc65/lib/c64.lib(rwcommon.o):
    CODE              Offs=00142E  Size=00001C  Align=00001  Fill=0000
/opt/cc-6502/share/cc65/lib/c64.lib(scratch.o):
    CODE              Offs=00144A  Size=000019  Align=00001  Fill=0000
/opt/cc-6502/share/cc65/lib/c64.lib(status.o):
/opt/cc-6502/share/cc65/lib/c64.lib(strlen.o):
    CODE              Offs=001463  Size=000016  Align=00001  Fill=0000
/opt/cc-6502/share/cc65/lib/c64.lib(strlower.o):
    CODE              Offs=001479  Size=000028  Align=00001  Fill=0000
/opt/cc-6502/share/cc65/lib/c64.lib(tgi-kernel.o):
    CODE              Offs=0014A1  Size=00007F  Align=00001  Fill=0000
    RODATA            Offs=0001F3  Size=000004  Align=00001  Fill=0000
    BSS               Offs=000087  Size=000028  Align=00001  Fill=0000
    DATA              Offs=00006E  Size=000039  Align=00001  Fill=0000
/opt/cc-6502/share/cc65/lib/c64.lib(tgi_clear.o):
/opt/cc-6502/share/cc65/lib/c64.lib(tgi_colors.o):
/opt/cc-6502/share/cc65/lib/c64.lib(tgi_done.o):
    CODE              Offs=001520  Size=00000E  Align=00001  Fill=0000
/opt/cc-6502/share/cc65/lib/c64.lib(tgi_getcolorcount.o):
    CODE              Offs=00152E  Size=000006  Align=00001  Fill=0000
/opt/cc-6502/share/cc65/lib/c64.lib(tgi_geterror.o):
    CODE              Offs=001534  Size=000017  Align=00001  Fill=0000
/opt/cc-6502/share/cc65/lib/c64.lib(tgi_geterrormsg.o):
    CODE              Offs=00154B  Size=000013  Align=00001  Fill=0000
    RODATA            Offs=0001F7  Size=0000E7  Align=00001  Fill=0000
/opt/cc-6502/share/cc65/lib/c64.lib(tgi_getset.o):
    CODE              Offs=00155E  Size=00001F  Align=00001  Fill=0000
/opt/cc-6502/share/cc65/lib/c64.lib(tgi_getxres.o):
    CODE              Offs=00157D  Size=000007  Align=00001  Fill=0000
/opt/cc-6502/share/cc65/lib/c64.lib(tgi_getyres.o):
    CODE              Offs=001584  Size=000007  Align=00001  Fill=0000
/opt/cc-6502/share/cc65/lib/c64.lib(tgi_init.o):
    CODE              Offs=00158B  Size=000058  Align=00001  Fill=0000
/opt/cc-6502/share/cc65/lib/c64.lib(tgi_load.o):
    CODE              Offs=0015E3  Size=000058  Align=00001  Fill=0000
    DATA              Offs=0000A7  Size=00000A  Align=00001  Fill=0000
/opt/cc-6502/share/cc65/lib/c64.lib(tgi_popxy.o):
    CODE              Offs=00163B  Size=000007  Align=00001  Fill=0000
/opt/cc-6502/share/cc65/lib/c64.lib(tgi_setcolor.o):
    CODE              Offs=001642  Size=00000E  Align=00001  Fill=0000
/opt/cc-6502/share/cc65/lib/c64.lib(tgi_setpixel.o):
    CODE              Offs=001650  Size=000009  Align=00001  Fill=0000
/opt/cc-6502/share/cc65/lib/c64.lib(tgi_settextstyle.o):
    CODE              Offs=001659  Size=000044  Align=00001  Fill=0000
/opt/cc-6502/share/cc65/lib/c64.lib(tgi_stddrv.o):
    RODATA            Offs=0002DE  Size=00000B  Align=00001  Fill=0000
/opt/cc-6502/share/cc65/lib/c64.lib(udiv.o):
    CODE              Offs=00169D  Size=00004F  Align=00001  Fill=0000
/opt/cc-6502/share/cc65/lib/c64.lib(umod.o):
    CODE              Offs=0016EC  Size=000011  Align=00001  Fill=0000
/opt/cc-6502/share/cc65/lib/c64.lib(umul8x16r24.o):
    CODE              Offs=0016FD  Size=00002E  Align=00001  Fill=0000
/opt/cc-6502/share/cc65/lib/c64.lib(vcprintf.o):
    CODE              Offs=00172B  Size=00007A  Align=00001  Fill=0000
    DATA              Offs=0000B1  Size=000008  Align=00001  Fill=0000
/opt/cc-6502/share/cc65/lib/c64.lib(zerobss.o):
    CODE              Offs=0017A5  Size=000023  Align=00001  Fill=0000
/opt/cc-6502/share/cc65/lib/c64.lib(zeropage.o):
    ZEROPAGE          Offs=000000  Size=00001A  Align=00001  Fill=0000


Segment list:
-------------
Name                   Start     End    Size  Align
----------------------------------------------------
ZEROPAGE              000002  00001B  00001A  00001
LOADADDR              0007FF  000800  000002  00001
EXEHDR                000801  00080C  00000C  00001
STARTUP               00080D  00083F  000033  00001
CODE                  000840  002007  0017C8  00001
RODATA                002008  0022F2  0002EB  00001
DATA                  0022F3  0023AB  0000B9  00001
INIT                  0023AC  0023C8  00001D  00001
BSS                   0023C9  002477  0000AF  00001
ONCE                  0023C9  00241C  000054  00001


Exports list by name:
---------------------
BASIN                     00FFCF RLA    BSOUT                     00FFD2 RLA    
CHKIN                     00FFC6 RLA    CKOUT                     00FFC9 RLA    
CLOSE                     00FFC3 RLA    CLRCH                     00FFCC RLA    
CURS_X                    0000D3 RLZ    CURS_Y                    0000D6 RLZ    
OPEN                      00FFC0 RLA    PLOT                      00152D RLA    
RDTIM                     00FFDE RLA    READST                    00FFB7 RLA    
SETLFS                    00FFBA RLA    SETNAM                    00FFBD RLA    
ST                        000090 RLZ    __BSS_RUN__               0023C9 RLA    
__BSS_SIZE__              0000AF REA    __CONSTRUCTOR_COUNT__     000003 REA    
__CONSTRUCTOR_TABLE__     002417 RLA    __DESTRUCTOR_COUNT__      000001 REA    
__DESTRUCTOR_TABLE__      0022F1 RLA    __EXEHDR__                000001 REA    
__HEADER_LAST__           00080D RLA    __HIMEM__                 00D000 REA    
__LOADADDR__              000001 REA    __MAIN_SIZE__             00C7F3 REA    
__MAIN_START__            00080D RLA    __ONCE_RUN__              0023C9 RLA    
__STACKSIZE__             000800 REA    __STARTUP__               000001 REA    
__ZP_START__              000002 RLA    __ctype                   002099 RLA    
__directerrno             000C02 RLA    __errno                   002427 RLA    
__filetype                00235D RLA    __heapend                 0022F7 RLA    
__heapfirst               0022F9 RLA    __heaplast                0022FB RLA    
__heapptr                 0022F5 RLA    __hextab                  00207D RLA    
__longminstr              00208D RLA    __mappederrno             000C0C RLA    
__oserror                 0023E3 RLA    __osmaperrno              001B87 RLA    
__printf                  000D0F RLA    __seterrno                000FC1 RLA    
_abs                      001AB7 RLA    _bzero                    001855 RLA    
_cgetc                    001025 RLA    _clock                    00106C RLA    
_close                    001076 RLA    _clrscr                   00E544 REA    
_cprintf                  0010BA RLA    _cputc                    0010E9 RLA    
_cputs                    00115D RLA    _doesclrscrafterexit      001C6A REA    
_exit                     000825 RLA    _free                     001309 RLA    
_ltoa                     001637 RLA    _main                     000A7F RLA    
_malloc                   001747 RLA    _mod_free                 001309 REA    
_mod_load                 00198D RLA    _open                     001ADD RLA    
_read                     001BEC RLA    _strlen                   001CA3 RLA    
_strlower                 001CB9 RLA    _tgi_clear                002373 REA    
_tgi_color                002458 RLA    _tgi_colorcount           002471 RLA    
_tgi_done                 001D60 RLA    _tgi_drv                  002450 RLA    
_tgi_error                002452 RLA    _tgi_flags                002477 RLA    
_tgi_font                 002459 RLA    _tgi_fontheight           002474 RLA    
_tgi_fontwidth            002473 RLA    _tgi_getcolorcount        001D6E RLA    
_tgi_geterror             001D74 RLA    _tgi_geterrormsg          001D8B RLA    
_tgi_getxres              001DBD RLA    _tgi_getyres              001DC4 RLA    
_tgi_gmode                002453 RLA    _tgi_init                 001DCB RLA    
_tgi_install              001CE1 RLA    _tgi_load_driver          001E23 RLA    
_tgi_setcolor             001E82 RLA    _tgi_setpixel             001E90 RLA    
_tgi_settextstyle         001E99 RLA    _tgi_stddrv               0022E6 RLA    
_tgi_textdir              00245A RLA    _tgi_textscalew           00245D RLA    
_tgi_xmax                 002469 RLA    _tgi_xres                 00246D RLA    
_tgi_ymax                 00246B RLA    _tgi_yres                 00246F RLA    
_ultoa                    001678 RLA    _vcprintf                 001FB5 RLA    
addysp                    000FCB RLA    addysp1                   000FCA RLA    
asreax1                   000FD8 RLA    asreax2                   000FE8 RLA    
axlong                    001001 RLA    axulong                   001007 RLA    
callmain                  00100E RLA    closeallfiles             001AC9  LAI   
closecmdchannel           0011CD RLA    cursor                    0023E2 RLA    
curunit                   0023C8 RLA    decax1                    001176 RLA    
decsp4                    00117D RLA    decsp6                    00118A RLA    
devnum                    0000BA RLZ    donelib                   0010AE RLA    
fdtab                     002329 RLA    fnaddmode                 0012F8 RLA    
fncmd                     002339 RLA    fncomplete                0012F0 RLA    
fnisfile                  00242B RLA    fnlen                     00242A RLA    
fnparse                   001284 RLA    fnset                     0012E6 RLA    
fnunit                    002429 RLA    freefd                    00125B RLA    
getlop                    0016C5 RLA    gotoxy                    0014DC RLA    
incsp2                    00151F RLA    initcurunit               0023FF  LAI   
initheap                  0023C9  LAI   initlib                   0023D9 RLA    
initstdin                 00240B  LAI   negeax                    0015B9 RLA    
opencmdchannel            0011A0 RLA    plot                      00113F RLA    
popa                      001B9D RLA    popax                     001517 RLA    
popptr1                   001BA9 RLA    ptr1                      00000A RLZ    
ptr2                      00000C RLZ    ptr3                      00000E RLZ    
ptr4                      000010 RLZ    push1                     001BB7 RLA    
pusha                     001BC0 RLA    pusha0                    001BD4 RLA    
pushax                    001BD6 RLA    pusheax                   0015E0 RLA    
readdiskerror             0011E8 RLA    regbank                   000016 RLZ    
return0                   001C6A RLA    rwcommon                  001C6E RLA    
scratch                   001C8A RLA    sp                        000002 RLZ    
sreg                      000004 RLZ    tgi_clear                 002373 RLA    
tgi_clear_ptr             001D54 RLA    tgi_color_white           000001 REZ    
tgi_done                  00236A RLA    tgi_getdefpalette         002385 RLA    
tgi_geterror              00236D RLA    tgi_getset                001D9E RLA    
tgi_init                  002367 RLA    tgi_inv_arg               001D37 RLA    
tgi_libref                000825 RLA    tgi_popxy                 001E7B RLA    
tgi_setcolor              00237C RLA    tgi_setdrawpage           002379 RLA    
tgi_setpalette            00237F RLA    tgi_setpixel              002388 RLA    
tgi_setviewpage           002376 RLA    tmp1                      000012 RLZ    
tmp2                      000013 RLZ    tmp3                      000014 RLZ    
tmp4                      000015 RLZ    tosaddeax                 00153E RLA    
tosicmp                   0014EB RLA    tosmuleax                 001563 RLA    
tossubeax                 0015FE RLA    tosudiv0ax                0016B4 RLA    
tosudivax                 001EDF RLA    tosumod0ax                00172E RLA    
tosumodax                 001F2E RLA    tosumul0ax                00155D RLA    
udiv16                    001EEE RLA    udiv32                    0016E9 RLA    
umul8x16r24               001F3D RLA    unittab                   002331 RLA    
writefndiskcmd            001220 RLA    zerobss                   001FE5 RLA    



Exports list by value:
----------------------
__EXEHDR__                000001 REA    __LOADADDR__              000001 REA    
__DESTRUCTOR_COUNT__      000001 REA    __STARTUP__               000001 REA    
tgi_color_white           000001 REZ    __ZP_START__              000002 RLA    
sp                        000002 RLZ    __CONSTRUCTOR_COUNT__     000003 REA    
sreg                      000004 RLZ    ptr1                      00000A RLZ    
ptr2                      00000C RLZ    ptr3                      00000E RLZ    
ptr4                      000010 RLZ    tmp1                      000012 RLZ    
tmp2                      000013 RLZ    tmp3                      000014 RLZ    
tmp4                      000015 RLZ    regbank                   000016 RLZ    
ST                        000090 RLZ    __BSS_SIZE__              0000AF REA    
devnum                    0000BA RLZ    CURS_X                    0000D3 RLZ    
CURS_Y                    0000D6 RLZ    __STACKSIZE__             000800 REA    
__HEADER_LAST__           00080D RLA    __MAIN_START__            00080D RLA    
_exit                     000825 RLA    tgi_libref                000825 RLA    
_main                     000A7F RLA    __directerrno             000C02 RLA    
__mappederrno             000C0C RLA    __printf                  000D0F RLA    
__seterrno                000FC1 RLA    addysp1                   000FCA RLA    
addysp                    000FCB RLA    asreax1                   000FD8 RLA    
asreax2                   000FE8 RLA    axlong                    001001 RLA    
axulong                   001007 RLA    callmain                  00100E RLA    
_cgetc                    001025 RLA    _clock                    00106C RLA    
_close                    001076 RLA    donelib                   0010AE RLA    
_cprintf                  0010BA RLA    _cputc                    0010E9 RLA    
plot                      00113F RLA    _cputs                    00115D RLA    
decax1                    001176 RLA    decsp4                    00117D RLA    
decsp6                    00118A RLA    opencmdchannel            0011A0 RLA    
closecmdchannel           0011CD RLA    readdiskerror             0011E8 RLA    
writefndiskcmd            001220 RLA    freefd                    00125B RLA    
fnparse                   001284 RLA    fnset                     0012E6 RLA    
fncomplete                0012F0 RLA    fnaddmode                 0012F8 RLA    
_mod_free                 001309 REA    _free                     001309 RLA    
gotoxy                    0014DC RLA    tosicmp                   0014EB RLA    
popax                     001517 RLA    incsp2                    00151F RLA    
PLOT                      00152D RLA    tosaddeax                 00153E RLA    
tosumul0ax                00155D RLA    tosmuleax                 001563 RLA    
negeax                    0015B9 RLA    pusheax                   0015E0 RLA    
tossubeax                 0015FE RLA    _ltoa                     001637 RLA    
_ultoa                    001678 RLA    tosudiv0ax                0016B4 RLA    
getlop                    0016C5 RLA    udiv32                    0016E9 RLA    
tosumod0ax                00172E RLA    _malloc                   001747 RLA    
_bzero                    001855 RLA    _mod_load                 00198D RLA    
_abs                      001AB7 RLA    closeallfiles             001AC9  LAI   
_open                     001ADD RLA    __osmaperrno              001B87 RLA    
popa                      001B9D RLA    popptr1                   001BA9 RLA    
push1                     001BB7 RLA    pusha                     001BC0 RLA    
pusha0                    001BD4 RLA    pushax                    001BD6 RLA    
_read                     001BEC RLA    return0                   001C6A RLA    
_doesclrscrafterexit      001C6A REA    rwcommon                  001C6E RLA    
scratch                   001C8A RLA    _strlen                   001CA3 RLA    
_strlower                 001CB9 RLA    _tgi_install              001CE1 RLA    
tgi_inv_arg               001D37 RLA    tgi_clear_ptr             001D54 RLA    
_tgi_done                 001D60 RLA    _tgi_getcolorcount        001D6E RLA    
_tgi_geterror             001D74 RLA    _tgi_geterrormsg          001D8B RLA    
tgi_getset                001D9E RLA    _tgi_getxres              001DBD RLA    
_tgi_getyres              001DC4 RLA    _tgi_init                 001DCB RLA    
_tgi_load_driver          001E23 RLA    tgi_popxy                 001E7B RLA    
_tgi_setcolor             001E82 RLA    _tgi_setpixel             001E90 RLA    
_tgi_settextstyle         001E99 RLA    tosudivax                 001EDF RLA    
udiv16                    001EEE RLA    tosumodax                 001F2E RLA    
umul8x16r24               001F3D RLA    _vcprintf                 001FB5 RLA    
zerobss                   001FE5 RLA    __hextab                  00207D RLA    
__longminstr              00208D RLA    __ctype                   002099 RLA    
_tgi_stddrv               0022E6 RLA    __DESTRUCTOR_TABLE__      0022F1 RLA    
__heapptr                 0022F5 RLA    __heapend                 0022F7 RLA    
__heapfirst               0022F9 RLA    __heaplast                0022FB RLA    
fdtab                     002329 RLA    unittab                   002331 RLA    
fncmd                     002339 RLA    __filetype                00235D RLA    
tgi_init                  002367 RLA    tgi_done                  00236A RLA    
tgi_geterror              00236D RLA    _tgi_clear                002373 REA    
tgi_clear                 002373 RLA    tgi_setviewpage           002376 RLA    
tgi_setdrawpage           002379 RLA    tgi_setcolor              00237C RLA    
tgi_setpalette            00237F RLA    tgi_getdefpalette         002385 RLA    
tgi_setpixel              002388 RLA    curunit                   0023C8 RLA    
initheap                  0023C9  LAI   __BSS_RUN__               0023C9 RLA    
__ONCE_RUN__              0023C9 RLA    initlib                   0023D9 RLA    
cursor                    0023E2 RLA    __oserror                 0023E3 RLA    
initcurunit               0023FF  LAI   initstdin                 00240B  LAI   
__CONSTRUCTOR_TABLE__     002417 RLA    __errno                   002427 RLA    
fnunit                    002429 RLA    fnlen                     00242A RLA    
fnisfile                  00242B RLA    _tgi_drv                  002450 RLA    
_tgi_error                002452 RLA    _tgi_gmode                002453 RLA    
_tgi_color                002458 RLA    _tgi_font                 002459 RLA    
_tgi_textdir              00245A RLA    _tgi_textscalew           00245D RLA    
_tgi_xmax                 002469 RLA    _tgi_ymax                 00246B RLA    
_tgi_xres                 00246D RLA    _tgi_yres                 00246F RLA    
_tgi_colorcount           002471 RLA    _tgi_fontwidth            002473 RLA    
_tgi_fontheight           002474 RLA    _tgi_flags                002477 RLA    
__MAIN_SIZE__             00C7F3 REA    __HIMEM__                 00D000 REA    
_clrscr                   00E544 REA    READST                    00FFB7 RLA    
SETLFS                    00FFBA RLA    SETNAM                    00FFBD RLA    
OPEN                      00FFC0 RLA    CLOSE                     00FFC3 RLA    
CHKIN                     00FFC6 RLA    CKOUT                     00FFC9 RLA    
CLRCH                     00FFCC RLA    BASIN                     00FFCF RLA    
BSOUT                     00FFD2 RLA    RDTIM                     00FFDE RLA    



Imports list:
-------------
BASIN (kernal.o):
    read.o                    cbm/cbm.inc(47)
    diskcmd.o                 cbm/cbm.inc(47)
BSOUT (kernal.o):
    read.o                    cbm/cbm.inc(49)
    diskcmd.o                 cbm/cbm.inc(49)
    crt0.o                    c64/crt0.s(10)
CHKIN (kernal.o):
    read.o                    cbm/cbm.inc(44)
    diskcmd.o                 cbm/cbm.inc(44)
CKOUT (kernal.o):
    diskcmd.o                 cbm/cbm.inc(45)
CLOSE (kernal.o):
    open.o                    cbm/cbm.inc(36)
    diskcmd.o                 cbm/cbm.inc(36)
    close.o                   cbm/cbm.inc(36)
CLRCH (kernal.o):
    read.o                    cbm/cbm.inc(46)
    diskcmd.o                 cbm/cbm.inc(46)
CURS_X (conio.o):
    gotoxy.o                  cbm/gotoxy.s(9)
CURS_Y (conio.o):
    gotoxy.o                  cbm/gotoxy.s(9)
OPEN (kernal.o):
    read.o                    cbm/cbm.inc(35)
    open.o                    cbm/cbm.inc(35)
    diskcmd.o                 cbm/cbm.inc(35)
PLOT (kplot.o):
    cputc.o                   c64/cputc.s(11)
RDTIM (kernal.o):
    clock.o                   cbm/cbm.inc(40)
READST (kernal.o):
    read.o                    cbm/cbm.inc(32)
SETLFS (kernal.o):
    read.o                    cbm/cbm.inc(33)
    open.o                    cbm/cbm.inc(33)
    diskcmd.o                 cbm/cbm.inc(33)
SETNAM (kernal.o):
    filename.o                cbm/cbm.inc(34)
    diskcmd.o                 cbm/cbm.inc(34)
ST (status.o):
    crt0.o                    c64/crt0.s(13)
__BSS_RUN__ ([linker generated]):
    _heap.o                   common/_heap.s(8)
    zerobss.o                 common/zerobss.s(8)
__BSS_SIZE__ ([linker generated]):
    _heap.o                   common/_heap.s(8)
    zerobss.o                 common/zerobss.s(8)
__CONSTRUCTOR_COUNT__ ([linker generated]):
    condes.o                  runtime/condes.s(18)
__CONSTRUCTOR_TABLE__ ([linker generated]):
    condes.o                  runtime/condes.s(18)
__DESTRUCTOR_COUNT__ ([linker generated]):
    condes.o                  runtime/condes.s(19)
__DESTRUCTOR_TABLE__ ([linker generated]):
    condes.o                  runtime/condes.s(19)
__EXEHDR__ (exehdr.o):
    [linker generated]        /opt/cc-6502/share/cc65/cfg/c64.cfg(6)
__HEADER_LAST__ ([linker generated]):
    [linker generated]        /opt/cc-6502/share/cc65/cfg/c64.cfg(14)
    [linker generated]        /opt/cc-6502/share/cc65/cfg/c64.cfg(14)
__HIMEM__ ([linker generated]):
    [linker generated]        /opt/cc-6502/share/cc65/cfg/c64.cfg(15)
    [linker generated]        /opt/cc-6502/share/cc65/cfg/c64.cfg(14)
__LOADADDR__ (loadaddr.o):
    [linker generated]        /opt/cc-6502/share/cc65/cfg/c64.cfg(5)
__MAIN_SIZE__ ([linker generated]):
    crt0.o                    c64/crt0.s(11)
__MAIN_START__ ([linker generated]):
    crt0.o                    c64/crt0.s(11)
__ONCE_RUN__ ([linker generated]):
    [linker generated]        /opt/cc-6502/share/cc65/cfg/c64.cfg(15)
    [linker generated]        /opt/cc-6502/share/cc65/cfg/c64.cfg(15)
__STACKSIZE__ ([linker generated]):
    _heap.o                   common/_heap.s(8)
    [linker generated]        /opt/cc-6502/share/cc65/cfg/c64.cfg(15)
__STARTUP__ (crt0.o):
    mandelbrot.o              mandelbrot.s(29)
__ZP_START__ ([linker generated]):
    modload.o                 common/modload.s(42)
__ctype (ctype.o):
    strlower.o                common/strlower.s(13)
__directerrno (_directerrno.o):
    read.o                    /Users/thierry/Projects/Devel/cc65/asminc/errno.inc(10)
    open.o                    /Users/thierry/Projects/Devel/cc65/asminc/errno.inc(10)
    close.o                   /Users/thierry/Projects/Devel/cc65/asminc/errno.inc(10)
__errno (errno.o):
    _seterrno.o               /Users/thierry/Projects/Devel/cc65/asminc/errno.inc(7)
__filetype (filetype.o):
    filename.o                cbm/filename.s(11)
__heapend (_heap.o):
    malloc.o                  /Users/thierry/Projects/Devel/cc65/asminc/_heap.inc(33)
__heapfirst (_heap.o):
    malloc.o                  /Users/thierry/Projects/Devel/cc65/asminc/_heap.inc(34)
    free.o                    /Users/thierry/Projects/Devel/cc65/asminc/_heap.inc(34)
__heaplast (_heap.o):
    malloc.o                  /Users/thierry/Projects/Devel/cc65/asminc/_heap.inc(35)
    free.o                    /Users/thierry/Projects/Devel/cc65/asminc/_heap.inc(35)
__heapptr (_heap.o):
    malloc.o                  /Users/thierry/Projects/Devel/cc65/asminc/_heap.inc(32)
    free.o                    /Users/thierry/Projects/Devel/cc65/asminc/_heap.inc(32)
__hextab (_hextab.o):
    ltoa.o                    common/ltoa.s(10)
__longminstr (_longminstr.o):
    ltoa.o                    common/ltoa.s(10)
__mappederrno (_mappederrno.o):
    read.o                    /Users/thierry/Projects/Devel/cc65/asminc/errno.inc(10)
    open.o                    /Users/thierry/Projects/Devel/cc65/asminc/errno.inc(10)
    close.o                   /Users/thierry/Projects/Devel/cc65/asminc/errno.inc(10)
__oserror (_oserror.o):
    _mappederrno.o            /Users/thierry/Projects/Devel/cc65/asminc/errno.inc(7)
    _directerrno.o            /Users/thierry/Projects/Devel/cc65/asminc/errno.inc(7)
    read.o                    /Users/thierry/Projects/Devel/cc65/asminc/errno.inc(7)
    open.o                    /Users/thierry/Projects/Devel/cc65/asminc/errno.inc(7)
__osmaperrno (oserror.o):
    _mappederrno.o            /Users/thierry/Projects/Devel/cc65/asminc/errno.inc(8)
__printf (_printf.o):
    vcprintf.o                conio/vcprintf.s(9)
__seterrno (_seterrno.o):
    _mappederrno.o            /Users/thierry/Projects/Devel/cc65/asminc/errno.inc(9)
    _directerrno.o            /Users/thierry/Projects/Devel/cc65/asminc/errno.inc(9)
_abs (negabs.o):
    mandelbrot.o              mandelbrot.s(50)
_bzero (memset.o):
    modload.o                 common/modload.s(41)
_cgetc (cgetc.o):
    mandelbrot.o              mandelbrot.s(56)
_clock (clock.o):
    mandelbrot.o              mandelbrot.s(52)
_close (close.o):
    open.o                    cbm/open.s(14)
    tgi_load.o                tgi/tgi_load.s(18)
_clrscr (clrscr.o):
    mandelbrot.o              mandelbrot.s(53)
_cprintf (cprintf.o):
    mandelbrot.o              mandelbrot.s(55)
_cputc (cputc.o):
    vcprintf.o                conio/vcprintf.s(9)
    cputs.o                   conio/cputs.s(9)
_cputs (cputs.o):
    mandelbrot.o              mandelbrot.s(54)
_doesclrscrafterexit (doesclrscr.o):
    mandelbrot.o              mandelbrot.s(69)
_exit (crt0.o):
    libref.o                  c64/libref.s(11)
    mandelbrot.o              mandelbrot.s(51)
_free (free.o):
    modload.o                 common/modload.s(41)
    modfree.o                 common/modfree.s(36)
_ltoa (ltoa.o):
    _printf.o                 common/_printf.s(12)
_main (mandelbrot.o):
    callmain.o                runtime/callmain.s(11)
_malloc (malloc.o):
    modload.o                 common/modload.s(41)
_mod_free (modfree.o):
    tgi_load.o                /Users/thierry/Projects/Devel/cc65/asminc/modload.inc(66)
_mod_load (modload.o):
    tgi_load.o                /Users/thierry/Projects/Devel/cc65/asminc/modload.inc(60)
_open (open.o):
    tgi_load.o                tgi/tgi_load.s(16)
_read (read.o):
    tgi_load.o                tgi/tgi_load.s(17)
_strlen (strlen.o):
    _printf.o                 common/_printf.s(13)
_strlower (strlower.o):
    _printf.o                 common/_printf.s(13)
_tgi_clear (tgi_clear.o):
    mandelbrot.o              mandelbrot.s(63)
_tgi_color (tgi-kernel.o):
    tgi_setcolor.o            /Users/thierry/Projects/Devel/cc65/asminc/tgi-kernel.inc(120)
_tgi_colorcount (tgi-kernel.o):
    tgi_setcolor.o            /Users/thierry/Projects/Devel/cc65/asminc/tgi-kernel.inc(132)
    tgi_getcolorcount.o       /Users/thierry/Projects/Devel/cc65/asminc/tgi-kernel.inc(132)
_tgi_done (tgi_done.o):
    tgi-kernel.o              /Users/thierry/Projects/Devel/cc65/asminc/tgi-kernel.inc(193)
    tgi_init.o                /Users/thierry/Projects/Devel/cc65/asminc/tgi-kernel.inc(193)
    mandelbrot.o              mandelbrot.s(60)
_tgi_drv (tgi-kernel.o):
    tgi_load.o                /Users/thierry/Projects/Devel/cc65/asminc/tgi-kernel.inc(115)
    tgi_geterror.o            /Users/thierry/Projects/Devel/cc65/asminc/tgi-kernel.inc(115)
_tgi_error (tgi-kernel.o):
    tgi_load.o                /Users/thierry/Projects/Devel/cc65/asminc/tgi-kernel.inc(116)
    tgi_init.o                /Users/thierry/Projects/Devel/cc65/asminc/tgi-kernel.inc(116)
    tgi_geterror.o            /Users/thierry/Projects/Devel/cc65/asminc/tgi-kernel.inc(116)
_tgi_flags (tgi-kernel.o):
    tgi_settextstyle.o        /Users/thierry/Projects/Devel/cc65/asminc/tgi-kernel.inc(137)
_tgi_font (tgi-kernel.o):
    tgi_settextstyle.o        /Users/thierry/Projects/Devel/cc65/asminc/tgi-kernel.inc(121)
_tgi_fontheight (tgi-kernel.o):
    tgi_settextstyle.o        /Users/thierry/Projects/Devel/cc65/asminc/tgi-kernel.inc(135)
_tgi_fontwidth (tgi-kernel.o):
    tgi_settextstyle.o        /Users/thierry/Projects/Devel/cc65/asminc/tgi-kernel.inc(134)
_tgi_getcolorcount (tgi_getcolorcount.o):
    mandelbrot.o              mandelbrot.s(64)
_tgi_geterror (tgi_geterror.o):
    mandelbrot.o              mandelbrot.s(61)
_tgi_geterrormsg (tgi_geterrormsg.o):
    mandelbrot.o              mandelbrot.s(62)
_tgi_getxres (tgi_getxres.o):
    tgi_init.o                /Users/thierry/Projects/Devel/cc65/asminc/tgi-kernel.inc(209)
    mandelbrot.o              mandelbrot.s(66)
_tgi_getyres (tgi_getyres.o):
    tgi_init.o                /Users/thierry/Projects/Devel/cc65/asminc/tgi-kernel.inc(210)
    mandelbrot.o              mandelbrot.s(67)
_tgi_gmode (tgi-kernel.o):
    tgi_init.o                /Users/thierry/Projects/Devel/cc65/asminc/tgi-kernel.inc(117)
    tgi_done.o                /Users/thierry/Projects/Devel/cc65/asminc/tgi-kernel.inc(117)
_tgi_init (tgi_init.o):
    mandelbrot.o              mandelbrot.s(59)
_tgi_install (tgi-kernel.o):
    tgi_load.o                /Users/thierry/Projects/Devel/cc65/asminc/tgi-kernel.inc(214)
_tgi_load_driver (tgi_load.o):
    mandelbrot.o              mandelbrot.s(58)
_tgi_setcolor (tgi_setcolor.o):
    tgi_init.o                /Users/thierry/Projects/Devel/cc65/asminc/tgi-kernel.inc(224)
    mandelbrot.o              mandelbrot.s(65)
_tgi_setpixel (tgi_setpixel.o):
    mandelbrot.o              mandelbrot.s(68)
_tgi_settextstyle (tgi_settextstyle.o):
    tgi_init.o                /Users/thierry/Projects/Devel/cc65/asminc/tgi-kernel.inc(230)
_tgi_stddrv (tgi_stddrv.o):
    mandelbrot.o              mandelbrot.s(57)
_tgi_textdir (tgi-kernel.o):
    tgi_settextstyle.o        /Users/thierry/Projects/Devel/cc65/asminc/tgi-kernel.inc(122)
_tgi_textscalew (tgi-kernel.o):
    tgi_settextstyle.o        /Users/thierry/Projects/Devel/cc65/asminc/tgi-kernel.inc(124)
_tgi_xmax (tgi-kernel.o):
    tgi_init.o                /Users/thierry/Projects/Devel/cc65/asminc/tgi-kernel.inc(130)
_tgi_xres (tgi-kernel.o):
    tgi_getset.o              /Users/thierry/Projects/Devel/cc65/asminc/tgi-kernel.inc(128)
    tgi_getxres.o             /Users/thierry/Projects/Devel/cc65/asminc/tgi-kernel.inc(128)
_tgi_ymax (tgi-kernel.o):
    tgi_init.o                /Users/thierry/Projects/Devel/cc65/asminc/tgi-kernel.inc(131)
_tgi_yres (tgi-kernel.o):
    tgi_getset.o              /Users/thierry/Projects/Devel/cc65/asminc/tgi-kernel.inc(129)
    tgi_getyres.o             /Users/thierry/Projects/Devel/cc65/asminc/tgi-kernel.inc(129)
_ultoa (ltoa.o):
    _printf.o                 common/_printf.s(12)
_vcprintf (vcprintf.o):
    cprintf.o                 conio/cprintf.s(8)
addysp (addysp.o):
    open.o                    cbm/open.s(10)
    cprintf.o                 conio/cprintf.s(8)
    mandelbrot.o              mandelbrot.s(782)
addysp1 (addysp.o):
    ludiv.o                   runtime/ludiv.s(9)
    lsub.o                    runtime/lsub.s(11)
    lmul.o                    runtime/lmul.s(9)
    ladd.o                    runtime/ladd.s(8)
asreax1 (asreax1.o):
    mandelbrot.o              mandelbrot.s(782)
asreax2 (asreax2.o):
    mandelbrot.o              mandelbrot.s(782)
axlong (axlong.o):
    _printf.o                 common/_printf.s(11)
    mandelbrot.o              mandelbrot.s(782)
axulong (axlong.o):
    _printf.o                 common/_printf.s(11)
callmain (callmain.o):
    crt0.o                    c64/crt0.s(9)
closecmdchannel (diskcmd.o):
    scratch.o                 cbm/scratch.s(8)
    open.o                    cbm/open.s(12)
    close.o                   cbm/close.s(9)
cursor (_cursor.o):
    cgetc.o                   c64/cgetc.s(8)
curunit (filevars.o):
    filename.o                cbm/filename.s(11)
decax1 (decax1.o):
    modload.o                 common/modload.s(40)
    tgi_init.o                tgi/tgi_init.s(11)
decsp4 (decsp4.o):
    lpush.o                   runtime/lpush.s(12)
decsp6 (decsp6.o):
    _printf.o                 common/_printf.s(11)
    mandelbrot.o              mandelbrot.s(782)
devnum (devnum.o):
    filevars.o                cbm/filevars.s(9)
donelib (condes.o):
    crt0.o                    c64/crt0.s(8)
fdtab (filedes.o):
    read.o                    cbm/filedes.inc(7)
    open.o                    cbm/filedes.inc(7)
    close.o                   cbm/filedes.inc(7)
fnaddmode (filename.o):
    open.o                    cbm/open.s(11)
fncmd (filename.o):
    scratch.o                 cbm/scratch.s(9)
    diskcmd.o                 cbm/diskcmd.s(14)
fncomplete (filename.o):
    open.o                    cbm/open.s(11)
fnisfile (filename.o):
    open.o                    cbm/open.s(13)
fnlen (filename.o):
    diskcmd.o                 cbm/diskcmd.s(14)
fnparse (filename.o):
    open.o                    cbm/open.s(11)
fnset (filename.o):
    open.o                    cbm/open.s(11)
fnunit (filename.o):
    scratch.o                 cbm/scratch.s(9)
    open.o                    cbm/open.s(13)
    diskcmd.o                 cbm/diskcmd.s(14)
freefd (filedes.o):
    open.o                    cbm/filedes.inc(9)
getlop (ludiv.o):
    lumod.o                   runtime/lumod.s(9)
gotoxy (gotoxy.o):
    cputc.o                   c64/cputc.s(10)
    cputs.o                   conio/cputs.s(9)
incsp2 (incsp2.o):
    popptr1.o                 runtime/popptr1.s(8)
initlib (condes.o):
    crt0.o                    c64/crt0.s(8)
negeax (lneg.o):
    ltoa.o                    common/ltoa.s(9)
opencmdchannel (diskcmd.o):
    scratch.o                 cbm/scratch.s(8)
    open.o                    cbm/open.s(12)
plot (cputc.o):
    gotoxy.o                  cbm/gotoxy.s(8)
popa (popa.o):
    tgi_settextstyle.o        tgi/tgi_settextstyle.s(10)
    gotoxy.o                  cbm/gotoxy.s(8)
popax (incsp2.o):
    memset.o                  common/memset.s(19)
    rwcommon.o                cbm/rwcommon.s(9)
    open.o                    cbm/open.s(10)
    ltoa.o                    common/ltoa.s(9)
    _printf.o                 common/_printf.s(11)
    vcprintf.o                conio/vcprintf.s(8)
    tgi_settextstyle.o        tgi/tgi_settextstyle.s(10)
popptr1 (popptr1.o):
    tgi_popxy.o               tgi/tgi_popxy.s(10)
    rwcommon.o                cbm/rwcommon.s(9)
    ltoa.o                    common/ltoa.s(9)
    vcprintf.o                conio/vcprintf.s(8)
    umod.o                    runtime/umod.s(8)
    udiv.o                    runtime/udiv.s(9)
ptr1 (zeropage.o):
    memset.o                  common/memset.s(20)
    malloc.o                  common/malloc.s(108)
    free.o                    common/free.s(62)
    tgi_getset.o              tgi/tgi_getset.s(12)
    tgi-kernel.o              tgi/tgi-kernel.s(8)
    strlower.o                common/strlower.s(14)
    read.o                    cbm/read.s(13)
    popptr1.o                 runtime/popptr1.s(9)
    ltoa.o                    common/ltoa.s(11)
    filename.o                cbm/filename.s(12)
    diskcmd.o                 cbm/diskcmd.s(15)
    _printf.o                 /Users/thierry/Projects/Devel/cc65/asminc/zeropage.inc(12)
    zerobss.o                 common/zerobss.s(9)
    vcprintf.o                conio/vcprintf.s(10)
    umul8x16r24.o             /Users/thierry/Projects/Devel/cc65/asminc/zeropage.inc(12)
    udiv.o                    runtime/udiv.s(10)
    tgi_settextstyle.o        /Users/thierry/Projects/Devel/cc65/asminc/zeropage.inc(12)
    tgi_init.o                tgi/tgi_init.s(12)
    ludiv.o                   runtime/ludiv.s(10)
    lmul.o                    runtime/lmul.s(10)
    cputs.o                   conio/cputs.s(10)
    cprintf.o                 conio/cprintf.s(9)
ptr2 (zeropage.o):
    memset.o                  common/memset.s(20)
    malloc.o                  common/malloc.s(108)
    free.o                    common/free.s(62)
    tgi_popxy.o               tgi/tgi_popxy.s(11)
    tgi_getset.o              tgi/tgi_getset.s(12)
    strlower.o                common/strlower.s(14)
    strlen.o                  common/strlen.s(12)
    rwcommon.o                cbm/rwcommon.s(10)
    read.o                    cbm/read.s(13)
    ltoa.o                    common/ltoa.s(11)
    _printf.o                 /Users/thierry/Projects/Devel/cc65/asminc/zeropage.inc(12)
    vcprintf.o                conio/vcprintf.s(10)
    lumod.o                   runtime/lumod.s(10)
    ludiv.o                   runtime/ludiv.s(10)
ptr3 (zeropage.o):
    memset.o                  common/memset.s(20)
    malloc.o                  common/malloc.s(108)
    free.o                    common/free.s(62)
    rwcommon.o                cbm/rwcommon.s(10)
    read.o                    cbm/read.s(13)
    ltoa.o                    common/ltoa.s(11)
    vcprintf.o                conio/vcprintf.s(10)
    umul8x16r24.o             /Users/thierry/Projects/Devel/cc65/asminc/zeropage.inc(12)
    ludiv.o                   runtime/ludiv.s(10)
    lmul.o                    runtime/lmul.s(10)
ptr4 (zeropage.o):
    free.o                    common/free.s(62)
    umod.o                    runtime/umod.s(9)
    udiv.o                    runtime/udiv.s(10)
    ludiv.o                   runtime/ludiv.s(10)
    lmul.o                    runtime/lmul.s(10)
push1 (push1.o):
    _printf.o                 common/_printf.s(11)
pusha (pusha.o):
    tgi_init.o                tgi/tgi_init.s(11)
    mandelbrot.o              mandelbrot.s(782)
pusha0 (pushax.o):
    push1.o                   runtime/push1.s(8)
    tgi_load.o                tgi/tgi_load.s(14)
    mandelbrot.o              mandelbrot.s(782)
    mandelbrot.o              mandelbrot.s(782)
pushax (pushax.o):
    modload.o                 common/modload.s(40)
    callmain.o                runtime/callmain.s(11)
    _printf.o                 common/_printf.s(11)
    vcprintf.o                conio/vcprintf.s(8)
    tgi_load.o                tgi/tgi_load.s(13)
    tgi_init.o                tgi/tgi_init.s(11)
    cprintf.o                 conio/cprintf.s(8)
    mandelbrot.o              mandelbrot.s(782)
    mandelbrot.o              mandelbrot.s(782)
pusheax (lpush.o):
    _printf.o                 common/_printf.s(11)
    mandelbrot.o              mandelbrot.s(782)
    mandelbrot.o              mandelbrot.s(782)
readdiskerror (diskcmd.o):
    open.o                    cbm/open.s(12)
    close.o                   cbm/close.s(9)
regbank (zeropage.o):
    modload.o                 /Users/thierry/Projects/Devel/cc65/asminc/zeropage.inc(14)
    _printf.o                 /Users/thierry/Projects/Devel/cc65/asminc/zeropage.inc(14)
    mandelbrot.o              mandelbrot.s(10)
return0 (return0.o):
    doesclrscr.o              common/doesclrscr.s(10)
rwcommon (rwcommon.o):
    read.o                    cbm/read.s(11)
scratch (scratch.o):
    open.o                    cbm/open.s(11)
sp (zeropage.o):
    _heap.o                   common/_heap.s(9)
    memset.o                  common/memset.s(20)
    popptr1.o                 runtime/popptr1.s(9)
    incsp2.o                  runtime/incsp2.s(8)
    decsp4.o                  runtime/decsp4.s(8)
    _printf.o                 /Users/thierry/Projects/Devel/cc65/asminc/zeropage.inc(11)
    vcprintf.o                conio/vcprintf.s(10)
    pushax.o                  runtime/pushax.s(8)
    pusha.o                   runtime/pusha.s(8)
    popa.o                    runtime/popa.s(8)
    ludiv.o                   runtime/ludiv.s(10)
    lsub.o                    runtime/lsub.s(12)
    lpush.o                   runtime/lpush.s(13)
    lmul.o                    runtime/lmul.s(10)
    ladd.o                    runtime/ladd.s(9)
    icmp.o                    runtime/icmp.s(9)
    decsp6.o                  runtime/decsp6.s(8)
    crt0.o                    /Users/thierry/Projects/Devel/cc65/asminc/zeropage.inc(11)
    cprintf.o                 conio/cprintf.s(9)
    addysp.o                  runtime/addysp.s(8)
    mandelbrot.o              mandelbrot.s(10)
sreg (zeropage.o):
    lneg.o                    runtime/lneg.s(11)
    ltoa.o                    common/ltoa.s(11)
    _printf.o                 /Users/thierry/Projects/Devel/cc65/asminc/zeropage.inc(11)
    umul8x16r24.o             /Users/thierry/Projects/Devel/cc65/asminc/zeropage.inc(11)
    umod.o                    runtime/umod.s(9)
    udiv.o                    runtime/udiv.s(10)
    lumod.o                   runtime/lumod.s(10)
    ludiv.o                   runtime/ludiv.s(10)
    lsub.o                    runtime/lsub.s(12)
    lpush.o                   runtime/lpush.s(13)
    lmul.o                    runtime/lmul.s(10)
    ladd.o                    runtime/ladd.s(9)
    icmp.o                    runtime/icmp.s(9)
    clock.o                   cbm/clock.s(10)
    axlong.o                  runtime/axlong.s(9)
    asreax2.o                 runtime/asreax2.s(8)
    asreax1.o                 runtime/asreax1.s(8)
    mandelbrot.o              mandelbrot.s(10)
tgi_clear (tgi-kernel.o):
    tgi_clear.o               /Users/thierry/Projects/Devel/cc65/asminc/tgi-kernel.inc(156)
tgi_clear_ptr (tgi-kernel.o):
    tgi_load.o                /Users/thierry/Projects/Devel/cc65/asminc/tgi-kernel.inc(173)
tgi_color_white (tgi_colors.o):
    tgi_init.o                /Users/thierry/Projects/Devel/cc65/asminc/tgi-kernel.inc(110)
tgi_done (tgi-kernel.o):
    tgi_done.o                /Users/thierry/Projects/Devel/cc65/asminc/tgi-kernel.inc(153)
tgi_getdefpalette (tgi-kernel.o):
    tgi_init.o                /Users/thierry/Projects/Devel/cc65/asminc/tgi-kernel.inc(162)
tgi_geterror (tgi-kernel.o):
    tgi_init.o                /Users/thierry/Projects/Devel/cc65/asminc/tgi-kernel.inc(154)
    tgi_geterror.o            /Users/thierry/Projects/Devel/cc65/asminc/tgi-kernel.inc(154)
tgi_getset (tgi_getset.o):
    tgi_setpixel.o            /Users/thierry/Projects/Devel/cc65/asminc/tgi-kernel.inc(176)
tgi_init (tgi-kernel.o):
    tgi_init.o                /Users/thierry/Projects/Devel/cc65/asminc/tgi-kernel.inc(152)
tgi_inv_arg (tgi-kernel.o):
    tgi_setcolor.o            /Users/thierry/Projects/Devel/cc65/asminc/tgi-kernel.inc(178)
tgi_libref (libref.o):
    tgi-kernel.o              tgi/tgi-kernel.s(7)
tgi_popxy (tgi_popxy.o):
    tgi_getset.o              /Users/thierry/Projects/Devel/cc65/asminc/tgi-kernel.inc(182)
tgi_setcolor (tgi-kernel.o):
    tgi_setcolor.o            /Users/thierry/Projects/Devel/cc65/asminc/tgi-kernel.inc(159)
tgi_setdrawpage (tgi-kernel.o):
    tgi_init.o                /Users/thierry/Projects/Devel/cc65/asminc/tgi-kernel.inc(158)
tgi_setpalette (tgi-kernel.o):
    tgi_init.o                /Users/thierry/Projects/Devel/cc65/asminc/tgi-kernel.inc(160)
tgi_setpixel (tgi-kernel.o):
    tgi_setpixel.o            /Users/thierry/Projects/Devel/cc65/asminc/tgi-kernel.inc(163)
tgi_setviewpage (tgi-kernel.o):
    tgi_init.o                /Users/thierry/Projects/Devel/cc65/asminc/tgi-kernel.inc(157)
tmp1 (zeropage.o):
    read.o                    cbm/read.s(13)
    ltoa.o                    common/ltoa.s(11)
    filename.o                cbm/filename.s(12)
    diskcmd.o                 cbm/diskcmd.s(15)
    _printf.o                 /Users/thierry/Projects/Devel/cc65/asminc/zeropage.inc(13)
    vcprintf.o                conio/vcprintf.s(10)
    tgi_settextstyle.o        /Users/thierry/Projects/Devel/cc65/asminc/zeropage.inc(13)
    ladd.o                    runtime/ladd.s(9)
    cputs.o                   conio/cputs.s(10)
    asreax2.o                 runtime/asreax2.s(8)
    asreax1.o                 runtime/asreax1.s(8)
tmp2 (zeropage.o):
    rwcommon.o                cbm/rwcommon.s(10)
    read.o                    cbm/read.s(13)
    open.o                    cbm/open.s(15)
    close.o                   cbm/close.s(10)
    lmul.o                    runtime/lmul.s(10)
tmp3 (zeropage.o):
    read.o                    cbm/read.s(13)
    open.o                    cbm/open.s(15)
    lumod.o                   runtime/lumod.s(10)
    ludiv.o                   runtime/ludiv.s(10)
    lmul.o                    runtime/lmul.s(10)
tmp4 (zeropage.o):
    lumod.o                   runtime/lumod.s(10)
    ludiv.o                   runtime/ludiv.s(10)
    lmul.o                    runtime/lmul.s(10)
tosaddeax (ladd.o):
    mandelbrot.o              mandelbrot.s(782)
tosicmp (icmp.o):
    mandelbrot.o              mandelbrot.s(782)
tosmuleax (lmul.o):
    mandelbrot.o              mandelbrot.s(782)
tossubeax (lsub.o):
    mandelbrot.o              mandelbrot.s(782)
    mandelbrot.o              mandelbrot.s(782)
tosudiv0ax (ludiv.o):
    mandelbrot.o              mandelbrot.s(782)
tosudivax (udiv.o):
    mandelbrot.o              mandelbrot.s(782)
tosumod0ax (lumod.o):
    mandelbrot.o              mandelbrot.s(782)
tosumodax (umod.o):
    mandelbrot.o              mandelbrot.s(782)
tosumul0ax (lmul.o):
    mandelbrot.o              mandelbrot.s(782)
udiv16 (udiv.o):
    umod.o                    runtime/umod.s(8)
udiv32 (ludiv.o):
    lumod.o                   runtime/lumod.s(9)
umul8x16r24 (umul8x16r24.o):
    tgi_settextstyle.o        tgi/tgi_settextstyle.s(9)
unittab (filedes.o):
    read.o                    cbm/filedes.inc(8)
    open.o                    cbm/filedes.inc(8)
    close.o                   cbm/filedes.inc(8)
writefndiskcmd (diskcmd.o):
    scratch.o                 cbm/scratch.s(8)
zerobss (zerobss.o):
    crt0.o                    c64/crt0.s(9)

