Modules list:
-------------
mousedemo.o:
    CODE              Offs=000000  Size=000485  Align=00001  Fill=0000
    RODATA            Offs=000000  Size=000182  Align=00001  Fill=0000
    BSS               Offs=000000  Size=000002  Align=00001  Fill=0000
/opt/cc-6502/share/cc65/lib/c64.lib(_cursor.o):
    BSS               Offs=000002  Size=000001  Align=00001  Fill=0000
/opt/cc-6502/share/cc65/lib/c64.lib(_directerrno.o):
    CODE              Offs=000485  Size=00000A  Align=00001  Fill=0000
/opt/cc-6502/share/cc65/lib/c64.lib(_heap.o):
    DATA              Offs=000000  Size=00000A  Align=00001  Fill=0000
    ONCE              Offs=000000  Size=000010  Align=00001  Fill=0000
/opt/cc-6502/share/cc65/lib/c64.lib(_hextab.o):
    RODATA            Offs=000182  Size=000010  Align=00001  Fill=0000
/opt/cc-6502/share/cc65/lib/c64.lib(_longminstr.o):
    RODATA            Offs=000192  Size=00000C  Align=00001  Fill=0000
/opt/cc-6502/share/cc65/lib/c64.lib(_mappederrno.o):
    CODE              Offs=00048F  Size=000010  Align=00001  Fill=0000
/opt/cc-6502/share/cc65/lib/c64.lib(_oserror.o):
    BSS               Offs=000003  Size=000001  Align=00001  Fill=0000
/opt/cc-6502/share/cc65/lib/c64.lib(_printf.o):
    CODE              Offs=00049F  Size=0003A5  Align=00001  Fill=0000
    BSS               Offs=000004  Size=00002B  Align=00001  Fill=0000
    DATA              Offs=00000A  Size=000003  Align=00001  Fill=0000
/opt/cc-6502/share/cc65/lib/c64.lib(_scrsize.o):
/opt/cc-6502/share/cc65/lib/c64.lib(_seterrno.o):
    CODE              Offs=000844  Size=000009  Align=00001  Fill=0000
/opt/cc-6502/share/cc65/lib/c64.lib(add.o):
    CODE              Offs=00084D  Size=00001C  Align=00001  Fill=0000
/opt/cc-6502/share/cc65/lib/c64.lib(addeqsp.o):
    CODE              Offs=000869  Size=000011  Align=00001  Fill=0000
/opt/cc-6502/share/cc65/lib/c64.lib(addysp.o):
    CODE              Offs=00087A  Size=00000E  Align=00001  Fill=0000
/opt/cc-6502/share/cc65/lib/c64.lib(aslax1.o):
    CODE              Offs=000888  Size=000008  Align=00001  Fill=0000
/opt/cc-6502/share/cc65/lib/c64.lib(aslax3.o):
    CODE              Offs=000890  Size=00000E  Align=00001  Fill=0000
/opt/cc-6502/share/cc65/lib/c64.lib(aslax4.o):
    CODE              Offs=00089E  Size=000011  Align=00001  Fill=0000
/opt/cc-6502/share/cc65/lib/c64.lib(asmtab.o):
    RODATA            Offs=00019E  Size=0000DE  Align=00001  Fill=0000
/opt/cc-6502/share/cc65/lib/c64.lib(axlong.o):
    CODE              Offs=0008AF  Size=00000D  Align=00001  Fill=0000
/opt/cc-6502/share/cc65/lib/c64.lib(bordercolor.o):
    CODE              Offs=0008BC  Size=000008  Align=00001  Fill=0000
/opt/cc-6502/share/cc65/lib/c64.lib(break.o):
    CODE              Offs=0008C4  Size=000074  Align=00001  Fill=0000
    BSS               Offs=00002F  Size=000008  Align=00001  Fill=0000
    DATA              Offs=00000D  Size=000003  Align=00001  Fill=0000
/opt/cc-6502/share/cc65/lib/c64.lib(call.o):
    CODE              Offs=000938  Size=000007  Align=00001  Fill=0000
/opt/cc-6502/share/cc65/lib/c64.lib(callirq.o):
    DATA              Offs=000010  Size=00001E  Align=00001  Fill=0000
/opt/cc-6502/share/cc65/lib/c64.lib(callmain.o):
    CODE              Offs=00093F  Size=000017  Align=00001  Fill=0000
    DATA              Offs=00002E  Size=000004  Align=00001  Fill=0000
/opt/cc-6502/share/cc65/lib/c64.lib(cclear.o):
    CODE              Offs=000956  Size=000015  Align=00001  Fill=0000
/opt/cc-6502/share/cc65/lib/c64.lib(cgetc.o):
    CODE              Offs=00096B  Size=000047  Align=00001  Fill=0000
/opt/cc-6502/share/cc65/lib/c64.lib(chline.o):
    CODE              Offs=0009B2  Size=000015  Align=00001  Fill=0000
/opt/cc-6502/share/cc65/lib/c64.lib(clinechars.o):
/opt/cc-6502/share/cc65/lib/c64.lib(close.o):
    CODE              Offs=0009C7  Size=000038  Align=00001  Fill=0000
/opt/cc-6502/share/cc65/lib/c64.lib(clrscr.o):
/opt/cc-6502/share/cc65/lib/c64.lib(color.o):
    CODE              Offs=0009FF  Size=000010  Align=00001  Fill=0000
/opt/cc-6502/share/cc65/lib/c64.lib(condes.o):
    CODE              Offs=000A0F  Size=00000C  Align=00001  Fill=0000
    DATA              Offs=000032  Size=000025  Align=00001  Fill=0000
    ONCE              Offs=000010  Size=00000C  Align=00001  Fill=0000
/opt/cc-6502/share/cc65/lib/c64.lib(conio.o):
/opt/cc-6502/share/cc65/lib/c64.lib(cprintf.o):
    CODE              Offs=000A1B  Size=00002A  Align=00001  Fill=0000
    BSS               Offs=000037  Size=000001  Align=00001  Fill=0000
/opt/cc-6502/share/cc65/lib/c64.lib(cputc.o):
    CODE              Offs=000A45  Size=00006F  Align=00001  Fill=0000
/opt/cc-6502/share/cc65/lib/c64.lib(cputhex.o):
    CODE              Offs=000AB4  Size=00001C  Align=00001  Fill=0000
/opt/cc-6502/share/cc65/lib/c64.lib(cputs.o):
    CODE              Offs=000AD0  Size=000023  Align=00001  Fill=0000
/opt/cc-6502/share/cc65/lib/c64.lib(crt0.o):
    STARTUP           Offs=000000  Size=000033  Align=00001  Fill=0000
    ONCE              Offs=00001C  Size=00001A  Align=00001  Fill=0000
    INIT              Offs=000000  Size=00001C  Align=00001  Fill=0000
/opt/cc-6502/share/cc65/lib/c64.lib(ctype.o):
    RODATA            Offs=00027C  Size=000100  Align=00001  Fill=0000
/opt/cc-6502/share/cc65/lib/c64.lib(cursor.o):
    CODE              Offs=000AF3  Size=00000A  Align=00001  Fill=0000
/opt/cc-6502/share/cc65/lib/c64.lib(cvline.o):
    CODE              Offs=000AFD  Size=000018  Align=00001  Fill=0000
/opt/cc-6502/share/cc65/lib/c64.lib(dbg.o):
    CODE              Offs=000B15  Size=001136  Align=00001  Fill=0000
    RODATA            Offs=00037C  Size=000332  Align=00001  Fill=0000
    BSS               Offs=000038  Size=00003A  Align=00001  Fill=0000
    DATA              Offs=000057  Size=000006  Align=00001  Fill=0000
/opt/cc-6502/share/cc65/lib/c64.lib(dbgdasm.o):
    CODE              Offs=001C4B  Size=000164  Align=00001  Fill=0000
/opt/cc-6502/share/cc65/lib/c64.lib(dbgdump.o):
    CODE              Offs=001DAF  Size=00006C  Align=00001  Fill=0000
/opt/cc-6502/share/cc65/lib/c64.lib(dbgisram.o):
    CODE              Offs=001E1B  Size=00002B  Align=00001  Fill=0000
    RODATA            Offs=0006AE  Size=000004  Align=00001  Fill=0000
/opt/cc-6502/share/cc65/lib/c64.lib(dbgsupp.o):
    CODE              Offs=001E46  Size=0000E9  Align=00001  Fill=0000
    BSS               Offs=000072  Size=000117  Align=00001  Fill=0000
/opt/cc-6502/share/cc65/lib/c64.lib(decax1.o):
    CODE              Offs=001F2F  Size=000007  Align=00001  Fill=0000
/opt/cc-6502/share/cc65/lib/c64.lib(decaxy.o):
    CODE              Offs=001F36  Size=000009  Align=00001  Fill=0000
/opt/cc-6502/share/cc65/lib/c64.lib(decsp1.o):
    CODE              Offs=001F3F  Size=000009  Align=00001  Fill=0000
/opt/cc-6502/share/cc65/lib/c64.lib(decsp2.o):
    CODE              Offs=001F48  Size=00000D  Align=00001  Fill=0000
/opt/cc-6502/share/cc65/lib/c64.lib(decsp3.o):
    CODE              Offs=001F55  Size=00000D  Align=00001  Fill=0000
/opt/cc-6502/share/cc65/lib/c64.lib(decsp4.o):
    CODE              Offs=001F62  Size=00000D  Align=00001  Fill=0000
/opt/cc-6502/share/cc65/lib/c64.lib(decsp6.o):
    CODE              Offs=001F6F  Size=00000D  Align=00001  Fill=0000
/opt/cc-6502/share/cc65/lib/c64.lib(decsp8.o):
    CODE              Offs=001F7C  Size=00000D  Align=00001  Fill=0000
/opt/cc-6502/share/cc65/lib/c64.lib(devnum.o):
/opt/cc-6502/share/cc65/lib/c64.lib(diskcmd.o):
    CODE              Offs=001F89  Size=0000C4  Align=00001  Fill=0000
    BSS               Offs=000189  Size=000017  Align=00001  Fill=0000
/opt/cc-6502/share/cc65/lib/c64.lib(doesclrscr.o):
/opt/cc-6502/share/cc65/lib/c64.lib(errno.o):
    BSS               Offs=0001A0  Size=000002  Align=00001  Fill=0000
/opt/cc-6502/share/cc65/lib/c64.lib(exehdr.o):
    EXEHDR            Offs=000000  Size=00000C  Align=00001  Fill=0000
/opt/cc-6502/share/cc65/lib/c64.lib(filedes.o):
    CODE              Offs=00204D  Size=00000E  Align=00001  Fill=0000
    DATA              Offs=00005D  Size=000010  Align=00001  Fill=0000
/opt/cc-6502/share/cc65/lib/c64.lib(filename.o):
    CODE              Offs=00205B  Size=0000A0  Align=00001  Fill=0000
    BSS               Offs=0001A2  Size=000003  Align=00001  Fill=0000
    DATA              Offs=00006D  Size=000024  Align=00001  Fill=0000
/opt/cc-6502/share/cc65/lib/c64.lib(filetype.o):
    DATA              Offs=000091  Size=000001  Align=00001  Fill=0000
/opt/cc-6502/share/cc65/lib/c64.lib(filevars.o):
    INIT              Offs=00001C  Size=000001  Align=00001  Fill=0000
    ONCE              Offs=000036  Size=00000C  Align=00001  Fill=0000
/opt/cc-6502/share/cc65/lib/c64.lib(free.o):
    CODE              Offs=0020FB  Size=0001D3  Align=00001  Fill=0000
/opt/cc-6502/share/cc65/lib/c64.lib(gotoxy.o):
    CODE              Offs=0022CE  Size=00000D  Align=00001  Fill=0000
/opt/cc-6502/share/cc65/lib/c64.lib(icmp.o):
    CODE              Offs=0022DB  Size=00002E  Align=00001  Fill=0000
/opt/cc-6502/share/cc65/lib/c64.lib(incax1.o):
    CODE              Offs=002309  Size=000007  Align=00001  Fill=0000
/opt/cc-6502/share/cc65/lib/c64.lib(incax2.o):
    CODE              Offs=002310  Size=000007  Align=00001  Fill=0000
/opt/cc-6502/share/cc65/lib/c64.lib(incaxy.o):
    CODE              Offs=002317  Size=00000B  Align=00001  Fill=0000
/opt/cc-6502/share/cc65/lib/c64.lib(incsp1.o):
    CODE              Offs=002322  Size=000007  Align=00001  Fill=0000
/opt/cc-6502/share/cc65/lib/c64.lib(incsp2.o):
    CODE              Offs=002329  Size=000016  Align=00001  Fill=0000
/opt/cc-6502/share/cc65/lib/c64.lib(incsp3.o):
    CODE              Offs=00233F  Size=000005  Align=00001  Fill=0000
/opt/cc-6502/share/cc65/lib/c64.lib(incsp4.o):
    CODE              Offs=002344  Size=000005  Align=00001  Fill=0000
/opt/cc-6502/share/cc65/lib/c64.lib(incsp6.o):
    CODE              Offs=002349  Size=000005  Align=00001  Fill=0000
/opt/cc-6502/share/cc65/lib/c64.lib(irq.o):
    CODE              Offs=00234E  Size=00000F  Align=00001  Fill=0000
    DATA              Offs=000092  Size=000003  Align=00001  Fill=0000
    ONCE              Offs=000042  Size=000013  Align=00001  Fill=0000
    LOWCODE           Offs=000000  Size=000007  Align=00001  Fill=0000
/opt/cc-6502/share/cc65/lib/c64.lib(isalnum.o):
    CODE              Offs=00235D  Size=00000F  Align=00001  Fill=0000
/opt/cc-6502/share/cc65/lib/c64.lib(isdigit.o):
    CODE              Offs=00236C  Size=00000F  Align=00001  Fill=0000
/opt/cc-6502/share/cc65/lib/c64.lib(isxdigit.o):
    CODE              Offs=00237B  Size=00000F  Align=00001  Fill=0000
/opt/cc-6502/share/cc65/lib/c64.lib(kbhit.o):
    CODE              Offs=00238A  Size=000009  Align=00001  Fill=0000
/opt/cc-6502/share/cc65/lib/c64.lib(kernal.o):
/opt/cc-6502/share/cc65/lib/c64.lib(kplot.o):
    CODE              Offs=002393  Size=00000B  Align=00001  Fill=0000
/opt/cc-6502/share/cc65/lib/c64.lib(ldai.o):
    CODE              Offs=00239E  Size=00000C  Align=00001  Fill=0000
/opt/cc-6502/share/cc65/lib/c64.lib(ldaxi.o):
    CODE              Offs=0023AA  Size=00000D  Align=00001  Fill=0000
/opt/cc-6502/share/cc65/lib/c64.lib(ldaxsp.o):
    CODE              Offs=0023B7  Size=000009  Align=00001  Fill=0000
/opt/cc-6502/share/cc65/lib/c64.lib(leaaxsp.o):
    CODE              Offs=0023C0  Size=00000C  Align=00001  Fill=0000
/opt/cc-6502/share/cc65/lib/c64.lib(lneg.o):
    CODE              Offs=0023CC  Size=00001E  Align=00001  Fill=0000
/opt/cc-6502/share/cc65/lib/c64.lib(loadaddr.o):
    LOADADDR          Offs=000000  Size=000002  Align=00001  Fill=0000
/opt/cc-6502/share/cc65/lib/c64.lib(lpush.o):
    CODE              Offs=0023EA  Size=000021  Align=00001  Fill=0000
/opt/cc-6502/share/cc65/lib/c64.lib(ltoa.o):
    CODE              Offs=00240B  Size=000095  Align=00001  Fill=0000
/opt/cc-6502/share/cc65/lib/c64.lib(mainargs.o):
    DATA              Offs=000095  Size=000016  Align=00001  Fill=0000
    ONCE              Offs=000055  Size=000069  Align=00001  Fill=0000
    INIT              Offs=00001D  Size=000012  Align=00001  Fill=0000
/opt/cc-6502/share/cc65/lib/c64.lib(makebool.o):
    CODE              Offs=0024A0  Size=00002C  Align=00001  Fill=0000
/opt/cc-6502/share/cc65/lib/c64.lib(malloc.o):
    CODE              Offs=0024CC  Size=00010E  Align=00001  Fill=0000
/opt/cc-6502/share/cc65/lib/c64.lib(mcbdefault.o):
    CODE              Offs=0025DA  Size=000036  Align=00001  Fill=0000
    RODATA            Offs=0006B2  Size=00000C  Align=00001  Fill=0000
    ONCE              Offs=0000BE  Size=000021  Align=00001  Fill=0000
/opt/cc-6502/share/cc65/lib/c64.lib(mcbpointershape.o):
    ONCE              Offs=0000DF  Size=00003F  Align=00001  Fill=0000
/opt/cc-6502/share/cc65/lib/c64.lib(mcbspritedata.o):
/opt/cc-6502/share/cc65/lib/c64.lib(memset.o):
    CODE              Offs=002610  Size=00005D  Align=00001  Fill=0000
/opt/cc-6502/share/cc65/lib/c64.lib(modfree.o):
/opt/cc-6502/share/cc65/lib/c64.lib(modload.o):
    CODE              Offs=00266D  Size=000205  Align=00001  Fill=0000
    RODATA            Offs=0006BE  Size=000008  Align=00001  Fill=0000
    BSS               Offs=0001A5  Size=000023  Align=00001  Fill=0000
    DATA              Offs=0000AB  Size=000003  Align=00001  Fill=0000
/opt/cc-6502/share/cc65/lib/c64.lib(mouse-kernel.o):
    CODE              Offs=002872  Size=0000A2  Align=00001  Fill=0000
    RODATA            Offs=0006C6  Size=000004  Align=00001  Fill=0000
    BSS               Offs=0001C8  Size=000003  Align=00001  Fill=0000
    DATA              Offs=0000AE  Size=000025  Align=00001  Fill=0000
/opt/cc-6502/share/cc65/lib/c64.lib(mouse_buttons.o):
/opt/cc-6502/share/cc65/lib/c64.lib(mouse_getbox.o):
/opt/cc-6502/share/cc65/lib/c64.lib(mouse_geterrormsg.o):
    CODE              Offs=002914  Size=000013  Align=00001  Fill=0000
    RODATA            Offs=0006CA  Size=000080  Align=00001  Fill=0000
/opt/cc-6502/share/cc65/lib/c64.lib(mouse_hide.o):
    CODE              Offs=002927  Size=00000C  Align=00001  Fill=0000
/opt/cc-6502/share/cc65/lib/c64.lib(mouse_info.o):
    CODE              Offs=002933  Size=000007  Align=00001  Fill=0000
/opt/cc-6502/share/cc65/lib/c64.lib(mouse_load.o):
    CODE              Offs=00293A  Size=00005A  Align=00001  Fill=0000
    DATA              Offs=0000D3  Size=00000A  Align=00001  Fill=0000
/opt/cc-6502/share/cc65/lib/c64.lib(mouse_move.o):
    CODE              Offs=002994  Size=000006  Align=00001  Fill=0000
/opt/cc-6502/share/cc65/lib/c64.lib(mouse_setbox.o):
/opt/cc-6502/share/cc65/lib/c64.lib(mouse_show.o):
    CODE              Offs=00299A  Size=00000E  Align=00001  Fill=0000
/opt/cc-6502/share/cc65/lib/c64.lib(mouse_stddrv.o):
    RODATA            Offs=00074A  Size=00000D  Align=00001  Fill=0000
/opt/cc-6502/share/cc65/lib/c64.lib(mouse_unload.o):
    CODE              Offs=0029A8  Size=00001E  Align=00001  Fill=0000
/opt/cc-6502/share/cc65/lib/c64.lib(mouseref.o):
    DATA              Offs=0000DD  Size=000002  Align=00001  Fill=0000
/opt/cc-6502/share/cc65/lib/c64.lib(mul8.o):
    CODE              Offs=0029C6  Size=00003A  Align=00001  Fill=0000
/opt/cc-6502/share/cc65/lib/c64.lib(mulax3.o):
    CODE              Offs=002A00  Size=000011  Align=00001  Fill=0000
/opt/cc-6502/share/cc65/lib/c64.lib(open.o):
    CODE              Offs=002A11  Size=0000BE  Align=00001  Fill=0000
/opt/cc-6502/share/cc65/lib/c64.lib(oserror.o):
    CODE              Offs=002ACF  Size=000016  Align=00001  Fill=0000
    RODATA            Offs=000757  Size=00005A  Align=00001  Fill=0000
/opt/cc-6502/share/cc65/lib/c64.lib(penadjust.o):
    CODE              Offs=002AE5  Size=0000A4  Align=00001  Fill=0000
    BSS               Offs=0001CB  Size=000002  Align=00001  Fill=0000
/opt/cc-6502/share/cc65/lib/c64.lib(pencalib.o):
    CODE              Offs=002B89  Size=000181  Align=00001  Fill=0000
    RODATA            Offs=0007B1  Size=000038  Align=00001  Fill=0000
/opt/cc-6502/share/cc65/lib/c64.lib(popa.o):
    CODE              Offs=002D0A  Size=00000C  Align=00001  Fill=0000
/opt/cc-6502/share/cc65/lib/c64.lib(popptr1.o):
    CODE              Offs=002D16  Size=00000E  Align=00001  Fill=0000
/opt/cc-6502/share/cc65/lib/c64.lib(popsreg.o):
    CODE              Offs=002D24  Size=000010  Align=00001  Fill=0000
/opt/cc-6502/share/cc65/lib/c64.lib(push1.o):
    CODE              Offs=002D34  Size=000005  Align=00001  Fill=0000
/opt/cc-6502/share/cc65/lib/c64.lib(pusha.o):
    CODE              Offs=002D39  Size=000016  Align=00001  Fill=0000
/opt/cc-6502/share/cc65/lib/c64.lib(pushax.o):
    CODE              Offs=002D4F  Size=00001A  Align=00001  Fill=0000
/opt/cc-6502/share/cc65/lib/c64.lib(pushw.o):
    CODE              Offs=002D69  Size=00000F  Align=00001  Fill=0000
/opt/cc-6502/share/cc65/lib/c64.lib(pushwsp.o):
    CODE              Offs=002D78  Size=00001C  Align=00001  Fill=0000
/opt/cc-6502/share/cc65/lib/c64.lib(read.o):
    CODE              Offs=002D94  Size=00007E  Align=00001  Fill=0000
    BSS               Offs=0001CD  Size=000001  Align=00001  Fill=0000
    ONCE              Offs=00011E  Size=00000C  Align=00001  Fill=0000
/opt/cc-6502/share/cc65/lib/c64.lib(regswap2.o):
    CODE              Offs=002E12  Size=000016  Align=00001  Fill=0000
/opt/cc-6502/share/cc65/lib/c64.lib(return0.o):
    CODE              Offs=002E28  Size=000004  Align=00001  Fill=0000
/opt/cc-6502/share/cc65/lib/c64.lib(return1.o):
    CODE              Offs=002E2C  Size=000005  Align=00001  Fill=0000
/opt/cc-6502/share/cc65/lib/c64.lib(revers.o):
    CODE              Offs=002E31  Size=000014  Align=00001  Fill=0000
/opt/cc-6502/share/cc65/lib/c64.lib(rwcommon.o):
    CODE              Offs=002E45  Size=00001C  Align=00001  Fill=0000
/opt/cc-6502/share/cc65/lib/c64.lib(scratch.o):
    CODE              Offs=002E61  Size=000019  Align=00001  Fill=0000
/opt/cc-6502/share/cc65/lib/c64.lib(scrsize.o):
    CODE              Offs=002E7A  Size=000013  Align=00001  Fill=0000
/opt/cc-6502/share/cc65/lib/c64.lib(shrax1.o):
    CODE              Offs=002E8D  Size=000008  Align=00001  Fill=0000
/opt/cc-6502/share/cc65/lib/c64.lib(staspidx.o):
    CODE              Offs=002E95  Size=000016  Align=00001  Fill=0000
/opt/cc-6502/share/cc65/lib/c64.lib(status.o):
/opt/cc-6502/share/cc65/lib/c64.lib(staxsp.o):
    CODE              Offs=002EAB  Size=00000B  Align=00001  Fill=0000
/opt/cc-6502/share/cc65/lib/c64.lib(strlen.o):
    CODE              Offs=002EB6  Size=000016  Align=00001  Fill=0000
/opt/cc-6502/share/cc65/lib/c64.lib(strlower.o):
    CODE              Offs=002ECC  Size=000028  Align=00001  Fill=0000
/opt/cc-6502/share/cc65/lib/c64.lib(sub.o):
    CODE              Offs=002EF4  Size=000015  Align=00001  Fill=0000
/opt/cc-6502/share/cc65/lib/c64.lib(subysp.o):
    CODE              Offs=002F09  Size=00000D  Align=00001  Fill=0000
/opt/cc-6502/share/cc65/lib/c64.lib(tolower.o):
    CODE              Offs=002F16  Size=000010  Align=00001  Fill=0000
/opt/cc-6502/share/cc65/lib/c64.lib(toupper.o):
    CODE              Offs=002F26  Size=000010  Align=00001  Fill=0000
/opt/cc-6502/share/cc65/lib/c64.lib(vcprintf.o):
    CODE              Offs=002F36  Size=00007A  Align=00001  Fill=0000
    DATA              Offs=0000DF  Size=000008  Align=00001  Fill=0000
/opt/cc-6502/share/cc65/lib/c64.lib(wherex.o):
    CODE              Offs=002FB0  Size=000005  Align=00001  Fill=0000
/opt/cc-6502/share/cc65/lib/c64.lib(write.o):
    CODE              Offs=002FB5  Size=000054  Align=00001  Fill=0000
    ONCE              Offs=00012A  Size=000011  Align=00001  Fill=0000
/opt/cc-6502/share/cc65/lib/c64.lib(zerobss.o):
    CODE              Offs=003009  Size=000023  Align=00001  Fill=0000
/opt/cc-6502/share/cc65/lib/c64.lib(zeropage.o):
    ZEROPAGE          Offs=000000  Size=00001A  Align=00001  Fill=0000


Segment list:
-------------
Name                   Start     End    Size  Align
----------------------------------------------------
ZEROPAGE              000002  00001B  00001A  00001
LOADADDR              0007FF  000800  000002  00001
EXEHDR                000801  00080C  00000C  00001
STARTUP               00080D  00083F  000033  00001
LOWCODE               000840  000846  000007  00001
CODE                  000847  003872  00302C  00001
RODATA                003873  004063  0007F1  00001
DATA                  004064  00414A  0000E7  00001
INIT                  00414B  004179  00002F  00001
BSS                   00417A  004347  0001CE  00001
ONCE                  00417A  0042C2  000149  00001


Exports list by name:
---------------------
AdrFlagTab                003A55 RLA    BASIN                     00FFCF RLA    
BSOUT                     00FFD2 RLA    CHKIN                     00FFC6 RLA    
CKOUT                     00FFC9 RLA    CLOSE                     00FFC3 RLA    
CLRCH                     00FFCC RLA    CURS_X                    0000D3 RLZ    
CURS_Y                    0000D6 RLZ    MnemoTab1                 003A6F RLA    
MnemoTab2                 003AAF RLA    OPEN                      00FFC0 RLA    
OffsetTab                 003A11 RLA    PLOT                      002BDA RLA    
READST                    00FFB7 RLA    SCREEN                    00FFED RLA    
SETLFS                    00FFBA RLA    SETNAM                    00FFBD RLA    
ST                        000090 RLZ    SymbolTab1                003A63 RLA    
SymbolTab2                003A69 RLA    _DbgBreaks                0041BB RLA    
_DbgCS                    0042EC RLA    _DbgDisAsm                002492 RLA    
_DbgDisAsmLen             0024C1 RLA    _DbgEntry                 002325 RLA    
_DbgGetBreakSlot          002721 RLA    _DbgHI                    0042EE RLA    
_DbgInit                  00268D RLA    _DbgIsBreak               002742 RLA    
_DbgIsRAM                 002662 RLA    _DbgMemDump               0025F6 RLA    
_DbgSP                    004300 RLA    __BSS_RUN__               00417A RLA    
__BSS_SIZE__              0001CE REA    __CALLIRQ__               000001 REA    
__CONSTRUCTOR_COUNT__     000007 REA    __CONSTRUCTOR_TABLE__     0042B5 RLA    
__DESTRUCTOR_COUNT__      000003 REA    __DESTRUCTOR_TABLE__      00405C RLA    
__EXEHDR__                000001 REA    __HEADER_LAST__           00080D RLA    
__HIMEM__                 00D000 REA    __INTERRUPTOR_COUNT__     000001 REA    
__INTERRUPTOR_TABLE__     004062 RLA    __LOADADDR__              000001 REA    
__MAIN_SIZE__             00C7F3 REA    __MAIN_START__            00080D RLA    
__ONCE_RUN__              00417A RLA    __STACKSIZE__             000800 REA    
__STARTUP__               000001 REA    __ZP_START__              000002 RLA    
__argc                    004092 RLA    __argv                    004094 RLA    
__ctype                   003AEF RLA    __directerrno             000CCC RLA    
__errno                   00431A RLA    __filetype                0040F5 RLA    
__heapend                 004068 RLA    __heapfirst               00406A RLA    
__heaplast                00406C RLA    __heapptr                 004066 RLA    
__hextab                  0039F5 RLA    __longminstr              003A05 RLA    
__mappederrno             000CD6 RLA    __oserror                 00417D RLA    
__osmaperrno              003316 RLA    __printf                  000DD9 RLA    
__seterrno                00108B RLA    _bgcolor                  00124E RLA    
_bordercolor              001103 RLA    _brk_a                    0041A9 RLA    
_brk_pc                   0041AD RLA    _brk_sr                   0041AC RLA    
_brk_x                    0041AA RLA    _brk_y                    0041AB RLA    
_bzero                    002E57 RLA    _cclearxy                 00119D RLA    
_cgetc                    0011B2 RLA    _chline                   0011FE RLA    
_chlinexy                 0011F9 RLA    _close                    00120E RLA    
_clrscr                   00E544 REA    _cprintf                  001262 RLA    
_cputc                    001291 RLA    _cputcxy                  00128C RLA    
_cputhex16                0012FB RLA    _cputhex8                 001301 RLA    
_cputs                    001321 RLA    _cputsxy                  001317 RLA    
_cursor                   00133A RLA    _cvlinexy                 001344 RLA    
_doesclrscrafterexit      00366F REA    _exit                     000825 RLA    
_free                     002942 RLA    _gotoxy                   002B18 RLA    
_isalnum                  002BA4 RLA    _isdigit                  002BB3 RLA    
_isxdigit                 002BC2 RLA    _kbhit                    002BD1 RLA    
_ltoa                     002C6A RLA    _main                     000911 RLA    
_malloc                   002D13 RLA    _mod_free                 002942 REA    
_mod_load                 002F8F RLA    _mouse_buttons            004127 REA    
_mouse_clear_ptr          003151 RLA    _mouse_def_callbacks      003F25 RLA    
_mouse_def_pointercolor   003873 RLA    _mouse_def_pointershape   004259 RLA    
_mouse_drv                004342 RLA    _mouse_getbox             004121 RLA    
_mouse_geterrormsg        00315B RLA    _mouse_hidden             004344 RLA    
_mouse_hide               00316E RLA    _mouse_info               00317A RLA    
_mouse_install            0030B9 RLA    _mouse_load_driver        003181 RLA    
_mouse_move               0031DB RLA    _mouse_setbox             00411E RLA    
_mouse_show               0031E1 RLA    _mouse_stddrv             003FBD RLA    
_mouse_uninstall          003143 RLA    _mouse_unload             0031EF RLA    
_open                     00326C RLA    _pen_adjust               00332C RLA    
_pen_adjuster             004141 RLA    _pen_calibrate            0033D0 RLA    
_read                     0035DB RLA    _reset_brk                001130  LAI   
_revers                   003678 RLA    _screensize               0036C1 RLA    
_set_brk                  00110B RLA    _strlen                   0036FD RLA    
_strlower                 003713 RLA    _textcolor                001246 RLA    
_tolower                  00375D RLA    _toupper                  00376D RLA    
_ultoa                    002CAB RLA    _vcprintf                 0037C7 RLA    
_wherex                   0037F7 RLA    _write                    0037FC RLA    
addeq0sp                  0010B0 RLA    addeqysp                  0010B2 RLA    
addysp                    0010C2 RLA    addysp1                   0010C1 RLA    
aslax1                    0010CF RLA    axlong                    0010F6 RLA    
axulong                   0010FC RLA    booleq                    002CED RLA    
callax                    00117F RLA    callirq                   004074 RLA    
callmain                  001186 RLA    chlinechar                000040 REZ    
closeallfiles             003258  LAI   closecmdchannel           002806 RLA    
cputdirect                0012B0 RLA    cursor                    00417C RLA    
curunit                   004167 RLA    cvlinechar                00005D REZ    
decax1                    002776 RLA    decaxy                    00277D RLA    
decsp1                    002786 RLA    decsp2                    00278F RLA    
decsp3                    00279C RLA    decsp4                    0027A9 RLA    
decsp6                    0027B6 RLA    decsp8                    0027C3 RLA    
devnum                    0000BA RLZ    doneirq                   002B95 RLA    
donelib                   001256 RLA    fdtab                     0040C1 RLA    
fnaddmode                 002931 RLA    fncmd                     0040D1 RLA    
fncomplete                002929 RLA    fnisfile                  00431E RLA    
fnlen                     00431D RLA    fnparse                   0028BD RLA    
fnset                     00291F RLA    fnunit                    00431C RLA    
freefd                    002894 RLA    gotoxy                    002B15 RLA    
incax1                    002B50 RLA    incax2                    002B57 RLA    
incax4                    002B5E RLA    incsp1                    002B69 RLA    
incsp2                    002B78 RLA    incsp3                    002B86 RLA    
incsp4                    002B8B RLA    incsp6                    002B90 RLA    
initcurunit               0041B0  LAI   initheap                  00417A  LAI   
initirq                   0041BC RLA    initlib                   00418A RLA    
initmainargs              0041CF RLAI   initmcb                   004238  LAI   
initstdin                 004298  LAI   initstdout                0042A4  LAI   
irq_done                  002B95  LAI   irq_init                  0041BC  LAI   
ldaidx                    002BE5 RLA    ldax0sp                   002BFE RLA    
ldaxi                     002BF1 RLA    ldaxidx                   002BF3 RLA    
ldaxysp                   002C00 RLA    leaa0sp                   002C07 RLA    
mcb_spritememory          000340 RLA    mcb_spritepointer         0007F8 RLA    
mouse_buttons             004127 RLA    mouse_getbox              004121 RLA    
mouse_hide                004118 RLA    mouse_info                00412D RLA    
mouse_irq                 004133  LAI   mouse_libref              004141 RLA    
mouse_move                004124 RLA    mouse_setbox              00411E RLA    
mouse_show                00411B RLA    mulax3                    003247 RLA    
negeax                    002C13 RLA    newline                   0012C0 RLA    
opencmdchannel            0027D9 RLA    plot                      0012E7 RLA    
popa                      003551 RLA    popax                     002B70 RLA    
popptr1                   00355D RLA    popsreg                   00356B RLA    
ptr1                      00000A RLZ    ptr2                      00000C RLZ    
ptr3                      00000E RLZ    ptr4                      000010 RLZ    
push1                     00357B RLA    pusha                     003584 RLA    
pusha0                    003598 RLA    pushax                    00359A RLA    
pusheax                   002C3A RLA    pushw                     0035B0 RLA    
pushw0sp                  0035BF RLA    pushwysp                  0035C1 RLA    
putchar                   0012EF RLA    readdiskerror             002821 RLA    
regbank                   000016 RLZ    regswap2                  003659 RLA    
return0                   00366F RLA    return1                   003673 RLA    
rwcommon                  00368C RLA    scratch                   0036A8 RLA    
screensize                00FFED REA    shlax3                    0010D7 RLA    
shlax4                    0010E5 RLA    shrax1                    0036D4 RLA    
sp                        000002 RLZ    sreg                      000004 RLZ    
staspidx                  0036DC RLA    stax0sp                   0036F2 RLA    
staxysp                   0036F4 RLA    subysp                    003750 RLA    
tmp1                      000012 RLZ    tmp2                      000013 RLZ    
tmp3                      000014 RLZ    tmp4                      000015 RLZ    
tosadda0                  001094 RLA    tosaddax                  001096 RLA    
tosicmp                   002B24 RLA    tosicmp0                  002B22 RLA    
tossubax                  00373D RLA    tosumula0                 00320D RLA    
unittab                   0040C9 RLA    writefndiskcmd            002859 RLA    
zerobss                   003850 RLA    


Exports list by value:
----------------------
__CALLIRQ__               000001 REA    __STARTUP__               000001 REA    
__INTERRUPTOR_COUNT__     000001 REA    __LOADADDR__              000001 REA    
__EXEHDR__                000001 REA    sp                        000002 RLZ    
__ZP_START__              000002 RLA    __DESTRUCTOR_COUNT__      000003 REA    
sreg                      000004 RLZ    __CONSTRUCTOR_COUNT__     000007 REA    
ptr1                      00000A RLZ    ptr2                      00000C RLZ    
ptr3                      00000E RLZ    ptr4                      000010 RLZ    
tmp1                      000012 RLZ    tmp2                      000013 RLZ    
tmp3                      000014 RLZ    tmp4                      000015 RLZ    
regbank                   000016 RLZ    chlinechar                000040 REZ    
cvlinechar                00005D REZ    ST                        000090 RLZ    
devnum                    0000BA RLZ    CURS_X                    0000D3 RLZ    
CURS_Y                    0000D6 RLZ    __BSS_SIZE__              0001CE REA    
mcb_spritememory          000340 RLA    mcb_spritepointer         0007F8 RLA    
__STACKSIZE__             000800 REA    __HEADER_LAST__           00080D RLA    
__MAIN_START__            00080D RLA    _exit                     000825 RLA    
_main                     000911 RLA    __directerrno             000CCC RLA    
__mappederrno             000CD6 RLA    __printf                  000DD9 RLA    
__seterrno                00108B RLA    tosadda0                  001094 RLA    
tosaddax                  001096 RLA    addeq0sp                  0010B0 RLA    
addeqysp                  0010B2 RLA    addysp1                   0010C1 RLA    
addysp                    0010C2 RLA    aslax1                    0010CF RLA    
shlax3                    0010D7 RLA    shlax4                    0010E5 RLA    
axlong                    0010F6 RLA    axulong                   0010FC RLA    
_bordercolor              001103 RLA    _set_brk                  00110B RLA    
_reset_brk                001130  LAI   callax                    00117F RLA    
callmain                  001186 RLA    _cclearxy                 00119D RLA    
_cgetc                    0011B2 RLA    _chlinexy                 0011F9 RLA    
_chline                   0011FE RLA    _close                    00120E RLA    
_textcolor                001246 RLA    _bgcolor                  00124E RLA    
donelib                   001256 RLA    _cprintf                  001262 RLA    
_cputcxy                  00128C RLA    _cputc                    001291 RLA    
cputdirect                0012B0 RLA    newline                   0012C0 RLA    
plot                      0012E7 RLA    putchar                   0012EF RLA    
_cputhex16                0012FB RLA    _cputhex8                 001301 RLA    
_cputsxy                  001317 RLA    _cputs                    001321 RLA    
_cursor                   00133A RLA    _cvlinexy                 001344 RLA    
_DbgEntry                 002325 RLA    _DbgDisAsm                002492 RLA    
_DbgDisAsmLen             0024C1 RLA    _DbgMemDump               0025F6 RLA    
_DbgIsRAM                 002662 RLA    _DbgInit                  00268D RLA    
_DbgGetBreakSlot          002721 RLA    _DbgIsBreak               002742 RLA    
decax1                    002776 RLA    decaxy                    00277D RLA    
decsp1                    002786 RLA    decsp2                    00278F RLA    
decsp3                    00279C RLA    decsp4                    0027A9 RLA    
decsp6                    0027B6 RLA    decsp8                    0027C3 RLA    
opencmdchannel            0027D9 RLA    closecmdchannel           002806 RLA    
readdiskerror             002821 RLA    writefndiskcmd            002859 RLA    
freefd                    002894 RLA    fnparse                   0028BD RLA    
fnset                     00291F RLA    fncomplete                002929 RLA    
fnaddmode                 002931 RLA    _free                     002942 RLA    
_mod_free                 002942 REA    gotoxy                    002B15 RLA    
_gotoxy                   002B18 RLA    tosicmp0                  002B22 RLA    
tosicmp                   002B24 RLA    incax1                    002B50 RLA    
incax2                    002B57 RLA    incax4                    002B5E RLA    
incsp1                    002B69 RLA    popax                     002B70 RLA    
incsp2                    002B78 RLA    incsp3                    002B86 RLA    
incsp4                    002B8B RLA    incsp6                    002B90 RLA    
irq_done                  002B95  LAI   doneirq                   002B95 RLA    
_isalnum                  002BA4 RLA    _isdigit                  002BB3 RLA    
_isxdigit                 002BC2 RLA    _kbhit                    002BD1 RLA    
PLOT                      002BDA RLA    ldaidx                    002BE5 RLA    
ldaxi                     002BF1 RLA    ldaxidx                   002BF3 RLA    
ldax0sp                   002BFE RLA    ldaxysp                   002C00 RLA    
leaa0sp                   002C07 RLA    negeax                    002C13 RLA    
pusheax                   002C3A RLA    _ltoa                     002C6A RLA    
_ultoa                    002CAB RLA    booleq                    002CED RLA    
_malloc                   002D13 RLA    _bzero                    002E57 RLA    
_mod_load                 002F8F RLA    _mouse_install            0030B9 RLA    
_mouse_uninstall          003143 RLA    _mouse_clear_ptr          003151 RLA    
_mouse_geterrormsg        00315B RLA    _mouse_hide               00316E RLA    
_mouse_info               00317A RLA    _mouse_load_driver        003181 RLA    
_mouse_move               0031DB RLA    _mouse_show               0031E1 RLA    
_mouse_unload             0031EF RLA    tosumula0                 00320D RLA    
mulax3                    003247 RLA    closeallfiles             003258  LAI   
_open                     00326C RLA    __osmaperrno              003316 RLA    
_pen_adjust               00332C RLA    _pen_calibrate            0033D0 RLA    
popa                      003551 RLA    popptr1                   00355D RLA    
popsreg                   00356B RLA    push1                     00357B RLA    
pusha                     003584 RLA    pusha0                    003598 RLA    
pushax                    00359A RLA    pushw                     0035B0 RLA    
pushw0sp                  0035BF RLA    pushwysp                  0035C1 RLA    
_read                     0035DB RLA    regswap2                  003659 RLA    
return0                   00366F RLA    _doesclrscrafterexit      00366F REA    
return1                   003673 RLA    _revers                   003678 RLA    
rwcommon                  00368C RLA    scratch                   0036A8 RLA    
_screensize               0036C1 RLA    shrax1                    0036D4 RLA    
staspidx                  0036DC RLA    stax0sp                   0036F2 RLA    
staxysp                   0036F4 RLA    _strlen                   0036FD RLA    
_strlower                 003713 RLA    tossubax                  00373D RLA    
subysp                    003750 RLA    _tolower                  00375D RLA    
_toupper                  00376D RLA    _vcprintf                 0037C7 RLA    
_wherex                   0037F7 RLA    _write                    0037FC RLA    
zerobss                   003850 RLA    _mouse_def_pointercolor   003873 RLA    
__hextab                  0039F5 RLA    __longminstr              003A05 RLA    
OffsetTab                 003A11 RLA    AdrFlagTab                003A55 RLA    
SymbolTab1                003A63 RLA    SymbolTab2                003A69 RLA    
MnemoTab1                 003A6F RLA    MnemoTab2                 003AAF RLA    
__ctype                   003AEF RLA    _mouse_def_callbacks      003F25 RLA    
_mouse_stddrv             003FBD RLA    __DESTRUCTOR_TABLE__      00405C RLA    
__INTERRUPTOR_TABLE__     004062 RLA    __heapptr                 004066 RLA    
__heapend                 004068 RLA    __heapfirst               00406A RLA    
__heaplast                00406C RLA    callirq                   004074 RLA    
__argc                    004092 RLA    __argv                    004094 RLA    
fdtab                     0040C1 RLA    unittab                   0040C9 RLA    
fncmd                     0040D1 RLA    __filetype                0040F5 RLA    
mouse_hide                004118 RLA    mouse_show                00411B RLA    
mouse_setbox              00411E RLA    _mouse_setbox             00411E RLA    
_mouse_getbox             004121 RLA    mouse_getbox              004121 RLA    
mouse_move                004124 RLA    mouse_buttons             004127 RLA    
_mouse_buttons            004127 REA    mouse_info                00412D RLA    
mouse_irq                 004133  LAI   _pen_adjuster             004141 RLA    
mouse_libref              004141 RLA    curunit                   004167 RLA    
__BSS_RUN__               00417A RLA    initheap                  00417A  LAI   
__ONCE_RUN__              00417A RLA    cursor                    00417C RLA    
__oserror                 00417D RLA    initlib                   00418A RLA    
_brk_a                    0041A9 RLA    _brk_x                    0041AA RLA    
_brk_y                    0041AB RLA    _brk_sr                   0041AC RLA    
_brk_pc                   0041AD RLA    initcurunit               0041B0  LAI   
_DbgBreaks                0041BB RLA    irq_init                  0041BC  LAI   
initirq                   0041BC RLA    initmainargs              0041CF RLAI   
initmcb                   004238  LAI   _mouse_def_pointershape   004259 RLA    
initstdin                 004298  LAI   initstdout                0042A4  LAI   
__CONSTRUCTOR_TABLE__     0042B5 RLA    _DbgCS                    0042EC RLA    
_DbgHI                    0042EE RLA    _DbgSP                    004300 RLA    
__errno                   00431A RLA    fnunit                    00431C RLA    
fnlen                     00431D RLA    fnisfile                  00431E RLA    
_mouse_drv                004342 RLA    _mouse_hidden             004344 RLA    
__MAIN_SIZE__             00C7F3 REA    __HIMEM__                 00D000 REA    
_clrscr                   00E544 REA    READST                    00FFB7 RLA    
SETLFS                    00FFBA RLA    SETNAM                    00FFBD RLA    
OPEN                      00FFC0 RLA    CLOSE                     00FFC3 RLA    
CHKIN                     00FFC6 RLA    CKOUT                     00FFC9 RLA    
CLRCH                     00FFCC RLA    BASIN                     00FFCF RLA    
BSOUT                     00FFD2 RLA    screensize                00FFED REA    
SCREEN                    00FFED RLA    


Imports list:
-------------
AdrFlagTab (asmtab.o):
    dbgdasm.o                 dbg/dbgdasm.s(13)
BASIN (kernal.o):
    diskcmd.o                 cbm/cbm.inc(47)
    read.o                    cbm/cbm.inc(47)
BSOUT (kernal.o):
    diskcmd.o                 cbm/cbm.inc(49)
    write.o                   cbm/cbm.inc(49)
    read.o                    cbm/cbm.inc(49)
    crt0.o                    c64/crt0.s(10)
CHKIN (kernal.o):
    diskcmd.o                 cbm/cbm.inc(44)
    read.o                    cbm/cbm.inc(44)
CKOUT (kernal.o):
    diskcmd.o                 cbm/cbm.inc(45)
    write.o                   cbm/cbm.inc(45)
CLOSE (kernal.o):
    diskcmd.o                 cbm/cbm.inc(36)
    close.o                   cbm/cbm.inc(36)
    open.o                    cbm/cbm.inc(36)
CLRCH (kernal.o):
    diskcmd.o                 cbm/cbm.inc(46)
    write.o                   cbm/cbm.inc(46)
    read.o                    cbm/cbm.inc(46)
CURS_X (conio.o):
    wherex.o                  cbm/wherex.s(8)
    gotoxy.o                  cbm/gotoxy.s(9)
CURS_Y (conio.o):
    gotoxy.o                  cbm/gotoxy.s(9)
MnemoTab1 (asmtab.o):
    dbgdasm.o                 dbg/dbgdasm.s(14)
MnemoTab2 (asmtab.o):
    dbgdasm.o                 dbg/dbgdasm.s(14)
OPEN (kernal.o):
    diskcmd.o                 cbm/cbm.inc(35)
    write.o                   cbm/cbm.inc(35)
    read.o                    cbm/cbm.inc(35)
    open.o                    cbm/cbm.inc(35)
OffsetTab (asmtab.o):
    dbgdasm.o                 dbg/dbgdasm.s(13)
PLOT (kplot.o):
    cputc.o                   c64/cputc.s(11)
READST (kernal.o):
    write.o                   cbm/cbm.inc(32)
    read.o                    cbm/cbm.inc(32)
SCREEN (kernal.o):
    _scrsize.o                c64/_scrsize.s(8)
SETLFS (kernal.o):
    diskcmd.o                 cbm/cbm.inc(33)
    write.o                   cbm/cbm.inc(33)
    read.o                    cbm/cbm.inc(33)
    open.o                    cbm/cbm.inc(33)
SETNAM (kernal.o):
    filename.o                cbm/cbm.inc(34)
    diskcmd.o                 cbm/cbm.inc(34)
ST (status.o):
    crt0.o                    c64/crt0.s(13)
SymbolTab1 (asmtab.o):
    dbgdasm.o                 dbg/dbgdasm.s(14)
SymbolTab2 (asmtab.o):
    dbgdasm.o                 dbg/dbgdasm.s(14)
_DbgBreaks (dbg.o):
    dbgsupp.o                 dbg/dbgsupp.s(10)
_DbgCS (dbgsupp.o):
    dbg.o                     ../libwrk/c64/dbg.s(48)
_DbgDisAsm (dbgdasm.o):
    dbg.o                     ../libwrk/c64/dbg.s(43)
_DbgDisAsmLen (dbgdasm.o):
    dbg.o                     ../libwrk/c64/dbg.s(44)
_DbgEntry (dbg.o):
    dbgsupp.o                 dbg/dbgsupp.s(9)
_DbgGetBreakSlot (dbgsupp.o):
    dbg.o                     ../libwrk/c64/dbg.s(52)
_DbgHI (dbgsupp.o):
    dbg.o                     ../libwrk/c64/dbg.s(49)
_DbgInit (dbgsupp.o):
    mousedemo.o               mousedemo.s(89)
_DbgIsBreak (dbgsupp.o):
    dbg.o                     ../libwrk/c64/dbg.s(53)
_DbgIsRAM (dbgisram.o):
    dbg.o                     ../libwrk/c64/dbg.s(45)
_DbgMemDump (dbgdump.o):
    dbg.o                     ../libwrk/c64/dbg.s(46)
_DbgSP (dbgsupp.o):
    dbg.o                     ../libwrk/c64/dbg.s(47)
__BSS_RUN__ ([linker generated]):
    _heap.o                   common/_heap.s(8)
    zerobss.o                 common/zerobss.s(8)
__BSS_SIZE__ ([linker generated]):
    _heap.o                   common/_heap.s(8)
    zerobss.o                 common/zerobss.s(8)
__CALLIRQ__ (callirq.o):
    mouse-kernel.o            mouse/mouse-kernel.s(38)
__CONSTRUCTOR_COUNT__ ([linker generated]):
    condes.o                  runtime/condes.s(18)
__CONSTRUCTOR_TABLE__ ([linker generated]):
    condes.o                  runtime/condes.s(18)
__DESTRUCTOR_COUNT__ ([linker generated]):
    condes.o                  runtime/condes.s(19)
__DESTRUCTOR_TABLE__ ([linker generated]):
    condes.o                  runtime/condes.s(19)
__EXEHDR__ (exehdr.o):
    [linker generated]        /opt/cc-6502/share/cc65/cfg/c64.cfg(6)
__HEADER_LAST__ ([linker generated]):
    [linker generated]        /opt/cc-6502/share/cc65/cfg/c64.cfg(14)
    [linker generated]        /opt/cc-6502/share/cc65/cfg/c64.cfg(14)
__HIMEM__ ([linker generated]):
    [linker generated]        /opt/cc-6502/share/cc65/cfg/c64.cfg(15)
    [linker generated]        /opt/cc-6502/share/cc65/cfg/c64.cfg(14)
__INTERRUPTOR_COUNT__ ([linker generated]):
    callirq.o                 runtime/callirq.s(36)
__INTERRUPTOR_TABLE__ ([linker generated]):
    callirq.o                 runtime/callirq.s(36)
__LOADADDR__ (loadaddr.o):
    [linker generated]        /opt/cc-6502/share/cc65/cfg/c64.cfg(5)
__MAIN_SIZE__ ([linker generated]):
    crt0.o                    c64/crt0.s(11)
__MAIN_START__ ([linker generated]):
    crt0.o                    c64/crt0.s(11)
__ONCE_RUN__ ([linker generated]):
    [linker generated]        /opt/cc-6502/share/cc65/cfg/c64.cfg(15)
    [linker generated]        /opt/cc-6502/share/cc65/cfg/c64.cfg(15)
__STACKSIZE__ ([linker generated]):
    _heap.o                   common/_heap.s(8)
    [linker generated]        /opt/cc-6502/share/cc65/cfg/c64.cfg(15)
__STARTUP__ (crt0.o):
    mousedemo.o               mousedemo.s(32)
__ZP_START__ ([linker generated]):
    modload.o                 common/modload.s(42)
    dbgsupp.o                 dbg/dbgsupp.s(12)
__argc (callmain.o):
    mainargs.o                c64/mainargs.s(26)
__argv (callmain.o):
    mainargs.o                c64/mainargs.s(26)
__ctype (ctype.o):
    toupper.o                 common/toupper.s(8)
    strlower.o                common/strlower.s(13)
    isxdigit.o                /Users/thierry/Projects/Devel/cc65/asminc/ctype.inc(9)
    isdigit.o                 /Users/thierry/Projects/Devel/cc65/asminc/ctype.inc(9)
    isalnum.o                 /Users/thierry/Projects/Devel/cc65/asminc/ctype.inc(9)
    tolower.o                 common/tolower.s(8)
__directerrno (_directerrno.o):
    close.o                   /Users/thierry/Projects/Devel/cc65/asminc/errno.inc(10)
    write.o                   /Users/thierry/Projects/Devel/cc65/asminc/errno.inc(10)
    read.o                    /Users/thierry/Projects/Devel/cc65/asminc/errno.inc(10)
    open.o                    /Users/thierry/Projects/Devel/cc65/asminc/errno.inc(10)
__errno (errno.o):
    _seterrno.o               /Users/thierry/Projects/Devel/cc65/asminc/errno.inc(7)
__filetype (filetype.o):
    filename.o                cbm/filename.s(11)
__heapend (_heap.o):
    malloc.o                  /Users/thierry/Projects/Devel/cc65/asminc/_heap.inc(33)
__heapfirst (_heap.o):
    malloc.o                  /Users/thierry/Projects/Devel/cc65/asminc/_heap.inc(34)
    free.o                    /Users/thierry/Projects/Devel/cc65/asminc/_heap.inc(34)
__heaplast (_heap.o):
    malloc.o                  /Users/thierry/Projects/Devel/cc65/asminc/_heap.inc(35)
    free.o                    /Users/thierry/Projects/Devel/cc65/asminc/_heap.inc(35)
__heapptr (_heap.o):
    malloc.o                  /Users/thierry/Projects/Devel/cc65/asminc/_heap.inc(32)
    free.o                    /Users/thierry/Projects/Devel/cc65/asminc/_heap.inc(32)
__hextab (_hextab.o):
    cputhex.o                 conio/cputhex.s(10)
    ltoa.o                    common/ltoa.s(10)
    dbgdump.o                 dbg/dbgdump.s(9)
    dbgdasm.o                 dbg/dbgdasm.s(13)
__longminstr (_longminstr.o):
    ltoa.o                    common/ltoa.s(10)
__mappederrno (_mappederrno.o):
    close.o                   /Users/thierry/Projects/Devel/cc65/asminc/errno.inc(10)
    write.o                   /Users/thierry/Projects/Devel/cc65/asminc/errno.inc(10)
    read.o                    /Users/thierry/Projects/Devel/cc65/asminc/errno.inc(10)
    open.o                    /Users/thierry/Projects/Devel/cc65/asminc/errno.inc(10)
__oserror (_oserror.o):
    _mappederrno.o            /Users/thierry/Projects/Devel/cc65/asminc/errno.inc(7)
    _directerrno.o            /Users/thierry/Projects/Devel/cc65/asminc/errno.inc(7)
    write.o                   /Users/thierry/Projects/Devel/cc65/asminc/errno.inc(7)
    read.o                    /Users/thierry/Projects/Devel/cc65/asminc/errno.inc(7)
    open.o                    /Users/thierry/Projects/Devel/cc65/asminc/errno.inc(7)
__osmaperrno (oserror.o):
    _mappederrno.o            /Users/thierry/Projects/Devel/cc65/asminc/errno.inc(8)
__printf (_printf.o):
    vcprintf.o                conio/vcprintf.s(9)
__seterrno (_seterrno.o):
    _mappederrno.o            /Users/thierry/Projects/Devel/cc65/asminc/errno.inc(9)
    _directerrno.o            /Users/thierry/Projects/Devel/cc65/asminc/errno.inc(9)
_bgcolor (color.o):
    dbg.o                     ../libwrk/c64/dbg.s(26)
    pencalib.o                ../libwrk/c64/pencalib.s(17)
    mousedemo.o               mousedemo.s(84)
_bordercolor (bordercolor.o):
    dbg.o                     ../libwrk/c64/dbg.s(27)
    mousedemo.o               mousedemo.s(85)
_brk_a (break.o):
    dbg.o                     ../libwrk/c64/dbg.s(38)
_brk_pc (break.o):
    dbg.o                     ../libwrk/c64/dbg.s(42)
_brk_sr (break.o):
    dbg.o                     ../libwrk/c64/dbg.s(41)
_brk_x (break.o):
    dbg.o                     ../libwrk/c64/dbg.s(39)
_brk_y (break.o):
    dbg.o                     ../libwrk/c64/dbg.s(40)
_bzero (memset.o):
    modload.o                 common/modload.s(41)
_cclearxy (cclear.o):
    dbg.o                     ../libwrk/c64/dbg.s(31)
    pencalib.o                ../libwrk/c64/pencalib.s(19)
    mousedemo.o               mousedemo.s(86)
_cgetc (cgetc.o):
    dbg.o                     ../libwrk/c64/dbg.s(22)
    mousedemo.o               mousedemo.s(81)
_chline (chline.o):
    dbg.o                     ../libwrk/c64/dbg.s(28)
_chlinexy (chline.o):
    dbg.o                     ../libwrk/c64/dbg.s(29)
_close (close.o):
    penadjust.o               ../libwrk/c64/penadjust.s(14)
    open.o                    cbm/open.s(14)
    mouse_load.o              mouse/mouse_load.s(18)
_clrscr (clrscr.o):
    dbg.o                     ../libwrk/c64/dbg.s(15)
    pencalib.o                ../libwrk/c64/pencalib.s(13)
    mousedemo.o               mousedemo.s(75)
_cprintf (cprintf.o):
    mousedemo.o               mousedemo.s(80)
_cputc (cputc.o):
    cputhex.o                 conio/cputhex.s(9)
    dbg.o                     ../libwrk/c64/dbg.s(19)
    vcprintf.o                conio/vcprintf.s(9)
    cputs.o                   conio/cputs.s(9)
_cputcxy (cputc.o):
    dbg.o                     ../libwrk/c64/dbg.s(20)
_cputhex16 (cputhex.o):
    dbg.o                     ../libwrk/c64/dbg.s(33)
_cputhex8 (cputhex.o):
    dbg.o                     ../libwrk/c64/dbg.s(32)
_cputs (cputs.o):
    mousedemo.o               mousedemo.s(78)
_cputsxy (cputs.o):
    dbg.o                     ../libwrk/c64/dbg.s(21)
    pencalib.o                ../libwrk/c64/pencalib.s(14)
    mousedemo.o               mousedemo.s(79)
_cursor (cursor.o):
    dbg.o                     ../libwrk/c64/dbg.s(23)
    mousedemo.o               mousedemo.s(82)
_cvlinexy (cvline.o):
    dbg.o                     ../libwrk/c64/dbg.s(30)
    pencalib.o                ../libwrk/c64/pencalib.s(18)
_doesclrscrafterexit (doesclrscr.o):
    mousedemo.o               mousedemo.s(90)
_exit (crt0.o):
    dbg.o                     ../libwrk/c64/dbg.s(13)
    mousedemo.o               mousedemo.s(62)
_free (free.o):
    modload.o                 common/modload.s(41)
    modfree.o                 common/modfree.s(36)
_gotoxy (gotoxy.o):
    dbg.o                     ../libwrk/c64/dbg.s(17)
    mousedemo.o               mousedemo.s(77)
_isalnum (isalnum.o):
    dbg.o                     ../libwrk/c64/dbg.s(34)
_isdigit (isdigit.o):
    dbg.o                     ../libwrk/c64/dbg.s(35)
_isxdigit (isxdigit.o):
    dbg.o                     ../libwrk/c64/dbg.s(36)
_kbhit (kbhit.o):
    dbg.o                     ../libwrk/c64/dbg.s(16)
    mousedemo.o               mousedemo.s(76)
_ltoa (ltoa.o):
    _printf.o                 common/_printf.s(12)
_main (mousedemo.o):
    callmain.o                runtime/callmain.s(11)
_malloc (malloc.o):
    modload.o                 common/modload.s(41)
_mod_free (modfree.o):
    mouse_unload.o            /Users/thierry/Projects/Devel/cc65/asminc/modload.inc(66)
    mouse_load.o              /Users/thierry/Projects/Devel/cc65/asminc/modload.inc(66)
_mod_load (modload.o):
    mouse_load.o              /Users/thierry/Projects/Devel/cc65/asminc/modload.inc(60)
_mouse_buttons (mouse_buttons.o):
    pencalib.o                ../libwrk/c64/pencalib.s(24)
_mouse_clear_ptr (mouse-kernel.o):
    mouse_load.o              /Users/thierry/Projects/Devel/cc65/asminc/mouse-kernel.inc(169)
_mouse_def_callbacks (mcbdefault.o):
    mousedemo.o               mousedemo.s(63)
_mouse_def_pointercolor (mousedemo.o):
    mcbdefault.o              c64/mcbdefault.s(13)
_mouse_def_pointershape (mcbpointershape.o):
    mcbdefault.o              c64/mcbdefault.s(12)
_mouse_drv (mouse-kernel.o):
    mouse_unload.o            /Users/thierry/Projects/Devel/cc65/asminc/mouse-kernel.inc(148)
    mouse_load.o              /Users/thierry/Projects/Devel/cc65/asminc/mouse-kernel.inc(148)
_mouse_getbox (mouse_getbox.o):
    mousedemo.o               mousedemo.s(72)
_mouse_geterrormsg (mouse_geterrormsg.o):
    mousedemo.o               mousedemo.s(68)
_mouse_hidden (mouse-kernel.o):
    mouse_show.o              /Users/thierry/Projects/Devel/cc65/asminc/mouse-kernel.inc(149)
    mouse_hide.o              /Users/thierry/Projects/Devel/cc65/asminc/mouse-kernel.inc(149)
_mouse_hide (mouse_hide.o):
    pencalib.o                ../libwrk/c64/pencalib.s(21)
    mousedemo.o               mousedemo.s(69)
_mouse_info (mouse_info.o):
    pencalib.o                ../libwrk/c64/pencalib.s(25)
    mousedemo.o               mousedemo.s(73)
_mouse_install (mouse-kernel.o):
    mouse_load.o              /Users/thierry/Projects/Devel/cc65/asminc/mouse-kernel.inc(156)
_mouse_load_driver (mouse_load.o):
    mousedemo.o               mousedemo.s(66)
_mouse_move (mouse_move.o):
    pencalib.o                ../libwrk/c64/pencalib.s(23)
_mouse_setbox (mouse_setbox.o):
    mousedemo.o               mousedemo.s(71)
_mouse_show (mouse_show.o):
    pencalib.o                ../libwrk/c64/pencalib.s(22)
    mousedemo.o               mousedemo.s(70)
_mouse_stddrv (mouse_stddrv.o):
    mousedemo.o               mousedemo.s(65)
_mouse_uninstall (mouse-kernel.o):
    mouse_unload.o            /Users/thierry/Projects/Devel/cc65/asminc/mouse-kernel.inc(157)
    mouse_load.o              /Users/thierry/Projects/Devel/cc65/asminc/mouse-kernel.inc(157)
_mouse_unload (mouse_unload.o):
    mousedemo.o               mousedemo.s(67)
_open (open.o):
    penadjust.o               ../libwrk/c64/penadjust.s(13)
    mouse_load.o              mouse/mouse_load.s(16)
_pen_adjust (penadjust.o):
    mousedemo.o               mousedemo.s(74)
_pen_adjuster (mouseref.o):
    penadjust.o               ../libwrk/c64/penadjust.s(17)
_pen_calibrate (pencalib.o):
    penadjust.o               ../libwrk/c64/penadjust.s(18)
_read (read.o):
    penadjust.o               ../libwrk/c64/penadjust.s(16)
    mouse_load.o              mouse/mouse_load.s(17)
_revers (revers.o):
    dbg.o                     ../libwrk/c64/dbg.s(24)
    pencalib.o                ../libwrk/c64/pencalib.s(15)
_screensize (scrsize.o):
    pencalib.o                ../libwrk/c64/pencalib.s(20)
    mousedemo.o               mousedemo.s(87)
_set_brk (break.o):
    dbgsupp.o                 dbg/dbgsupp.s(9)
_strlen (strlen.o):
    dbg.o                     ../libwrk/c64/dbg.s(14)
    _printf.o                 common/_printf.s(13)
_strlower (strlower.o):
    _printf.o                 common/_printf.s(13)
_textcolor (color.o):
    dbg.o                     ../libwrk/c64/dbg.s(25)
    pencalib.o                ../libwrk/c64/pencalib.s(16)
    mousedemo.o               mousedemo.s(83)
_tolower (tolower.o):
    mousedemo.o               mousedemo.s(88)
_toupper (toupper.o):
    dbg.o                     ../libwrk/c64/dbg.s(37)
_ultoa (ltoa.o):
    _printf.o                 common/_printf.s(12)
_vcprintf (vcprintf.o):
    cprintf.o                 conio/cprintf.s(8)
_wherex (wherex.o):
    dbg.o                     ../libwrk/c64/dbg.s(18)
_write (write.o):
    penadjust.o               ../libwrk/c64/penadjust.s(15)
addeq0sp (addeqsp.o):
    dbg.o                     ../libwrk/c64/dbg.s(2891)
    dbg.o                     ../libwrk/c64/dbg.s(2891)
    dbg.o                     ../libwrk/c64/dbg.s(2891)
    dbg.o                     ../libwrk/c64/dbg.s(2891)
    dbg.o                     ../libwrk/c64/dbg.s(2891)
addeqysp (addeqsp.o):
    dbg.o                     ../libwrk/c64/dbg.s(2891)
    dbg.o                     ../libwrk/c64/dbg.s(2891)
    dbg.o                     ../libwrk/c64/dbg.s(2891)
    dbg.o                     ../libwrk/c64/dbg.s(2891)
    dbg.o                     ../libwrk/c64/dbg.s(2891)
addysp (addysp.o):
    incsp6.o                  runtime/incsp6.s(8)
    incsp4.o                  runtime/incsp4.s(8)
    dbg.o                     ../libwrk/c64/dbg.s(2891)
    dbg.o                     ../libwrk/c64/dbg.s(2891)
    dbg.o                     ../libwrk/c64/dbg.s(2891)
    dbg.o                     ../libwrk/c64/dbg.s(2891)
    dbg.o                     ../libwrk/c64/dbg.s(2891)
    dbg.o                     ../libwrk/c64/dbg.s(2891)
    pencalib.o                ../libwrk/c64/pencalib.s(222)
    open.o                    cbm/open.s(10)
    incsp3.o                  runtime/incsp3.s(8)
    cprintf.o                 conio/cprintf.s(8)
    mousedemo.o               mousedemo.s(1129)
addysp1 (addysp.o):
    dbgdump.o                 dbg/dbgdump.s(8)
    sub.o                     runtime/sub.s(8)
aslax1 (aslax1.o):
    dbg.o                     ../libwrk/c64/dbg.s(2891)
    dbg.o                     ../libwrk/c64/dbg.s(2891)
axlong (axlong.o):
    _printf.o                 common/_printf.s(11)
axulong (axlong.o):
    _printf.o                 common/_printf.s(11)
booleq (makebool.o):
    dbg.o                     ../libwrk/c64/dbg.s(2891)
callax (call.o):
    dbg.o                     ../libwrk/c64/dbg.s(2891)
callirq (callirq.o):
    irq.o                     c64/irq.s(6)
callmain (callmain.o):
    crt0.o                    c64/crt0.s(9)
chlinechar (clinechars.o):
    chline.o                  cbm/chline.s(10)
closecmdchannel (diskcmd.o):
    close.o                   cbm/close.s(9)
    scratch.o                 cbm/scratch.s(8)
    open.o                    cbm/open.s(12)
cputdirect (cputc.o):
    chline.o                  cbm/chline.s(9)
    cclear.o                  cbm/cclear.s(9)
cursor (_cursor.o):
    cursor.o                  conio/cursor.s(8)
    cgetc.o                   c64/cgetc.s(8)
curunit (filevars.o):
    filename.o                cbm/filename.s(11)
cvlinechar (clinechars.o):
    cvline.o                  cbm/cvline.s(10)
decax1 (decax1.o):
    modload.o                 common/modload.s(40)
decaxy (decaxy.o):
    dbg.o                     ../libwrk/c64/dbg.s(2891)
    dbg.o                     ../libwrk/c64/dbg.s(2891)
    pencalib.o                ../libwrk/c64/pencalib.s(222)
decsp1 (decsp1.o):
    dbg.o                     ../libwrk/c64/dbg.s(2891)
    dbg.o                     ../libwrk/c64/dbg.s(2891)
    dbg.o                     ../libwrk/c64/dbg.s(2891)
    dbg.o                     ../libwrk/c64/dbg.s(2891)
    dbg.o                     ../libwrk/c64/dbg.s(2891)
    dbg.o                     ../libwrk/c64/dbg.s(2891)
    dbg.o                     ../libwrk/c64/dbg.s(2891)
    dbg.o                     ../libwrk/c64/dbg.s(2891)
    dbg.o                     ../libwrk/c64/dbg.s(2891)
    dbg.o                     ../libwrk/c64/dbg.s(2891)
    dbg.o                     ../libwrk/c64/dbg.s(2891)
decsp2 (decsp2.o):
    dbg.o                     ../libwrk/c64/dbg.s(2891)
    mousedemo.o               mousedemo.s(1129)
    mousedemo.o               mousedemo.s(1129)
decsp3 (decsp3.o):
    dbg.o                     ../libwrk/c64/dbg.s(2891)
    dbg.o                     ../libwrk/c64/dbg.s(2891)
decsp4 (decsp4.o):
    lpush.o                   runtime/lpush.s(12)
decsp6 (decsp6.o):
    _printf.o                 common/_printf.s(11)
decsp8 (decsp8.o):
    dbg.o                     ../libwrk/c64/dbg.s(2891)
devnum (devnum.o):
    filevars.o                cbm/filevars.s(9)
doneirq (irq.o):
    callirq.o                 runtime/callirq.s(38)
donelib (condes.o):
    crt0.o                    c64/crt0.s(8)
fdtab (filedes.o):
    close.o                   cbm/filedes.inc(7)
    write.o                   cbm/filedes.inc(7)
    read.o                    cbm/filedes.inc(7)
    open.o                    cbm/filedes.inc(7)
fnaddmode (filename.o):
    open.o                    cbm/open.s(11)
fncmd (filename.o):
    diskcmd.o                 cbm/diskcmd.s(14)
    scratch.o                 cbm/scratch.s(9)
fncomplete (filename.o):
    open.o                    cbm/open.s(11)
fnisfile (filename.o):
    open.o                    cbm/open.s(13)
fnlen (filename.o):
    diskcmd.o                 cbm/diskcmd.s(14)
fnparse (filename.o):
    open.o                    cbm/open.s(11)
fnset (filename.o):
    open.o                    cbm/open.s(11)
fnunit (filename.o):
    diskcmd.o                 cbm/diskcmd.s(14)
    scratch.o                 cbm/scratch.s(9)
    open.o                    cbm/open.s(13)
freefd (filedes.o):
    open.o                    cbm/filedes.inc(9)
gotoxy (gotoxy.o):
    chline.o                  cbm/chline.s(9)
    cvline.o                  cbm/cvline.s(9)
    cputs.o                   conio/cputs.s(9)
    cputc.o                   c64/cputc.s(10)
    cclear.o                  cbm/cclear.s(9)
incax1 (incax1.o):
    dbg.o                     ../libwrk/c64/dbg.s(2891)
    dbg.o                     ../libwrk/c64/dbg.s(2891)
    dbg.o                     ../libwrk/c64/dbg.s(2891)
    dbg.o                     ../libwrk/c64/dbg.s(2891)
incax2 (incax2.o):
    dbg.o                     ../libwrk/c64/dbg.s(2891)
    dbg.o                     ../libwrk/c64/dbg.s(2891)
incax4 (incaxy.o):
    pencalib.o                ../libwrk/c64/pencalib.s(222)
incsp1 (incsp1.o):
    dbg.o                     ../libwrk/c64/dbg.s(2891)
    dbg.o                     ../libwrk/c64/dbg.s(2891)
    dbg.o                     ../libwrk/c64/dbg.s(2891)
    dbg.o                     ../libwrk/c64/dbg.s(2891)
incsp2 (incsp2.o):
    popsreg.o                 runtime/popsreg.s(8)
    mouse_move.o              mouse/mouse_move.s(12)
    mouse-kernel.o            mouse/mouse-kernel.s(7)
    dbg.o                     ../libwrk/c64/dbg.s(2891)
    dbg.o                     ../libwrk/c64/dbg.s(2891)
    dbg.o                     ../libwrk/c64/dbg.s(2891)
    dbg.o                     ../libwrk/c64/dbg.s(2891)
    dbg.o                     ../libwrk/c64/dbg.s(2891)
    staspidx.o                runtime/staspidx.s(8)
    popptr1.o                 runtime/popptr1.s(8)
    penadjust.o               ../libwrk/c64/penadjust.s(116)
    mouse_load.o              mouse/mouse_load.s(15)
    mousedemo.o               mousedemo.s(1129)
incsp3 (incsp3.o):
    dbg.o                     ../libwrk/c64/dbg.s(2891)
    dbg.o                     ../libwrk/c64/dbg.s(2891)
    dbg.o                     ../libwrk/c64/dbg.s(2891)
    dbg.o                     ../libwrk/c64/dbg.s(2891)
    dbg.o                     ../libwrk/c64/dbg.s(2891)
    dbg.o                     ../libwrk/c64/dbg.s(2891)
    dbg.o                     ../libwrk/c64/dbg.s(2891)
    dbg.o                     ../libwrk/c64/dbg.s(2891)
    mousedemo.o               mousedemo.s(1129)
incsp4 (incsp4.o):
    dbg.o                     ../libwrk/c64/dbg.s(2891)
    dbg.o                     ../libwrk/c64/dbg.s(2891)
    dbg.o                     ../libwrk/c64/dbg.s(2891)
    dbg.o                     ../libwrk/c64/dbg.s(2891)
    dbg.o                     ../libwrk/c64/dbg.s(2891)
    penadjust.o               ../libwrk/c64/penadjust.s(116)
incsp6 (incsp6.o):
    dbg.o                     ../libwrk/c64/dbg.s(2891)
initirq (irq.o):
    callirq.o                 runtime/callirq.s(37)
initlib (condes.o):
    crt0.o                    c64/crt0.s(8)
initmainargs (mainargs.o):
    mousedemo.o               mousedemo.s(33)
ldaidx (ldai.o):
    dbg.o                     ../libwrk/c64/dbg.s(2891)
    dbg.o                     ../libwrk/c64/dbg.s(2891)
ldax0sp (ldaxsp.o):
    dbg.o                     ../libwrk/c64/dbg.s(2891)
    dbg.o                     ../libwrk/c64/dbg.s(2891)
    dbg.o                     ../libwrk/c64/dbg.s(2891)
    dbg.o                     ../libwrk/c64/dbg.s(2891)
    dbg.o                     ../libwrk/c64/dbg.s(2891)
    dbg.o                     ../libwrk/c64/dbg.s(2891)
    dbg.o                     ../libwrk/c64/dbg.s(2891)
    dbg.o                     ../libwrk/c64/dbg.s(2891)
    penadjust.o               ../libwrk/c64/penadjust.s(116)
    penadjust.o               ../libwrk/c64/penadjust.s(116)
ldaxi (ldaxi.o):
    dbg.o                     ../libwrk/c64/dbg.s(2891)
    dbg.o                     ../libwrk/c64/dbg.s(2891)
    dbg.o                     ../libwrk/c64/dbg.s(2891)
    dbg.o                     ../libwrk/c64/dbg.s(2891)
    dbg.o                     ../libwrk/c64/dbg.s(2891)
    dbg.o                     ../libwrk/c64/dbg.s(2891)
    dbg.o                     ../libwrk/c64/dbg.s(2891)
    dbg.o                     ../libwrk/c64/dbg.s(2891)
    dbg.o                     ../libwrk/c64/dbg.s(2891)
ldaxidx (ldaxi.o):
    dbg.o                     ../libwrk/c64/dbg.s(2891)
    dbg.o                     ../libwrk/c64/dbg.s(2891)
    dbg.o                     ../libwrk/c64/dbg.s(2891)
    dbg.o                     ../libwrk/c64/dbg.s(2891)
ldaxysp (ldaxsp.o):
    dbg.o                     ../libwrk/c64/dbg.s(2891)
    dbg.o                     ../libwrk/c64/dbg.s(2891)
    dbg.o                     ../libwrk/c64/dbg.s(2891)
    dbg.o                     ../libwrk/c64/dbg.s(2891)
    dbg.o                     ../libwrk/c64/dbg.s(2891)
    dbg.o                     ../libwrk/c64/dbg.s(2891)
    dbg.o                     ../libwrk/c64/dbg.s(2891)
    dbg.o                     ../libwrk/c64/dbg.s(2891)
    dbg.o                     ../libwrk/c64/dbg.s(2891)
    dbg.o                     ../libwrk/c64/dbg.s(2891)
    dbg.o                     ../libwrk/c64/dbg.s(2891)
    dbg.o                     ../libwrk/c64/dbg.s(2891)
    pencalib.o                ../libwrk/c64/pencalib.s(222)
    penadjust.o               ../libwrk/c64/penadjust.s(116)
leaa0sp (leaaxsp.o):
    dbg.o                     ../libwrk/c64/dbg.s(2891)
    dbg.o                     ../libwrk/c64/dbg.s(2891)
    dbg.o                     ../libwrk/c64/dbg.s(2891)
    pencalib.o                ../libwrk/c64/pencalib.s(222)
mcb_spritememory (mcbspritedata.o):
    mcbdefault.o              c64/mcbdefault.s(14)
mcb_spritepointer (mcbspritedata.o):
    mcbdefault.o              c64/mcbdefault.s(15)
mouse_buttons (mouse-kernel.o):
    mouse_buttons.o           /Users/thierry/Projects/Devel/cc65/asminc/mouse-kernel.inc(181)
mouse_getbox (mouse-kernel.o):
    mouse_getbox.o            /Users/thierry/Projects/Devel/cc65/asminc/mouse-kernel.inc(179)
mouse_hide (mouse-kernel.o):
    mouse_hide.o              /Users/thierry/Projects/Devel/cc65/asminc/mouse-kernel.inc(176)
mouse_info (mouse-kernel.o):
    mouse_info.o              /Users/thierry/Projects/Devel/cc65/asminc/mouse-kernel.inc(183)
mouse_libref (mouseref.o):
    mouse-kernel.o            mouse/mouse-kernel.s(7)
mouse_move (mouse-kernel.o):
    mouse_move.o              /Users/thierry/Projects/Devel/cc65/asminc/mouse-kernel.inc(180)
mouse_setbox (mouse-kernel.o):
    mouse_setbox.o            /Users/thierry/Projects/Devel/cc65/asminc/mouse-kernel.inc(178)
mouse_show (mouse-kernel.o):
    mouse_show.o              /Users/thierry/Projects/Devel/cc65/asminc/mouse-kernel.inc(177)
mulax3 (mulax3.o):
    dbg.o                     ../libwrk/c64/dbg.s(2891)
negeax (lneg.o):
    ltoa.o                    common/ltoa.s(9)
newline (cputc.o):
    cvline.o                  cbm/cvline.s(9)
opencmdchannel (diskcmd.o):
    scratch.o                 cbm/scratch.s(8)
    open.o                    cbm/open.s(12)
plot (cputc.o):
    gotoxy.o                  cbm/gotoxy.s(8)
popa (popa.o):
    gotoxy.o                  cbm/gotoxy.s(8)
popax (incsp2.o):
    memset.o                  common/memset.s(19)
    ltoa.o                    common/ltoa.s(9)
    dbgdasm.o                 dbg/dbgdasm.s(12)
    _printf.o                 common/_printf.s(11)
    vcprintf.o                conio/vcprintf.s(8)
    rwcommon.o                cbm/rwcommon.s(9)
    open.o                    cbm/open.s(10)
popptr1 (popptr1.o):
    mul8.o                    runtime/mul8.s(9)
    ltoa.o                    common/ltoa.s(9)
    vcprintf.o                conio/vcprintf.s(8)
    scrsize.o                 conio/scrsize.s(9)
    rwcommon.o                cbm/rwcommon.s(9)
    dbgsupp.o                 dbg/dbgsupp.s(9)
popsreg (popsreg.o):
    mouse-kernel.o            mouse/mouse-kernel.s(7)
ptr1 (zeropage.o):
    memset.o                  common/memset.s(20)
    malloc.o                  common/malloc.s(108)
    free.o                    common/free.s(62)
    call.o                    runtime/call.s(8)
    strlower.o                common/strlower.s(14)
    pushw.o                   runtime/pushw.s(9)
    mulax3.o                  runtime/mulax3.s(9)
    mul8.o                    runtime/mul8.s(10)
    mouse-kernel.o            mouse/mouse-kernel.s(8)
    ltoa.o                    common/ltoa.s(11)
    ldaxi.o                   runtime/ldaxi.s(8)
    ldai.o                    runtime/ldai.s(8)
    filename.o                cbm/filename.s(12)
    diskcmd.o                 cbm/diskcmd.s(15)
    dbgisram.o                dbg/dbgisram.s(9)
    dbgdasm.o                 dbg/dbgdasm.s(21)
    dbg.o                     ../libwrk/c64/dbg.s(11)
    _printf.o                 /Users/thierry/Projects/Devel/cc65/asminc/zeropage.inc(12)
    zerobss.o                 common/zerobss.s(9)
    write.o                   cbm/write.s(11)
    vcprintf.o                conio/vcprintf.s(10)
    staspidx.o                runtime/staspidx.s(9)
    scrsize.o                 conio/scrsize.s(11)
    read.o                    cbm/read.s(13)
    popptr1.o                 runtime/popptr1.s(9)
    pencalib.o                ../libwrk/c64/pencalib.s(11)
    penadjust.o               ../libwrk/c64/penadjust.s(11)
    mouse_info.o              mouse/mouse_info.s(8)
    dbgsupp.o                 /Users/thierry/Projects/Devel/cc65/asminc/zeropage.inc(12)
    cputs.o                   conio/cputs.s(10)
    cprintf.o                 conio/cprintf.s(9)
    mousedemo.o               mousedemo.s(11)
ptr2 (zeropage.o):
    memset.o                  common/memset.s(20)
    malloc.o                  common/malloc.s(108)
    free.o                    common/free.s(62)
    strlower.o                common/strlower.s(14)
    strlen.o                  common/strlen.s(12)
    ltoa.o                    common/ltoa.s(11)
    dbgdasm.o                 dbg/dbgdasm.s(21)
    _printf.o                 /Users/thierry/Projects/Devel/cc65/asminc/zeropage.inc(12)
    write.o                   cbm/write.s(11)
    vcprintf.o                conio/vcprintf.s(10)
    scrsize.o                 conio/scrsize.s(11)
    rwcommon.o                cbm/rwcommon.s(10)
    read.o                    cbm/read.s(13)
ptr3 (zeropage.o):
    memset.o                  common/memset.s(20)
    malloc.o                  common/malloc.s(108)
    free.o                    common/free.s(62)
    ltoa.o                    common/ltoa.s(11)
    dbgdump.o                 dbg/dbgdump.s(10)
    dbgdasm.o                 dbg/dbgdasm.s(21)
    write.o                   cbm/write.s(11)
    vcprintf.o                conio/vcprintf.s(10)
    rwcommon.o                cbm/rwcommon.s(10)
    read.o                    cbm/read.s(13)
ptr4 (zeropage.o):
    free.o                    common/free.s(62)
    mul8.o                    runtime/mul8.s(10)
    dbgdump.o                 dbg/dbgdump.s(10)
push1 (push1.o):
    _printf.o                 common/_printf.s(11)
pusha (pusha.o):
    dbg.o                     ../libwrk/c64/dbg.s(2891)
    dbg.o                     ../libwrk/c64/dbg.s(2891)
    dbg.o                     ../libwrk/c64/dbg.s(2891)
    dbg.o                     ../libwrk/c64/dbg.s(2891)
    dbg.o                     ../libwrk/c64/dbg.s(2891)
    dbg.o                     ../libwrk/c64/dbg.s(2891)
    dbg.o                     ../libwrk/c64/dbg.s(2891)
    dbg.o                     ../libwrk/c64/dbg.s(2891)
    dbg.o                     ../libwrk/c64/dbg.s(2891)
    dbg.o                     ../libwrk/c64/dbg.s(2891)
    dbg.o                     ../libwrk/c64/dbg.s(2891)
    dbg.o                     ../libwrk/c64/dbg.s(2891)
    dbg.o                     ../libwrk/c64/dbg.s(2891)
    dbg.o                     ../libwrk/c64/dbg.s(2891)
    dbg.o                     ../libwrk/c64/dbg.s(2891)
    dbg.o                     ../libwrk/c64/dbg.s(2891)
    dbg.o                     ../libwrk/c64/dbg.s(2891)
    pencalib.o                ../libwrk/c64/pencalib.s(222)
    mousedemo.o               mousedemo.s(1129)
    mousedemo.o               mousedemo.s(1129)
    mousedemo.o               mousedemo.s(1129)
pusha0 (pushax.o):
    push1.o                   runtime/push1.s(8)
    dbg.o                     ../libwrk/c64/dbg.s(2891)
    dbg.o                     ../libwrk/c64/dbg.s(2891)
    dbg.o                     ../libwrk/c64/dbg.s(2891)
    dbg.o                     ../libwrk/c64/dbg.s(2891)
    dbg.o                     ../libwrk/c64/dbg.s(2891)
    pencalib.o                ../libwrk/c64/pencalib.s(222)
    penadjust.o               ../libwrk/c64/penadjust.s(116)
    mouse_load.o              mouse/mouse_load.s(14)
    mousedemo.o               mousedemo.s(1129)
    mousedemo.o               mousedemo.s(1129)
pushax (pushax.o):
    pushw.o                   runtime/pushw.s(8)
    modload.o                 common/modload.s(40)
    dbg.o                     ../libwrk/c64/dbg.s(2891)
    dbg.o                     ../libwrk/c64/dbg.s(2891)
    dbg.o                     ../libwrk/c64/dbg.s(2891)
    dbg.o                     ../libwrk/c64/dbg.s(2891)
    dbg.o                     ../libwrk/c64/dbg.s(2891)
    dbg.o                     ../libwrk/c64/dbg.s(2891)
    dbg.o                     ../libwrk/c64/dbg.s(2891)
    dbg.o                     ../libwrk/c64/dbg.s(2891)
    dbg.o                     ../libwrk/c64/dbg.s(2891)
    dbg.o                     ../libwrk/c64/dbg.s(2891)
    dbg.o                     ../libwrk/c64/dbg.s(2891)
    dbg.o                     ../libwrk/c64/dbg.s(2891)
    dbg.o                     ../libwrk/c64/dbg.s(2891)
    dbg.o                     ../libwrk/c64/dbg.s(2891)
    dbg.o                     ../libwrk/c64/dbg.s(2891)
    dbg.o                     ../libwrk/c64/dbg.s(2891)
    dbg.o                     ../libwrk/c64/dbg.s(2891)
    dbg.o                     ../libwrk/c64/dbg.s(2891)
    callmain.o                runtime/callmain.s(11)
    _printf.o                 common/_printf.s(11)
    vcprintf.o                conio/vcprintf.s(8)
    pencalib.o                ../libwrk/c64/pencalib.s(222)
    penadjust.o               ../libwrk/c64/penadjust.s(116)
    penadjust.o               ../libwrk/c64/penadjust.s(116)
    mouse_load.o              mouse/mouse_load.s(13)
    cprintf.o                 conio/cprintf.s(8)
    mousedemo.o               mousedemo.s(1129)
    mousedemo.o               mousedemo.s(1129)
    mousedemo.o               mousedemo.s(1129)
    mousedemo.o               mousedemo.s(1129)
pusheax (lpush.o):
    _printf.o                 common/_printf.s(11)
pushw (pushw.o):
    dbg.o                     ../libwrk/c64/dbg.s(2891)
pushw0sp (pushwsp.o):
    dbg.o                     ../libwrk/c64/dbg.s(2891)
    dbg.o                     ../libwrk/c64/dbg.s(2891)
    penadjust.o               ../libwrk/c64/penadjust.s(116)
pushwysp (pushwsp.o):
    dbg.o                     ../libwrk/c64/dbg.s(2891)
    dbg.o                     ../libwrk/c64/dbg.s(2891)
    dbg.o                     ../libwrk/c64/dbg.s(2891)
    dbg.o                     ../libwrk/c64/dbg.s(2891)
    pencalib.o                ../libwrk/c64/pencalib.s(222)
    penadjust.o               ../libwrk/c64/penadjust.s(116)
    mousedemo.o               mousedemo.s(1129)
    mousedemo.o               mousedemo.s(1129)
putchar (cputc.o):
    cvline.o                  cbm/cvline.s(9)
readdiskerror (diskcmd.o):
    close.o                   cbm/close.s(9)
    open.o                    cbm/open.s(12)
regbank (zeropage.o):
    regswap2.o                runtime/regswap2.s(8)
    modload.o                 /Users/thierry/Projects/Devel/cc65/asminc/zeropage.inc(14)
    dbg.o                     ../libwrk/c64/dbg.s(10)
    _printf.o                 /Users/thierry/Projects/Devel/cc65/asminc/zeropage.inc(14)
regswap2 (regswap2.o):
    dbg.o                     ../libwrk/c64/dbg.s(2891)
return0 (return0.o):
    mouse-kernel.o            mouse/mouse-kernel.s(7)
    dbgisram.o                dbg/dbgisram.s(8)
    mouse_unload.o            mouse/mouse_unload.s(11)
    doesclrscr.o              common/doesclrscr.s(10)
    dbgsupp.o                 dbg/dbgsupp.s(9)
return1 (return1.o):
    dbgisram.o                dbg/dbgisram.s(8)
rwcommon (rwcommon.o):
    write.o                   cbm/write.s(10)
    read.o                    cbm/read.s(11)
scratch (scratch.o):
    open.o                    cbm/open.s(11)
screensize (_scrsize.o):
    scrsize.o                 conio/scrsize.s(10)
shlax3 (aslax3.o):
    dbg.o                     ../libwrk/c64/dbg.s(2891)
    pencalib.o                ../libwrk/c64/pencalib.s(222)
shlax4 (aslax4.o):
    dbg.o                     ../libwrk/c64/dbg.s(2891)
shrax1 (shrax1.o):
    pencalib.o                ../libwrk/c64/pencalib.s(222)
sp (zeropage.o):
    _heap.o                   common/_heap.s(9)
    memset.o                  common/memset.s(20)
    decsp4.o                  runtime/decsp4.s(8)
    addeqsp.o                 runtime/addeqsp.s(8)
    regswap2.o                runtime/regswap2.s(8)
    popsreg.o                 runtime/popsreg.s(9)
    lpush.o                   runtime/lpush.s(13)
    leaaxsp.o                 runtime/leaaxsp.s(8)
    ldaxsp.o                  runtime/ldaxsp.s(8)
    incsp1.o                  runtime/incsp1.s(8)
    decsp8.o                  runtime/decsp8.s(8)
    decsp6.o                  runtime/decsp6.s(8)
    decsp3.o                  runtime/decsp3.s(8)
    decsp1.o                  runtime/decsp1.s(8)
    dbgdump.o                 dbg/dbgdump.s(10)
    dbg.o                     ../libwrk/c64/dbg.s(10)
    add.o                     runtime/add.s(12)
    _printf.o                 /Users/thierry/Projects/Devel/cc65/asminc/zeropage.inc(11)
    vcprintf.o                conio/vcprintf.s(10)
    subysp.o                  runtime/subysp.s(9)
    sub.o                     runtime/sub.s(9)
    staxsp.o                  runtime/staxsp.s(8)
    staspidx.o                runtime/staspidx.s(9)
    pushwsp.o                 runtime/pushwsp.s(8)
    pushax.o                  runtime/pushax.s(8)
    pusha.o                   runtime/pusha.s(8)
    popptr1.o                 runtime/popptr1.s(9)
    popa.o                    runtime/popa.s(8)
    pencalib.o                ../libwrk/c64/pencalib.s(10)
    penadjust.o               ../libwrk/c64/penadjust.s(10)
    incsp2.o                  runtime/incsp2.s(8)
    icmp.o                    runtime/icmp.s(9)
    decsp2.o                  runtime/decsp2.s(8)
    dbgsupp.o                 /Users/thierry/Projects/Devel/cc65/asminc/zeropage.inc(11)
    crt0.o                    /Users/thierry/Projects/Devel/cc65/asminc/zeropage.inc(11)
    cprintf.o                 conio/cprintf.s(9)
    addysp.o                  runtime/addysp.s(8)
    mousedemo.o               mousedemo.s(10)
sreg (zeropage.o):
    lneg.o                    runtime/lneg.s(11)
    popsreg.o                 runtime/popsreg.s(9)
    mouse-kernel.o            mouse/mouse-kernel.s(8)
    ltoa.o                    common/ltoa.s(11)
    lpush.o                   runtime/lpush.s(13)
    dbgdasm.o                 dbg/dbgdasm.s(21)
    axlong.o                  runtime/axlong.s(9)
    _printf.o                 /Users/thierry/Projects/Devel/cc65/asminc/zeropage.inc(11)
    icmp.o                    runtime/icmp.s(9)
staspidx (staspidx.o):
    pencalib.o                ../libwrk/c64/pencalib.s(222)
stax0sp (staxsp.o):
    dbg.o                     ../libwrk/c64/dbg.s(2891)
    dbg.o                     ../libwrk/c64/dbg.s(2891)
    dbg.o                     ../libwrk/c64/dbg.s(2891)
    penadjust.o               ../libwrk/c64/penadjust.s(116)
staxysp (staxsp.o):
    dbg.o                     ../libwrk/c64/dbg.s(2891)
    dbg.o                     ../libwrk/c64/dbg.s(2891)
    dbg.o                     ../libwrk/c64/dbg.s(2891)
    dbg.o                     ../libwrk/c64/dbg.s(2891)
    mousedemo.o               mousedemo.s(1129)
subysp (subysp.o):
    dbg.o                     ../libwrk/c64/dbg.s(2891)
    dbg.o                     ../libwrk/c64/dbg.s(2891)
    dbg.o                     ../libwrk/c64/dbg.s(2891)
    dbg.o                     ../libwrk/c64/dbg.s(2891)
    dbg.o                     ../libwrk/c64/dbg.s(2891)
    pencalib.o                ../libwrk/c64/pencalib.s(222)
    mousedemo.o               mousedemo.s(1129)
tmp1 (zeropage.o):
    chline.o                  cbm/chline.s(10)
    aslax4.o                  runtime/aslax4.s(8)
    aslax1.o                  runtime/aslax1.s(8)
    mouse-kernel.o            mouse/mouse-kernel.s(8)
    ltoa.o                    common/ltoa.s(11)
    incaxy.o                  runtime/incaxy.s(8)
    filename.o                cbm/filename.s(12)
    diskcmd.o                 cbm/diskcmd.s(15)
    decaxy.o                  runtime/decaxy.s(8)
    dbgdasm.o                 dbg/dbgdasm.s(21)
    dbg.o                     ../libwrk/c64/dbg.s(11)
    cvline.o                  cbm/cvline.s(10)
    aslax3.o                  runtime/aslax3.s(8)
    add.o                     runtime/add.s(12)
    _printf.o                 /Users/thierry/Projects/Devel/cc65/asminc/zeropage.inc(13)
    vcprintf.o                conio/vcprintf.s(10)
    staspidx.o                runtime/staspidx.s(9)
    shrax1.o                  runtime/shrax1.s(8)
    read.o                    cbm/read.s(13)
    dbgsupp.o                 /Users/thierry/Projects/Devel/cc65/asminc/zeropage.inc(13)
    cputs.o                   conio/cputs.s(10)
    cclear.o                  cbm/cclear.s(10)
    mousedemo.o               mousedemo.s(11)
tmp2 (zeropage.o):
    mouse-kernel.o            mouse/mouse-kernel.s(8)
    dbgdump.o                 dbg/dbgdump.s(10)
    dbgdasm.o                 dbg/dbgdasm.s(21)
    close.o                   cbm/close.s(10)
    rwcommon.o                cbm/rwcommon.s(10)
    read.o                    cbm/read.s(13)
    open.o                    cbm/open.s(15)
tmp3 (zeropage.o):
    dbgdump.o                 dbg/dbgdump.s(10)
    dbgdasm.o                 dbg/dbgdasm.s(21)
    read.o                    cbm/read.s(13)
    open.o                    cbm/open.s(15)
tmp4 (zeropage.o):
    dbgdump.o                 dbg/dbgdump.s(10)
    dbgdasm.o                 dbg/dbgdasm.s(21)
tosadda0 (add.o):
    dbg.o                     ../libwrk/c64/dbg.s(2891)
tosaddax (add.o):
    dbg.o                     ../libwrk/c64/dbg.s(2891)
    dbg.o                     ../libwrk/c64/dbg.s(2891)
    pencalib.o                ../libwrk/c64/pencalib.s(222)
tosicmp (icmp.o):
    pencalib.o                ../libwrk/c64/pencalib.s(222)
    mousedemo.o               mousedemo.s(1129)
tosicmp0 (icmp.o):
    dbg.o                     ../libwrk/c64/dbg.s(2891)
tossubax (sub.o):
    dbg.o                     ../libwrk/c64/dbg.s(2891)
    pencalib.o                ../libwrk/c64/pencalib.s(222)
tosumula0 (mul8.o):
    pencalib.o                ../libwrk/c64/pencalib.s(222)
unittab (filedes.o):
    close.o                   cbm/filedes.inc(8)
    read.o                    cbm/filedes.inc(8)
    open.o                    cbm/filedes.inc(8)
writefndiskcmd (diskcmd.o):
    scratch.o                 cbm/scratch.s(8)
zerobss (zerobss.o):
    crt0.o                    c64/crt0.s(9)

