Modules list:
-------------
multidemo.o:
    CODE              Offs=000000  Size=00050E  Align=00001  Fill=0000
    RODATA            Offs=000000  Size=00028A  Align=00001  Fill=0000
    DATA              Offs=000000  Size=000018  Align=00001  Fill=0000
    OVERLAY1          Offs=000000  Size=000007  Align=00001  Fill=0000
    OVERLAY2          Offs=000000  Size=000007  Align=00001  Fill=0000
    OVERLAY3          Offs=000000  Size=000007  Align=00001  Fill=0000
/opt/cc-6502/share/cc65/lib/c64.lib(_directerrno.o):
    CODE              Offs=00050E  Size=00000A  Align=00001  Fill=0000
/opt/cc-6502/share/cc65/lib/c64.lib(_file.o):
    DATA              Offs=000018  Size=00001E  Align=00001  Fill=0000
/opt/cc-6502/share/cc65/lib/c64.lib(_heap.o):
    DATA              Offs=000036  Size=00000A  Align=00001  Fill=0000
    ONCE              Offs=000000  Size=000010  Align=00001  Fill=0000
/opt/cc-6502/share/cc65/lib/c64.lib(_hextab.o):
    RODATA            Offs=00028A  Size=000010  Align=00001  Fill=0000
/opt/cc-6502/share/cc65/lib/c64.lib(_longminstr.o):
    RODATA            Offs=00029A  Size=00000C  Align=00001  Fill=0000
/opt/cc-6502/share/cc65/lib/c64.lib(_mappederrno.o):
    CODE              Offs=000518  Size=000010  Align=00001  Fill=0000
/opt/cc-6502/share/cc65/lib/c64.lib(_oserror.o):
    BSS               Offs=000000  Size=000001  Align=00001  Fill=0000
/opt/cc-6502/share/cc65/lib/c64.lib(_printf.o):
    CODE              Offs=000528  Size=0003A5  Align=00001  Fill=0000
    BSS               Offs=000001  Size=00002B  Align=00001  Fill=0000
    DATA              Offs=000040  Size=000003  Align=00001  Fill=0000
/opt/cc-6502/share/cc65/lib/c64.lib(_seterrno.o):
    CODE              Offs=0008CD  Size=000009  Align=00001  Fill=0000
/opt/cc-6502/share/cc65/lib/c64.lib(add.o):
    CODE              Offs=0008D6  Size=00001C  Align=00001  Fill=0000
/opt/cc-6502/share/cc65/lib/c64.lib(addysp.o):
    CODE              Offs=0008F2  Size=00000E  Align=00001  Fill=0000
/opt/cc-6502/share/cc65/lib/c64.lib(axlong.o):
    CODE              Offs=000900  Size=00000D  Align=00001  Fill=0000
/opt/cc-6502/share/cc65/lib/c64.lib(c_load.o):
    CODE              Offs=00090D  Size=00001D  Align=00001  Fill=0000
/opt/cc-6502/share/cc65/lib/c64.lib(c_setlfs.o):
    CODE              Offs=00092A  Size=00000E  Align=00001  Fill=0000
/opt/cc-6502/share/cc65/lib/c64.lib(c_setnam.o):
    CODE              Offs=000938  Size=000013  Align=00001  Fill=0000
/opt/cc-6502/share/cc65/lib/c64.lib(callmain.o):
    CODE              Offs=00094B  Size=000017  Align=00001  Fill=0000
    DATA              Offs=000043  Size=000004  Align=00001  Fill=0000
/opt/cc-6502/share/cc65/lib/c64.lib(cbm_filetype.o):
    CODE              Offs=000962  Size=000013  Align=00001  Fill=0000
    RODATA            Offs=0002A6  Size=000014  Align=00001  Fill=0000
/opt/cc-6502/share/cc65/lib/c64.lib(cbm_load.o):
    CODE              Offs=000975  Size=000044  Align=00001  Fill=0000
/opt/cc-6502/share/cc65/lib/c64.lib(close.o):
    CODE              Offs=0009B9  Size=000038  Align=00001  Fill=0000
/opt/cc-6502/share/cc65/lib/c64.lib(closedir.o):
    CODE              Offs=0009F1  Size=00001D  Align=00001  Fill=0000
/opt/cc-6502/share/cc65/lib/c64.lib(condes.o):
    CODE              Offs=000A0E  Size=00000C  Align=00001  Fill=0000
    DATA              Offs=000047  Size=000025  Align=00001  Fill=0000
    ONCE              Offs=000010  Size=00000C  Align=00001  Fill=0000
/opt/cc-6502/share/cc65/lib/c64.lib(crt0.o):
    STARTUP           Offs=000000  Size=000033  Align=00001  Fill=0000
    ONCE              Offs=00001C  Size=00001A  Align=00001  Fill=0000
    INIT              Offs=000000  Size=00001C  Align=00001  Fill=0000
/opt/cc-6502/share/cc65/lib/c64.lib(ctype.o):
    RODATA            Offs=0002BA  Size=000100  Align=00001  Fill=0000
/opt/cc-6502/share/cc65/lib/c64.lib(curdevice.o):
    CODE              Offs=000A1A  Size=000006  Align=00001  Fill=0000
/opt/cc-6502/share/cc65/lib/c64.lib(decax1.o):
    CODE              Offs=000A20  Size=000007  Align=00001  Fill=0000
/opt/cc-6502/share/cc65/lib/c64.lib(decax4.o):
    CODE              Offs=000A27  Size=000007  Align=00001  Fill=0000
/opt/cc-6502/share/cc65/lib/c64.lib(decsp1.o):
    CODE              Offs=000A2E  Size=000009  Align=00001  Fill=0000
/opt/cc-6502/share/cc65/lib/c64.lib(decsp2.o):
    CODE              Offs=000A37  Size=00000D  Align=00001  Fill=0000
/opt/cc-6502/share/cc65/lib/c64.lib(decsp3.o):
    CODE              Offs=000A44  Size=00000D  Align=00001  Fill=0000
/opt/cc-6502/share/cc65/lib/c64.lib(decsp4.o):
    CODE              Offs=000A51  Size=00000D  Align=00001  Fill=0000
/opt/cc-6502/share/cc65/lib/c64.lib(decsp6.o):
    CODE              Offs=000A5E  Size=00000D  Align=00001  Fill=0000
/opt/cc-6502/share/cc65/lib/c64.lib(decsp8.o):
    CODE              Offs=000A6B  Size=00000D  Align=00001  Fill=0000
/opt/cc-6502/share/cc65/lib/c64.lib(devnum.o):
/opt/cc-6502/share/cc65/lib/c64.lib(dir.o):
    CODE              Offs=000A78  Size=000041  Align=00001  Fill=0000
/opt/cc-6502/share/cc65/lib/c64.lib(diskcmd.o):
    CODE              Offs=000AB9  Size=0000C4  Align=00001  Fill=0000
    BSS               Offs=00002C  Size=000017  Align=00001  Fill=0000
/opt/cc-6502/share/cc65/lib/c64.lib(doesclrscr.o):
/opt/cc-6502/share/cc65/lib/c64.lib(em-kernel.o):
    RODATA            Offs=0003BA  Size=000051  Align=00001  Fill=0000
    BSS               Offs=000043  Size=000002  Align=00001  Fill=0000
    DATA              Offs=00006C  Size=000018  Align=00001  Fill=0000
/opt/cc-6502/share/cc65/lib/c64.lib(em_copyfrom.o):
/opt/cc-6502/share/cc65/lib/c64.lib(em_copyto.o):
/opt/cc-6502/share/cc65/lib/c64.lib(em_load.o):
    CODE              Offs=000B7D  Size=00005A  Align=00001  Fill=0000
    DATA              Offs=000084  Size=00000A  Align=00001  Fill=0000
/opt/cc-6502/share/cc65/lib/c64.lib(em_pagecount.o):
/opt/cc-6502/share/cc65/lib/c64.lib(errno.o):
    BSS               Offs=000045  Size=000002  Align=00001  Fill=0000
/opt/cc-6502/share/cc65/lib/c64.lib(exehdr.o):
    EXEHDR            Offs=000000  Size=00000C  Align=00001  Fill=0000
/opt/cc-6502/share/cc65/lib/c64.lib(fgetc.o):
    CODE              Offs=000BD7  Size=00008C  Align=00001  Fill=0000
/opt/cc-6502/share/cc65/lib/c64.lib(filedes.o):
    CODE              Offs=000C63  Size=00000E  Align=00001  Fill=0000
    DATA              Offs=00008E  Size=000010  Align=00001  Fill=0000
/opt/cc-6502/share/cc65/lib/c64.lib(filename.o):
    CODE              Offs=000C71  Size=0000A0  Align=00001  Fill=0000
    BSS               Offs=000047  Size=000003  Align=00001  Fill=0000
    DATA              Offs=00009E  Size=000024  Align=00001  Fill=0000
/opt/cc-6502/share/cc65/lib/c64.lib(filetype.o):
    DATA              Offs=0000C2  Size=000001  Align=00001  Fill=0000
/opt/cc-6502/share/cc65/lib/c64.lib(filevars.o):
    INIT              Offs=00001C  Size=000001  Align=00001  Fill=0000
    ONCE              Offs=000036  Size=00000C  Align=00001  Fill=0000
/opt/cc-6502/share/cc65/lib/c64.lib(free.o):
    CODE              Offs=000D11  Size=0001D3  Align=00001  Fill=0000
/opt/cc-6502/share/cc65/lib/c64.lib(fwrite.o):
    CODE              Offs=000EE4  Size=00007B  Align=00001  Fill=0000
    BSS               Offs=00004A  Size=000002  Align=00001  Fill=0000
/opt/cc-6502/share/cc65/lib/c64.lib(getchar.o):
    CODE              Offs=000F5F  Size=000009  Align=00001  Fill=0000
/opt/cc-6502/share/cc65/lib/c64.lib(icmp.o):
    CODE              Offs=000F68  Size=00002E  Align=00001  Fill=0000
/opt/cc-6502/share/cc65/lib/c64.lib(incaxy.o):
    CODE              Offs=000F96  Size=00000B  Align=00001  Fill=0000
/opt/cc-6502/share/cc65/lib/c64.lib(incsp1.o):
    CODE              Offs=000FA1  Size=000007  Align=00001  Fill=0000
/opt/cc-6502/share/cc65/lib/c64.lib(incsp2.o):
    CODE              Offs=000FA8  Size=000016  Align=00001  Fill=0000
/opt/cc-6502/share/cc65/lib/c64.lib(incsp3.o):
    CODE              Offs=000FBE  Size=000005  Align=00001  Fill=0000
/opt/cc-6502/share/cc65/lib/c64.lib(incsp5.o):
    CODE              Offs=000FC3  Size=000005  Align=00001  Fill=0000
/opt/cc-6502/share/cc65/lib/c64.lib(incsp6.o):
    CODE              Offs=000FC8  Size=000005  Align=00001  Fill=0000
/opt/cc-6502/share/cc65/lib/c64.lib(incsp8.o):
    CODE              Offs=000FCD  Size=000005  Align=00001  Fill=0000
/opt/cc-6502/share/cc65/lib/c64.lib(kernal.o):
/opt/cc-6502/share/cc65/lib/c64.lib(ldaxi.o):
    CODE              Offs=000FD2  Size=00000D  Align=00001  Fill=0000
/opt/cc-6502/share/cc65/lib/c64.lib(ldaxsp.o):
    CODE              Offs=000FDF  Size=000009  Align=00001  Fill=0000
/opt/cc-6502/share/cc65/lib/c64.lib(leaaxsp.o):
    CODE              Offs=000FE8  Size=00000C  Align=00001  Fill=0000
/opt/cc-6502/share/cc65/lib/c64.lib(libref.o):
/opt/cc-6502/share/cc65/lib/c64.lib(lneg.o):
    CODE              Offs=000FF4  Size=00001E  Align=00001  Fill=0000
/opt/cc-6502/share/cc65/lib/c64.lib(loadaddr.o):
    LOADADDR          Offs=000000  Size=000002  Align=00001  Fill=0000
/opt/cc-6502/share/cc65/lib/c64.lib(lpush.o):
    CODE              Offs=001012  Size=000021  Align=00001  Fill=0000
/opt/cc-6502/share/cc65/lib/c64.lib(ltoa.o):
    CODE              Offs=001033  Size=000095  Align=00001  Fill=0000
/opt/cc-6502/share/cc65/lib/c64.lib(makebool.o):
    CODE              Offs=0010C8  Size=00002C  Align=00001  Fill=0000
/opt/cc-6502/share/cc65/lib/c64.lib(malloc.o):
    CODE              Offs=0010F4  Size=00010E  Align=00001  Fill=0000
/opt/cc-6502/share/cc65/lib/c64.lib(memcpy.o):
    CODE              Offs=001202  Size=00003C  Align=00001  Fill=0000
/opt/cc-6502/share/cc65/lib/c64.lib(memset.o):
    CODE              Offs=00123E  Size=00005D  Align=00001  Fill=0000
/opt/cc-6502/share/cc65/lib/c64.lib(modfree.o):
/opt/cc-6502/share/cc65/lib/c64.lib(modload.o):
    CODE              Offs=00129B  Size=000205  Align=00001  Fill=0000
    RODATA            Offs=00040B  Size=000008  Align=00001  Fill=0000
    BSS               Offs=00004C  Size=000023  Align=00001  Fill=0000
    DATA              Offs=0000C3  Size=000003  Align=00001  Fill=0000
/opt/cc-6502/share/cc65/lib/c64.lib(mul.o):
    CODE              Offs=0014A0  Size=000045  Align=00001  Fill=0000
/opt/cc-6502/share/cc65/lib/c64.lib(mul8.o):
    CODE              Offs=0014E5  Size=00003A  Align=00001  Fill=0000
/opt/cc-6502/share/cc65/lib/c64.lib(open.o):
    CODE              Offs=00151F  Size=0000BE  Align=00001  Fill=0000
/opt/cc-6502/share/cc65/lib/c64.lib(opendir.o):
    CODE              Offs=0015DD  Size=0000E0  Align=00001  Fill=0000
    RODATA            Offs=000413  Size=000002  Align=00001  Fill=0000
/opt/cc-6502/share/cc65/lib/c64.lib(oserror.o):
    CODE              Offs=0016BD  Size=000016  Align=00001  Fill=0000
    RODATA            Offs=000415  Size=00005A  Align=00001  Fill=0000
/opt/cc-6502/share/cc65/lib/c64.lib(overlayaddr.o):
    OVL1ADDR          Offs=000000  Size=000002  Align=00001  Fill=0000
    OVL2ADDR          Offs=000000  Size=000002  Align=00001  Fill=0000
    OVL3ADDR          Offs=000000  Size=000002  Align=00001  Fill=0000
    OVL4ADDR          Offs=000000  Size=000002  Align=00001  Fill=0000
    OVL5ADDR          Offs=000000  Size=000002  Align=00001  Fill=0000
    OVL6ADDR          Offs=000000  Size=000002  Align=00001  Fill=0000
    OVL7ADDR          Offs=000000  Size=000002  Align=00001  Fill=0000
    OVL8ADDR          Offs=000000  Size=000002  Align=00001  Fill=0000
    OVL9ADDR          Offs=000000  Size=000002  Align=00001  Fill=0000
/opt/cc-6502/share/cc65/lib/c64.lib(popa.o):
    CODE              Offs=0016D3  Size=00000C  Align=00001  Fill=0000
/opt/cc-6502/share/cc65/lib/c64.lib(popptr1.o):
    CODE              Offs=0016DF  Size=00000E  Align=00001  Fill=0000
/opt/cc-6502/share/cc65/lib/c64.lib(printf.o):
    CODE              Offs=0016ED  Size=000033  Align=00001  Fill=0000
    BSS               Offs=00006F  Size=000001  Align=00001  Fill=0000
/opt/cc-6502/share/cc65/lib/c64.lib(push1.o):
    CODE              Offs=001720  Size=000005  Align=00001  Fill=0000
/opt/cc-6502/share/cc65/lib/c64.lib(pusha.o):
    CODE              Offs=001725  Size=000016  Align=00001  Fill=0000
/opt/cc-6502/share/cc65/lib/c64.lib(pushax.o):
    CODE              Offs=00173B  Size=00001A  Align=00001  Fill=0000
/opt/cc-6502/share/cc65/lib/c64.lib(pushwsp.o):
    CODE              Offs=001755  Size=00001C  Align=00001  Fill=0000
/opt/cc-6502/share/cc65/lib/c64.lib(read.o):
    CODE              Offs=001771  Size=00007E  Align=00001  Fill=0000
    BSS               Offs=000070  Size=000001  Align=00001  Fill=0000
    ONCE              Offs=000042  Size=00000C  Align=00001  Fill=0000
/opt/cc-6502/share/cc65/lib/c64.lib(readdir.o):
    CODE              Offs=0017EF  Size=0001C8  Align=00001  Fill=0000
    RODATA            Offs=00046F  Size=000008  Align=00001  Fill=0000
    BSS               Offs=000071  Size=000019  Align=00001  Fill=0000
/opt/cc-6502/share/cc65/lib/c64.lib(realloc.o):
    CODE              Offs=0019B7  Size=000145  Align=00001  Fill=0000
/opt/cc-6502/share/cc65/lib/c64.lib(regswap2.o):
    CODE              Offs=001AFC  Size=000016  Align=00001  Fill=0000
/opt/cc-6502/share/cc65/lib/c64.lib(return0.o):
    CODE              Offs=001B12  Size=000004  Align=00001  Fill=0000
/opt/cc-6502/share/cc65/lib/c64.lib(rwcommon.o):
    CODE              Offs=001B16  Size=00001C  Align=00001  Fill=0000
/opt/cc-6502/share/cc65/lib/c64.lib(scratch.o):
    CODE              Offs=001B32  Size=000019  Align=00001  Fill=0000
/opt/cc-6502/share/cc65/lib/c64.lib(status.o):
/opt/cc-6502/share/cc65/lib/c64.lib(staxsp.o):
    CODE              Offs=001B4B  Size=00000B  Align=00001  Fill=0000
/opt/cc-6502/share/cc65/lib/c64.lib(strcpy.o):
    CODE              Offs=001B56  Size=00001F  Align=00001  Fill=0000
/opt/cc-6502/share/cc65/lib/c64.lib(stricmp.o):
    CODE              Offs=001B75  Size=00003F  Align=00001  Fill=0000
/opt/cc-6502/share/cc65/lib/c64.lib(strlen.o):
    CODE              Offs=001BB4  Size=000016  Align=00001  Fill=0000
/opt/cc-6502/share/cc65/lib/c64.lib(strlower.o):
    CODE              Offs=001BCA  Size=000028  Align=00001  Fill=0000
/opt/cc-6502/share/cc65/lib/c64.lib(strrchr.o):
    CODE              Offs=001BF2  Size=000024  Align=00001  Fill=0000
/opt/cc-6502/share/cc65/lib/c64.lib(subeqsp.o):
    CODE              Offs=001C16  Size=000015  Align=00001  Fill=0000
/opt/cc-6502/share/cc65/lib/c64.lib(subysp.o):
    CODE              Offs=001C2B  Size=00000D  Align=00001  Fill=0000
/opt/cc-6502/share/cc65/lib/c64.lib(udiv.o):
    CODE              Offs=001C38  Size=00004F  Align=00001  Fill=0000
/opt/cc-6502/share/cc65/lib/c64.lib(vfprintf.o):
    CODE              Offs=001C87  Size=000061  Align=00001  Fill=0000
    DATA              Offs=0000C6  Size=000008  Align=00001  Fill=0000
/opt/cc-6502/share/cc65/lib/c64.lib(write.o):
    CODE              Offs=001CE8  Size=000054  Align=00001  Fill=0000
    ONCE              Offs=00004E  Size=000011  Align=00001  Fill=0000
/opt/cc-6502/share/cc65/lib/c64.lib(zerobss.o):
    CODE              Offs=001D3C  Size=000023  Align=00001  Fill=0000
/opt/cc-6502/share/cc65/lib/c64.lib(zeropage.o):
    ZEROPAGE          Offs=000000  Size=00001A  Align=00001  Fill=0000


Segment list:
-------------
Name                   Start     End    Size  Align
----------------------------------------------------
ZEROPAGE              000002  00001B  00001A  00001
LOADADDR              0007FF  000800  000002  00001
EXEHDR                000801  00080C  00000C  00001
STARTUP               00080D  00083F  000033  00001
CODE                  000840  00259E  001D5F  00001
RODATA                00259F  002A17  000479  00001
DATA                  002A18  002AE5  0000CE  00001
INIT                  002AE6  002B02  00001D  00001
BSS                   002B03  002B8C  00008A  00001
ONCE                  002B03  002B69  000067  00001
OVL1ADDR              00BFFE  00BFFF  000002  00001
OVL2ADDR              00BFFE  00BFFF  000002  00001
OVL3ADDR              00BFFE  00BFFF  000002  00001
OVL4ADDR              00BFFE  00BFFF  000002  00001
OVL5ADDR              00BFFE  00BFFF  000002  00001
OVL6ADDR              00BFFE  00BFFF  000002  00001
OVL7ADDR              00BFFE  00BFFF  000002  00001
OVL8ADDR              00BFFE  00BFFF  000002  00001
OVL9ADDR              00BFFE  00BFFF  000002  00001
OVERLAY1              00C000  00C006  000007  00001
OVERLAY2              00C000  00C006  000007  00001
OVERLAY3              00C000  00C006  000007  00001


Exports list by name:
---------------------
BASIN                     00FFCF RLA    BSOUT                     00FFD2 RLA    
CHKIN                     00FFC6 RLA    CKOUT                     00FFC9 RLA    
CLOSE                     00FFC3 RLA    CLRCH                     00FFCC RLA    
LOAD                      00FFD5 RLA    OPEN                      00FFC0 RLA    
READST                    00FFB7 RLA    SETLFS                    00FFBA RLA    
SETNAM                    00FFBD RLA    ST                        000090 RLZ    
__BSS_RUN__               002B03 RLA    __BSS_SIZE__              00008A REA    
__CONSTRUCTOR_COUNT__     000004 REA    __CONSTRUCTOR_TABLE__     002B62 RLA    
__DESTRUCTOR_COUNT__      000001 REA    __DESTRUCTOR_TABLE__      002A16 RLA    
__EXEHDR__                000001 REA    __HEADER_LAST__           00080D RLA    
__HIMEM__                 00D000 REA    __LOADADDR__              000001 REA    
__MAIN_SIZE__             00C7F3 REA    __MAIN_START__            00080D RLA    
__ONCE_RUN__              002B03 RLA    __OVERLAY1_LOAD__         00C000 RLA    
__OVERLAY1_SIZE__         000007 REA    __OVERLAY2_LOAD__         00C000 RLA    
__OVERLAY2_SIZE__         000007 REA    __OVERLAY3_LOAD__         00C000 RLA    
__OVERLAY3_SIZE__         000007 REA    __OVERLAYADDR__           000001 REA    
__OVERLAYSIZE__           001000 REA    __OVERLAYSTART__          00C000 REA    
__STACKSIZE__             000800 REA    __STARTUP__               000001 REA    
__ZP_START__              000002 RLA    __cbm_filetype            0011A2 RLA    
__ctype                   002859 RLA    __directerrno             000D4E RLA    
__dirread                 0012BD RLA    __dirread1                0012B8 RLA    
__errno                   002B48 RLA    __filetype                002ADA RLA    
__heapend                 002A52 RLA    __heapfirst               002A54 RLA    
__heaplast                002A56 RLA    __heapptr                 002A50 RLA    
__hextab                  002829 RLA    __longminstr              002839 RLA    
__mappederrno             000D58 RLA    __oserror                 002B03 RLA    
__osmaperrno              001EFD RLA    __printf                  000E5B RLA    
__seterrno                00110D RLA    _bzero                    001A7E RLA    
_cbm_k_load               00114D RLA    _cbm_k_setlfs             00116A RLA    
_cbm_k_setnam             001178 RLA    _cbm_load                 0011B5 RLA    
_close                    0011F9 RLA    _closedir                 001231 RLA    
_doesclrscrafterexit      002352 REA    _em_copyfrom              002A96 REA    
_em_copyto                002A99 REA    _em_drv                   002B46 RLA    
_em_install               00295D RLA    _em_load_driver           0013BD RLA    
_em_pagecount             002A8A REA    _exit                     000825 RLA    
_fgetc                    001417 RLA    _free                     001551 RLA    
_fwrite                   001724 RLA    _getchar                  00179F RLA    
_getcurrentdevice         00125A RLA    _ltoa                     00188B RLA    
_main                     000CDC RLA    _malloc                   001934 RLA    
_memcpy                   001A42 RLA    _mod_free                 001551 REA    
_mod_load                 001BB6 RLA    _open                     001D73 RLA    
_opendir                  001E1D RLA    _printf                   001F2D RLA    
_read                     001FB1 RLA    _readdir                  00202F RLA    
_realloc                  0021F7 RLA    _stdin                    002A48 RLA    
_stdout                   002A4A RLA    _strcasecmp               0023B5 RLA    
_strcpy                   002396 RLA    _strlen                   0023F4 RLA    
_strlower                 00240A RLA    _strrchr                  002432 RLA    
_ultoa                    0018CC RLA    _vfprintf                 0024FF RLA    
_write                    002528 RLA    addysp                    001133 RLA    
axlong                    001140 RLA    axulong                   001146 RLA    
booleq                    00190E RLA    boolne                    001908 RLA    
callmain                  00118B RLA    closeallfiles             001D5F  LAI   
closecmdchannel           00132F RLA    curunit                   002B02 RLA    
decax1                    001260 RLA    decax4                    001267 RLA    
decsp1                    00126E RLA    decsp2                    001277 RLA    
decsp3                    001284 RLA    decsp4                    001291 RLA    
decsp6                    00129E RLA    decsp8                    0012AB RLA    
devnum                    0000BA RLZ    donelib                   00124E RLA    
em_clear_ptr              0029A0 RLA    em_libref                 000825 RLA    
emd_copyfrom              002A96 RLA    emd_copyto                002A99 RLA    
emd_pagecount             002A8A RLA    fdtab                     002AA6 RLA    
fnaddmode                 001540 RLA    fncmd                     002AB6 RLA    
fncomplete                001538 RLA    fnisfile                  002B4C RLA    
fnlen                     002B4B RLA    fnparse                   0014CC RLA    
fnset                     00152E RLA    fnunit                    002B4A RLA    
freefd                    0014A3 RLA    incax4                    0017D6 RLA    
incsp1                    0017E1 RLA    incsp2                    0017F0 RLA    
incsp3                    0017FE RLA    incsp5                    001803 RLA    
incsp6                    001808 RLA    incsp8                    00180D RLA    
initcurunit               002B39  LAI   initheap                  002B03  LAI   
initlib                   002B13 RLA    initstdin                 002B45  LAI   
initstdout                002B51  LAI   ldax0sp                   00181F RLA    
ldaxidx                   001814 RLA    ldaxysp                   001821 RLA    
leaa0sp                   001828 RLA    mul8x16                   001D27 RLA    
mul8x16a                  001D31 RLA    negeax                    001834 RLA    
opencmdchannel            001302 RLA    popa                      001F13 RLA    
popax                     0017E8 RLA    popptr1                   001F1F RLA    
ptr1                      00000A RLZ    ptr2                      00000C RLZ    
ptr3                      00000E RLZ    ptr4                      000010 RLZ    
push0                     001F7B RLA    push1                     001F60 RLA    
pusha                     001F69 RLA    pusha0                    001F7D RLA    
pushax                    001F7F RLA    pusheax                   00185B RLA    
pushw0sp                  001F95 RLA    pushwysp                  001F97 RLA    
readdiskerror             00134A RLA    regbank                   000016 RLZ    
regswap2                  00233C RLA    return0                   002352 RLA    
rwcommon                  002356 RLA    scratch                   002372 RLA    
sp                        000002 RLZ    sreg                      000004 RLZ    
stax0sp                   00238B RLA    staxysp                   00238D RLA    
subeqysp                  002458 RLA    subysp                    00246B RLA    
tmp1                      000012 RLZ    tmp2                      000013 RLZ    
tmp3                      000014 RLZ    tosaddax                  001118 RLA    
tosicmp                   0017AA RLA    tosudivax                 00247A RLA    
tosumula0                 001D25 RLA    tosumulax                 001CE0 RLA    
unittab                   002AAE RLA    writefndiskcmd            001382 RLA    
zerobss                   00257C RLA    


Exports list by value:
----------------------
__DESTRUCTOR_COUNT__      000001 REA    __STARTUP__               000001 REA    
__OVERLAYADDR__           000001 REA    __LOADADDR__              000001 REA    
__EXEHDR__                000001 REA    sp                        000002 RLZ    
__ZP_START__              000002 RLA    sreg                      000004 RLZ    
__CONSTRUCTOR_COUNT__     000004 REA    __OVERLAY1_SIZE__         000007 REA    
__OVERLAY2_SIZE__         000007 REA    __OVERLAY3_SIZE__         000007 REA    
ptr1                      00000A RLZ    ptr2                      00000C RLZ    
ptr3                      00000E RLZ    ptr4                      000010 RLZ    
tmp1                      000012 RLZ    tmp2                      000013 RLZ    
tmp3                      000014 RLZ    regbank                   000016 RLZ    
__BSS_SIZE__              00008A REA    ST                        000090 RLZ    
devnum                    0000BA RLZ    __STACKSIZE__             000800 REA    
__HEADER_LAST__           00080D RLA    __MAIN_START__            00080D RLA    
em_libref                 000825 RLA    _exit                     000825 RLA    
_main                     000CDC RLA    __directerrno             000D4E RLA    
__mappederrno             000D58 RLA    __printf                  000E5B RLA    
__OVERLAYSIZE__           001000 REA    __seterrno                00110D RLA    
tosaddax                  001118 RLA    addysp                    001133 RLA    
axlong                    001140 RLA    axulong                   001146 RLA    
_cbm_k_load               00114D RLA    _cbm_k_setlfs             00116A RLA    
_cbm_k_setnam             001178 RLA    callmain                  00118B RLA    
__cbm_filetype            0011A2 RLA    _cbm_load                 0011B5 RLA    
_close                    0011F9 RLA    _closedir                 001231 RLA    
donelib                   00124E RLA    _getcurrentdevice         00125A RLA    
decax1                    001260 RLA    decax4                    001267 RLA    
decsp1                    00126E RLA    decsp2                    001277 RLA    
decsp3                    001284 RLA    decsp4                    001291 RLA    
decsp6                    00129E RLA    decsp8                    0012AB RLA    
__dirread1                0012B8 RLA    __dirread                 0012BD RLA    
opencmdchannel            001302 RLA    closecmdchannel           00132F RLA    
readdiskerror             00134A RLA    writefndiskcmd            001382 RLA    
_em_load_driver           0013BD RLA    _fgetc                    001417 RLA    
freefd                    0014A3 RLA    fnparse                   0014CC RLA    
fnset                     00152E RLA    fncomplete                001538 RLA    
fnaddmode                 001540 RLA    _free                     001551 RLA    
_mod_free                 001551 REA    _fwrite                   001724 RLA    
_getchar                  00179F RLA    tosicmp                   0017AA RLA    
incax4                    0017D6 RLA    incsp1                    0017E1 RLA    
popax                     0017E8 RLA    incsp2                    0017F0 RLA    
incsp3                    0017FE RLA    incsp5                    001803 RLA    
incsp6                    001808 RLA    incsp8                    00180D RLA    
ldaxidx                   001814 RLA    ldax0sp                   00181F RLA    
ldaxysp                   001821 RLA    leaa0sp                   001828 RLA    
negeax                    001834 RLA    pusheax                   00185B RLA    
_ltoa                     00188B RLA    _ultoa                    0018CC RLA    
boolne                    001908 RLA    booleq                    00190E RLA    
_malloc                   001934 RLA    _memcpy                   001A42 RLA    
_bzero                    001A7E RLA    _mod_load                 001BB6 RLA    
tosumulax                 001CE0 RLA    tosumula0                 001D25 RLA    
mul8x16                   001D27 RLA    mul8x16a                  001D31 RLA    
closeallfiles             001D5F  LAI   _open                     001D73 RLA    
_opendir                  001E1D RLA    __osmaperrno              001EFD RLA    
popa                      001F13 RLA    popptr1                   001F1F RLA    
_printf                   001F2D RLA    push1                     001F60 RLA    
pusha                     001F69 RLA    push0                     001F7B RLA    
pusha0                    001F7D RLA    pushax                    001F7F RLA    
pushw0sp                  001F95 RLA    pushwysp                  001F97 RLA    
_read                     001FB1 RLA    _readdir                  00202F RLA    
_realloc                  0021F7 RLA    regswap2                  00233C RLA    
return0                   002352 RLA    _doesclrscrafterexit      002352 REA    
rwcommon                  002356 RLA    scratch                   002372 RLA    
stax0sp                   00238B RLA    staxysp                   00238D RLA    
_strcpy                   002396 RLA    _strcasecmp               0023B5 RLA    
_strlen                   0023F4 RLA    _strlower                 00240A RLA    
_strrchr                  002432 RLA    subeqysp                  002458 RLA    
subysp                    00246B RLA    tosudivax                 00247A RLA    
_vfprintf                 0024FF RLA    _write                    002528 RLA    
zerobss                   00257C RLA    __hextab                  002829 RLA    
__longminstr              002839 RLA    __ctype                   002859 RLA    
_em_install               00295D RLA    em_clear_ptr              0029A0 RLA    
__DESTRUCTOR_TABLE__      002A16 RLA    _stdin                    002A48 RLA    
_stdout                   002A4A RLA    __heapptr                 002A50 RLA    
__heapend                 002A52 RLA    __heapfirst               002A54 RLA    
__heaplast                002A56 RLA    emd_pagecount             002A8A RLA    
_em_pagecount             002A8A REA    _em_copyfrom              002A96 REA    
emd_copyfrom              002A96 RLA    _em_copyto                002A99 REA    
emd_copyto                002A99 RLA    fdtab                     002AA6 RLA    
unittab                   002AAE RLA    fncmd                     002AB6 RLA    
__filetype                002ADA RLA    curunit                   002B02 RLA    
__ONCE_RUN__              002B03 RLA    initheap                  002B03  LAI   
__oserror                 002B03 RLA    __BSS_RUN__               002B03 RLA    
initlib                   002B13 RLA    initcurunit               002B39  LAI   
initstdin                 002B45  LAI   _em_drv                   002B46 RLA    
__errno                   002B48 RLA    fnunit                    002B4A RLA    
fnlen                     002B4B RLA    fnisfile                  002B4C RLA    
initstdout                002B51  LAI   __CONSTRUCTOR_TABLE__     002B62 RLA    
__OVERLAYSTART__          00C000 REA    __OVERLAY3_LOAD__         00C000 RLA    
__OVERLAY2_LOAD__         00C000 RLA    __OVERLAY1_LOAD__         00C000 RLA    
__MAIN_SIZE__             00C7F3 REA    __HIMEM__                 00D000 REA    
READST                    00FFB7 RLA    SETLFS                    00FFBA RLA    
SETNAM                    00FFBD RLA    OPEN                      00FFC0 RLA    
CLOSE                     00FFC3 RLA    CHKIN                     00FFC6 RLA    
CKOUT                     00FFC9 RLA    CLRCH                     00FFCC RLA    
BASIN                     00FFCF RLA    BSOUT                     00FFD2 RLA    
LOAD                      00FFD5 RLA    


Imports list:
-------------
BASIN (kernal.o):
    diskcmd.o                 cbm/cbm.inc(47)
    read.o                    cbm/cbm.inc(47)
BSOUT (kernal.o):
    write.o                   cbm/cbm.inc(49)
    diskcmd.o                 cbm/cbm.inc(49)
    read.o                    cbm/cbm.inc(49)
    crt0.o                    c64/crt0.s(10)
CHKIN (kernal.o):
    diskcmd.o                 cbm/cbm.inc(44)
    read.o                    cbm/cbm.inc(44)
CKOUT (kernal.o):
    write.o                   cbm/cbm.inc(45)
    diskcmd.o                 cbm/cbm.inc(45)
CLOSE (kernal.o):
    diskcmd.o                 cbm/cbm.inc(36)
    close.o                   cbm/cbm.inc(36)
    open.o                    cbm/cbm.inc(36)
CLRCH (kernal.o):
    write.o                   cbm/cbm.inc(46)
    diskcmd.o                 cbm/cbm.inc(46)
    read.o                    cbm/cbm.inc(46)
LOAD (kernal.o):
    c_load.o                  cbm/cbm.inc(37)
OPEN (kernal.o):
    write.o                   cbm/cbm.inc(35)
    diskcmd.o                 cbm/cbm.inc(35)
    read.o                    cbm/cbm.inc(35)
    open.o                    cbm/cbm.inc(35)
READST (kernal.o):
    write.o                   cbm/cbm.inc(32)
    read.o                    cbm/cbm.inc(32)
SETLFS (kernal.o):
    write.o                   cbm/cbm.inc(33)
    diskcmd.o                 cbm/cbm.inc(33)
    c_setlfs.o                cbm/cbm.inc(33)
    read.o                    cbm/cbm.inc(33)
    open.o                    cbm/cbm.inc(33)
SETNAM (kernal.o):
    filename.o                cbm/cbm.inc(34)
    diskcmd.o                 cbm/cbm.inc(34)
    c_setnam.o                cbm/cbm.inc(34)
ST (status.o):
    crt0.o                    c64/crt0.s(13)
__BSS_RUN__ ([linker generated]):
    _heap.o                   common/_heap.s(8)
    zerobss.o                 common/zerobss.s(8)
__BSS_SIZE__ ([linker generated]):
    _heap.o                   common/_heap.s(8)
    zerobss.o                 common/zerobss.s(8)
__CONSTRUCTOR_COUNT__ ([linker generated]):
    condes.o                  runtime/condes.s(18)
__CONSTRUCTOR_TABLE__ ([linker generated]):
    condes.o                  runtime/condes.s(18)
__DESTRUCTOR_COUNT__ ([linker generated]):
    condes.o                  runtime/condes.s(19)
__DESTRUCTOR_TABLE__ ([linker generated]):
    condes.o                  runtime/condes.s(19)
__EXEHDR__ (exehdr.o):
    [linker generated]        /opt/cc-6502/share/cc65/cfg/c64-overlay.cfg(6)
__HEADER_LAST__ ([linker generated]):
    [linker generated]        /opt/cc-6502/share/cc65/cfg/c64-overlay.cfg(17)
    [linker generated]        /opt/cc-6502/share/cc65/cfg/c64-overlay.cfg(17)
__HIMEM__ ([linker generated]):
    [linker generated]        /opt/cc-6502/share/cc65/cfg/c64-overlay.cfg(17)
    [linker generated]        /opt/cc-6502/share/cc65/cfg/c64-overlay.cfg(11)
__LOADADDR__ (loadaddr.o):
    [linker generated]        /opt/cc-6502/share/cc65/cfg/c64-overlay.cfg(5)
__MAIN_SIZE__ ([linker generated]):
    crt0.o                    c64/crt0.s(11)
__MAIN_START__ ([linker generated]):
    crt0.o                    c64/crt0.s(11)
__ONCE_RUN__ ([linker generated]):
    [linker generated]        /opt/cc-6502/share/cc65/cfg/c64-overlay.cfg(18)
    [linker generated]        /opt/cc-6502/share/cc65/cfg/c64-overlay.cfg(18)
__OVERLAY1_LOAD__ ([linker generated]):
    multidemo.o               multidemo.s(70)
__OVERLAY1_SIZE__ ([linker generated]):
    multidemo.o               multidemo.s(71)
__OVERLAY2_LOAD__ ([linker generated]):
    multidemo.o               multidemo.s(72)
__OVERLAY2_SIZE__ ([linker generated]):
    multidemo.o               multidemo.s(73)
__OVERLAY3_LOAD__ ([linker generated]):
    multidemo.o               multidemo.s(74)
__OVERLAY3_SIZE__ ([linker generated]):
    multidemo.o               multidemo.s(75)
__OVERLAYADDR__ (overlayaddr.o):
    [linker generated]        /opt/cc-6502/share/cc65/cfg/c64-overlay.cfg(7)
__OVERLAYSIZE__ ([linker generated]):
    [linker generated]        /opt/cc-6502/share/cc65/cfg/c64-overlay.cfg(36)
    [linker generated]        /opt/cc-6502/share/cc65/cfg/c64-overlay.cfg(34)
    [linker generated]        /opt/cc-6502/share/cc65/cfg/c64-overlay.cfg(32)
    [linker generated]        /opt/cc-6502/share/cc65/cfg/c64-overlay.cfg(30)
    [linker generated]        /opt/cc-6502/share/cc65/cfg/c64-overlay.cfg(28)
    [linker generated]        /opt/cc-6502/share/cc65/cfg/c64-overlay.cfg(26)
    [linker generated]        /opt/cc-6502/share/cc65/cfg/c64-overlay.cfg(24)
    [linker generated]        /opt/cc-6502/share/cc65/cfg/c64-overlay.cfg(22)
    [linker generated]        /opt/cc-6502/share/cc65/cfg/c64-overlay.cfg(20)
    [linker generated]        /opt/cc-6502/share/cc65/cfg/c64-overlay.cfg(11)
__OVERLAYSTART__ ([linker generated]):
    [linker generated]        /opt/cc-6502/share/cc65/cfg/c64-overlay.cfg(36)
    [linker generated]        /opt/cc-6502/share/cc65/cfg/c64-overlay.cfg(35)
    [linker generated]        /opt/cc-6502/share/cc65/cfg/c64-overlay.cfg(34)
    [linker generated]        /opt/cc-6502/share/cc65/cfg/c64-overlay.cfg(33)
    [linker generated]        /opt/cc-6502/share/cc65/cfg/c64-overlay.cfg(32)
    [linker generated]        /opt/cc-6502/share/cc65/cfg/c64-overlay.cfg(31)
    [linker generated]        /opt/cc-6502/share/cc65/cfg/c64-overlay.cfg(30)
    [linker generated]        /opt/cc-6502/share/cc65/cfg/c64-overlay.cfg(29)
    [linker generated]        /opt/cc-6502/share/cc65/cfg/c64-overlay.cfg(28)
    [linker generated]        /opt/cc-6502/share/cc65/cfg/c64-overlay.cfg(27)
    [linker generated]        /opt/cc-6502/share/cc65/cfg/c64-overlay.cfg(26)
    [linker generated]        /opt/cc-6502/share/cc65/cfg/c64-overlay.cfg(25)
    [linker generated]        /opt/cc-6502/share/cc65/cfg/c64-overlay.cfg(24)
    [linker generated]        /opt/cc-6502/share/cc65/cfg/c64-overlay.cfg(23)
    [linker generated]        /opt/cc-6502/share/cc65/cfg/c64-overlay.cfg(22)
    [linker generated]        /opt/cc-6502/share/cc65/cfg/c64-overlay.cfg(21)
    [linker generated]        /opt/cc-6502/share/cc65/cfg/c64-overlay.cfg(20)
    [linker generated]        /opt/cc-6502/share/cc65/cfg/c64-overlay.cfg(19)
    [linker generated]        /opt/cc-6502/share/cc65/cfg/c64-overlay.cfg(18)
__STACKSIZE__ ([linker generated]):
    _heap.o                   common/_heap.s(8)
    [linker generated]        /opt/cc-6502/share/cc65/cfg/c64-overlay.cfg(18)
__STARTUP__ (crt0.o):
    multidemo.o               multidemo.s(29)
__ZP_START__ ([linker generated]):
    modload.o                 common/modload.s(42)
__cbm_filetype (cbm_filetype.o):
    readdir.o                 ../libwrk/c64/readdir.s(14)
__ctype (ctype.o):
    strlower.o                common/strlower.s(13)
    stricmp.o                 common/stricmp.s(10)
__directerrno (_directerrno.o):
    write.o                   /Users/thierry/Projects/Devel/cc65/asminc/errno.inc(10)
    close.o                   /Users/thierry/Projects/Devel/cc65/asminc/errno.inc(10)
    read.o                    /Users/thierry/Projects/Devel/cc65/asminc/errno.inc(10)
    open.o                    /Users/thierry/Projects/Devel/cc65/asminc/errno.inc(10)
__dirread (dir.o):
    readdir.o                 ../libwrk/c64/readdir.s(16)
    opendir.o                 ../libwrk/c64/opendir.s(18)
__dirread1 (dir.o):
    readdir.o                 ../libwrk/c64/readdir.s(17)
__errno (errno.o):
    dir.o                     /Users/thierry/Projects/Devel/cc65/asminc/errno.inc(7)
    _seterrno.o               /Users/thierry/Projects/Devel/cc65/asminc/errno.inc(7)
    readdir.o                 ../libwrk/c64/readdir.s(13)
    opendir.o                 ../libwrk/c64/opendir.s(16)
__filetype (filetype.o):
    filename.o                cbm/filename.s(11)
__heapend (_heap.o):
    malloc.o                  /Users/thierry/Projects/Devel/cc65/asminc/_heap.inc(33)
    realloc.o                 ../libwrk/c64/realloc.s(18)
__heapfirst (_heap.o):
    malloc.o                  /Users/thierry/Projects/Devel/cc65/asminc/_heap.inc(34)
    free.o                    /Users/thierry/Projects/Devel/cc65/asminc/_heap.inc(34)
__heaplast (_heap.o):
    malloc.o                  /Users/thierry/Projects/Devel/cc65/asminc/_heap.inc(35)
    free.o                    /Users/thierry/Projects/Devel/cc65/asminc/_heap.inc(35)
__heapptr (_heap.o):
    malloc.o                  /Users/thierry/Projects/Devel/cc65/asminc/_heap.inc(32)
    realloc.o                 ../libwrk/c64/realloc.s(17)
    free.o                    /Users/thierry/Projects/Devel/cc65/asminc/_heap.inc(32)
__hextab (_hextab.o):
    ltoa.o                    common/ltoa.s(10)
__longminstr (_longminstr.o):
    ltoa.o                    common/ltoa.s(10)
__mappederrno (_mappederrno.o):
    write.o                   /Users/thierry/Projects/Devel/cc65/asminc/errno.inc(10)
    close.o                   /Users/thierry/Projects/Devel/cc65/asminc/errno.inc(10)
    read.o                    /Users/thierry/Projects/Devel/cc65/asminc/errno.inc(10)
    open.o                    /Users/thierry/Projects/Devel/cc65/asminc/errno.inc(10)
__oserror (_oserror.o):
    write.o                   /Users/thierry/Projects/Devel/cc65/asminc/errno.inc(7)
    c_load.o                  cbm/c_load.s(10)
    _mappederrno.o            /Users/thierry/Projects/Devel/cc65/asminc/errno.inc(7)
    _directerrno.o            /Users/thierry/Projects/Devel/cc65/asminc/errno.inc(7)
    read.o                    /Users/thierry/Projects/Devel/cc65/asminc/errno.inc(7)
    open.o                    /Users/thierry/Projects/Devel/cc65/asminc/errno.inc(7)
__osmaperrno (oserror.o):
    _mappederrno.o            /Users/thierry/Projects/Devel/cc65/asminc/errno.inc(8)
__printf (_printf.o):
    vfprintf.o                common/vfprintf.s(10)
__seterrno (_seterrno.o):
    fwrite.o                  /Users/thierry/Projects/Devel/cc65/asminc/errno.inc(9)
    _mappederrno.o            /Users/thierry/Projects/Devel/cc65/asminc/errno.inc(9)
    _directerrno.o            /Users/thierry/Projects/Devel/cc65/asminc/errno.inc(9)
_bzero (memset.o):
    modload.o                 common/modload.s(41)
_cbm_k_load (c_load.o):
    cbm_load.o                ../libwrk/c64/cbm_load.s(13)
_cbm_k_setlfs (c_setlfs.o):
    cbm_load.o                ../libwrk/c64/cbm_load.s(14)
_cbm_k_setnam (c_setnam.o):
    cbm_load.o                ../libwrk/c64/cbm_load.s(15)
_cbm_load (cbm_load.o):
    multidemo.o               multidemo.s(68)
_close (close.o):
    open.o                    cbm/open.s(14)
    em_load.o                 em/em_load.s(18)
    closedir.o                cbm/closedir.s(13)
_closedir (closedir.o):
    multidemo.o               multidemo.s(62)
_doesclrscrafterexit (doesclrscr.o):
    multidemo.o               multidemo.s(67)
_em_copyfrom (em_copyfrom.o):
    multidemo.o               multidemo.s(65)
_em_copyto (em_copyto.o):
    multidemo.o               multidemo.s(66)
_em_drv (em-kernel.o):
    em_load.o                 /Users/thierry/Projects/Devel/cc65/asminc/em-kernel.inc(74)
_em_install (em-kernel.o):
    em_load.o                 /Users/thierry/Projects/Devel/cc65/asminc/em-kernel.inc(98)
_em_load_driver (em_load.o):
    multidemo.o               multidemo.s(63)
_em_pagecount (em_pagecount.o):
    multidemo.o               multidemo.s(64)
_exit (crt0.o):
    libref.o                  c64/libref.s(11)
_fgetc (fgetc.o):
    getchar.o                 ../libwrk/c64/getchar.s(14)
_free (free.o):
    realloc.o                 ../libwrk/c64/realloc.s(15)
    modload.o                 common/modload.s(41)
    modfree.o                 common/modfree.s(36)
    closedir.o                cbm/closedir.s(13)
    multidemo.o               multidemo.s(59)
_fwrite (fwrite.o):
    vfprintf.o                common/vfprintf.s(10)
_getchar (getchar.o):
    multidemo.o               multidemo.s(56)
_getcurrentdevice (curdevice.o):
    multidemo.o               multidemo.s(69)
_ltoa (ltoa.o):
    _printf.o                 common/_printf.s(12)
_main (multidemo.o):
    callmain.o                runtime/callmain.s(11)
_malloc (malloc.o):
    realloc.o                 ../libwrk/c64/realloc.s(13)
    opendir.o                 ../libwrk/c64/opendir.s(13)
    modload.o                 common/modload.s(41)
_memcpy (memcpy.o):
    realloc.o                 ../libwrk/c64/realloc.s(16)
    opendir.o                 ../libwrk/c64/opendir.s(14)
_mod_free (modfree.o):
    em_load.o                 /Users/thierry/Projects/Devel/cc65/asminc/modload.inc(66)
_mod_load (modload.o):
    em_load.o                 /Users/thierry/Projects/Devel/cc65/asminc/modload.inc(60)
_open (open.o):
    opendir.o                 ../libwrk/c64/opendir.s(15)
    em_load.o                 em/em_load.s(16)
_opendir (opendir.o):
    multidemo.o               multidemo.s(60)
_printf (printf.o):
    multidemo.o               multidemo.s(57)
_read (read.o):
    fgetc.o                   ../libwrk/c64/fgetc.s(14)
    dir.o                     cbm/dir.s(12)
    em_load.o                 em/em_load.s(17)
_readdir (readdir.o):
    multidemo.o               multidemo.s(61)
_realloc (realloc.o):
    multidemo.o               multidemo.s(58)
_stdin (_file.o):
    getchar.o                 ../libwrk/c64/getchar.s(13)
_stdout (_file.o):
    printf.o                  common/printf.s(8)
_strcasecmp (stricmp.o):
    multidemo.o               multidemo.s(55)
_strcpy (strcpy.o):
    multidemo.o               multidemo.s(53)
_strlen (strlen.o):
    _printf.o                 common/_printf.s(13)
_strlower (strlower.o):
    _printf.o                 common/_printf.s(13)
_strrchr (strrchr.o):
    multidemo.o               multidemo.s(54)
_ultoa (ltoa.o):
    _printf.o                 common/_printf.s(12)
_vfprintf (vfprintf.o):
    printf.o                  common/printf.s(8)
_write (write.o):
    fwrite.o                  common/fwrite.s(10)
addysp (addysp.o):
    incsp6.o                  runtime/incsp6.s(8)
    fwrite.o                  common/fwrite.s(11)
    realloc.o                 ../libwrk/c64/realloc.s(194)
    readdir.o                 ../libwrk/c64/readdir.s(254)
    printf.o                  common/printf.s(8)
    opendir.o                 ../libwrk/c64/opendir.s(140)
    open.o                    cbm/open.s(10)
    incsp8.o                  runtime/incsp8.s(8)
    incsp5.o                  runtime/incsp5.s(8)
    incsp3.o                  runtime/incsp3.s(8)
    multidemo.o               multidemo.s(1346)
axlong (axlong.o):
    _printf.o                 common/_printf.s(11)
axulong (axlong.o):
    _printf.o                 common/_printf.s(11)
booleq (makebool.o):
    cbm_load.o                ../libwrk/c64/cbm_load.s(61)
boolne (makebool.o):
    multidemo.o               multidemo.s(1346)
callmain (callmain.o):
    crt0.o                    c64/crt0.s(9)
closecmdchannel (diskcmd.o):
    close.o                   cbm/close.s(9)
    scratch.o                 cbm/scratch.s(8)
    open.o                    cbm/open.s(12)
curunit (filevars.o):
    filename.o                cbm/filename.s(11)
    curdevice.o               cbm/curdevice.s(8)
decax1 (decax1.o):
    modload.o                 common/modload.s(40)
decax4 (decax4.o):
    realloc.o                 ../libwrk/c64/realloc.s(194)
decsp1 (decsp1.o):
    fgetc.o                   ../libwrk/c64/fgetc.s(96)
    multidemo.o               multidemo.s(1346)
    multidemo.o               multidemo.s(1346)
decsp2 (decsp2.o):
    opendir.o                 ../libwrk/c64/opendir.s(140)
    multidemo.o               multidemo.s(1346)
decsp3 (decsp3.o):
    multidemo.o               multidemo.s(1346)
decsp4 (decsp4.o):
    lpush.o                   runtime/lpush.s(12)
    multidemo.o               multidemo.s(1346)
decsp6 (decsp6.o):
    _printf.o                 common/_printf.s(11)
    realloc.o                 ../libwrk/c64/realloc.s(194)
decsp8 (decsp8.o):
    multidemo.o               multidemo.s(1346)
    multidemo.o               multidemo.s(1346)
devnum (devnum.o):
    filevars.o                cbm/filevars.s(9)
donelib (condes.o):
    crt0.o                    c64/crt0.s(8)
em_clear_ptr (em-kernel.o):
    em_load.o                 /Users/thierry/Projects/Devel/cc65/asminc/em-kernel.inc(91)
em_libref (libref.o):
    em-kernel.o               em/em-kernel.s(7)
emd_copyfrom (em-kernel.o):
    em_copyfrom.o             /Users/thierry/Projects/Devel/cc65/asminc/em-kernel.inc(85)
emd_copyto (em-kernel.o):
    em_copyto.o               /Users/thierry/Projects/Devel/cc65/asminc/em-kernel.inc(86)
emd_pagecount (em-kernel.o):
    em_pagecount.o            /Users/thierry/Projects/Devel/cc65/asminc/em-kernel.inc(81)
fdtab (filedes.o):
    write.o                   cbm/filedes.inc(7)
    close.o                   cbm/filedes.inc(7)
    read.o                    cbm/filedes.inc(7)
    open.o                    cbm/filedes.inc(7)
fnaddmode (filename.o):
    open.o                    cbm/open.s(11)
fncmd (filename.o):
    diskcmd.o                 cbm/diskcmd.s(14)
    scratch.o                 cbm/scratch.s(9)
fncomplete (filename.o):
    open.o                    cbm/open.s(11)
fnisfile (filename.o):
    open.o                    cbm/open.s(13)
fnlen (filename.o):
    diskcmd.o                 cbm/diskcmd.s(14)
fnparse (filename.o):
    open.o                    cbm/open.s(11)
fnset (filename.o):
    open.o                    cbm/open.s(11)
fnunit (filename.o):
    diskcmd.o                 cbm/diskcmd.s(14)
    scratch.o                 cbm/scratch.s(9)
    open.o                    cbm/open.s(13)
freefd (filedes.o):
    open.o                    cbm/filedes.inc(9)
incax4 (incaxy.o):
    readdir.o                 ../libwrk/c64/readdir.s(254)
incsp1 (incsp1.o):
    multidemo.o               multidemo.s(1346)
incsp2 (incsp2.o):
    popptr1.o                 runtime/popptr1.s(8)
    multidemo.o               multidemo.s(1346)
    multidemo.o               multidemo.s(1346)
incsp3 (incsp3.o):
    fgetc.o                   ../libwrk/c64/fgetc.s(96)
    multidemo.o               multidemo.s(1346)
incsp5 (incsp5.o):
    cbm_load.o                ../libwrk/c64/cbm_load.s(61)
incsp6 (incsp6.o):
    fwrite.o                  common/fwrite.s(11)
    vfprintf.o                common/vfprintf.s(9)
incsp8 (incsp8.o):
    multidemo.o               multidemo.s(1346)
    multidemo.o               multidemo.s(1346)
initlib (condes.o):
    crt0.o                    c64/crt0.s(8)
ldax0sp (ldaxsp.o):
    realloc.o                 ../libwrk/c64/realloc.s(194)
ldaxidx (ldaxi.o):
    realloc.o                 ../libwrk/c64/realloc.s(194)
ldaxysp (ldaxsp.o):
    fwrite.o                  common/fwrite.s(11)
    realloc.o                 ../libwrk/c64/realloc.s(194)
    opendir.o                 ../libwrk/c64/opendir.s(140)
    cbm_load.o                ../libwrk/c64/cbm_load.s(61)
leaa0sp (leaaxsp.o):
    fgetc.o                   ../libwrk/c64/fgetc.s(96)
    readdir.o                 ../libwrk/c64/readdir.s(254)
    opendir.o                 ../libwrk/c64/opendir.s(140)
mul8x16 (mul8.o):
    mul.o                     runtime/mul.s(8)
mul8x16a (mul8.o):
    mul.o                     runtime/mul.s(8)
negeax (lneg.o):
    ltoa.o                    common/ltoa.s(9)
opencmdchannel (diskcmd.o):
    scratch.o                 cbm/scratch.s(8)
    open.o                    cbm/open.s(12)
popa (popa.o):
    c_setlfs.o                cbm/c_setlfs.s(12)
    c_load.o                  cbm/c_load.s(11)
popax (incsp2.o):
    memset.o                  common/memset.s(19)
    memcpy.o                  common/memcpy.s(14)
    ltoa.o                    common/ltoa.s(9)
    _printf.o                 common/_printf.s(11)
    strrchr.o                 common/strrchr.s(9)
    strcpy.o                  common/strcpy.s(8)
    rwcommon.o                cbm/rwcommon.s(9)
    open.o                    cbm/open.s(10)
popptr1 (popptr1.o):
    udiv.o                    runtime/udiv.s(9)
    mul.o                     runtime/mul.s(9)
    memcpy.o                  common/memcpy.s(14)
    ltoa.o                    common/ltoa.s(9)
    stricmp.o                 common/stricmp.s(9)
    rwcommon.o                cbm/rwcommon.s(9)
    mul8.o                    runtime/mul8.s(9)
ptr1 (zeropage.o):
    write.o                   cbm/write.s(11)
    udiv.o                    runtime/udiv.s(10)
    strlower.o                common/strlower.s(14)
    mul.o                     runtime/mul.s(10)
    memset.o                  common/memset.s(20)
    memcpy.o                  common/memcpy.s(15)
    malloc.o                  common/malloc.s(108)
    ltoa.o                    common/ltoa.s(11)
    ldaxi.o                   runtime/ldaxi.s(8)
    fwrite.o                  common/fwrite.s(14)
    filename.o                cbm/filename.s(12)
    em-kernel.o               em/em-kernel.s(8)
    diskcmd.o                 cbm/diskcmd.s(15)
    dir.o                     /Users/thierry/Projects/Devel/cc65/asminc/zeropage.inc(12)
    c_setnam.o                cbm/c_setnam.s(10)
    c_load.o                  cbm/c_load.s(12)
    _printf.o                 /Users/thierry/Projects/Devel/cc65/asminc/zeropage.inc(12)
    zerobss.o                 common/zerobss.s(9)
    vfprintf.o                common/vfprintf.s(11)
    strrchr.o                 common/strrchr.s(10)
    stricmp.o                 common/stricmp.s(11)
    strcpy.o                  common/strcpy.s(9)
    readdir.o                 ../libwrk/c64/readdir.s(11)
    read.o                    cbm/read.s(13)
    printf.o                  common/printf.s(9)
    popptr1.o                 runtime/popptr1.s(9)
    mul8.o                    runtime/mul8.s(10)
    free.o                    common/free.s(62)
    closedir.o                /Users/thierry/Projects/Devel/cc65/asminc/zeropage.inc(12)
    multidemo.o               multidemo.s(11)
ptr2 (zeropage.o):
    write.o                   cbm/write.s(11)
    strlower.o                common/strlower.s(14)
    strlen.o                  common/strlen.s(12)
    memset.o                  common/memset.s(20)
    memcpy.o                  common/memcpy.s(15)
    malloc.o                  common/malloc.s(108)
    ltoa.o                    common/ltoa.s(11)
    _printf.o                 /Users/thierry/Projects/Devel/cc65/asminc/zeropage.inc(12)
    stricmp.o                 common/stricmp.s(11)
    strcpy.o                  common/strcpy.s(9)
    rwcommon.o                cbm/rwcommon.s(10)
    read.o                    cbm/read.s(13)
    free.o                    common/free.s(62)
ptr3 (zeropage.o):
    write.o                   cbm/write.s(11)
    memset.o                  common/memset.s(20)
    memcpy.o                  common/memcpy.s(15)
    malloc.o                  common/malloc.s(108)
    ltoa.o                    common/ltoa.s(11)
    rwcommon.o                cbm/rwcommon.s(10)
    read.o                    cbm/read.s(13)
    free.o                    common/free.s(62)
ptr4 (zeropage.o):
    udiv.o                    runtime/udiv.s(10)
    mul.o                     runtime/mul.s(10)
    mul8.o                    runtime/mul8.s(10)
    free.o                    common/free.s(62)
push0 (pushax.o):
    opendir.o                 ../libwrk/c64/opendir.s(140)
    multidemo.o               multidemo.s(1346)
    multidemo.o               multidemo.s(1346)
push1 (push1.o):
    _printf.o                 common/_printf.s(11)
    vfprintf.o                common/vfprintf.s(9)
pusha (pusha.o):
    readdir.o                 ../libwrk/c64/readdir.s(254)
    cbm_load.o                ../libwrk/c64/cbm_load.s(61)
    multidemo.o               multidemo.s(1346)
    multidemo.o               multidemo.s(1346)
pusha0 (pushax.o):
    push1.o                   runtime/push1.s(8)
    fgetc.o                   ../libwrk/c64/fgetc.s(96)
    opendir.o                 ../libwrk/c64/opendir.s(140)
    em_load.o                 em/em_load.s(14)
    multidemo.o               multidemo.s(1346)
    multidemo.o               multidemo.s(1346)
    multidemo.o               multidemo.s(1346)
pushax (pushax.o):
    fwrite.o                  common/fwrite.s(11)
    fgetc.o                   ../libwrk/c64/fgetc.s(96)
    dir.o                     cbm/dir.s(11)
    callmain.o                runtime/callmain.s(11)
    _printf.o                 common/_printf.s(11)
    realloc.o                 ../libwrk/c64/realloc.s(194)
    readdir.o                 ../libwrk/c64/readdir.s(254)
    printf.o                  common/printf.s(8)
    opendir.o                 ../libwrk/c64/opendir.s(140)
    modload.o                 common/modload.s(40)
    em_load.o                 em/em_load.s(13)
    cbm_load.o                ../libwrk/c64/cbm_load.s(61)
    multidemo.o               multidemo.s(1346)
    multidemo.o               multidemo.s(1346)
    multidemo.o               multidemo.s(1346)
    multidemo.o               multidemo.s(1346)
pusheax (lpush.o):
    _printf.o                 common/_printf.s(11)
pushw0sp (pushwsp.o):
    multidemo.o               multidemo.s(1346)
    multidemo.o               multidemo.s(1346)
pushwysp (pushwsp.o):
    fwrite.o                  common/fwrite.s(11)
    vfprintf.o                common/vfprintf.s(9)
    realloc.o                 ../libwrk/c64/realloc.s(194)
    opendir.o                 ../libwrk/c64/opendir.s(140)
    multidemo.o               multidemo.s(1346)
    multidemo.o               multidemo.s(1346)
readdiskerror (diskcmd.o):
    close.o                   cbm/close.s(9)
    open.o                    cbm/open.s(12)
regbank (zeropage.o):
    fgetc.o                   ../libwrk/c64/fgetc.s(10)
    _printf.o                 /Users/thierry/Projects/Devel/cc65/asminc/zeropage.inc(14)
    regswap2.o                runtime/regswap2.s(8)
    realloc.o                 ../libwrk/c64/realloc.s(10)
    readdir.o                 ../libwrk/c64/readdir.s(10)
    opendir.o                 ../libwrk/c64/opendir.s(10)
    modload.o                 /Users/thierry/Projects/Devel/cc65/asminc/zeropage.inc(14)
regswap2 (regswap2.o):
    fgetc.o                   ../libwrk/c64/fgetc.s(96)
    realloc.o                 ../libwrk/c64/realloc.s(194)
    readdir.o                 ../libwrk/c64/readdir.s(254)
    opendir.o                 ../libwrk/c64/opendir.s(140)
return0 (return0.o):
    em-kernel.o               em/em-kernel.s(7)
    doesclrscr.o              common/doesclrscr.s(10)
rwcommon (rwcommon.o):
    write.o                   cbm/write.s(10)
    read.o                    cbm/read.s(11)
scratch (scratch.o):
    open.o                    cbm/open.s(11)
sp (zeropage.o):
    popa.o                    runtime/popa.s(8)
    memset.o                  common/memset.s(20)
    memcpy.o                  common/memcpy.s(15)
    lpush.o                   runtime/lpush.s(13)
    leaaxsp.o                 runtime/leaaxsp.s(8)
    fgetc.o                   ../libwrk/c64/fgetc.s(10)
    dir.o                     /Users/thierry/Projects/Devel/cc65/asminc/zeropage.inc(11)
    decsp6.o                  runtime/decsp6.s(8)
    _printf.o                 /Users/thierry/Projects/Devel/cc65/asminc/zeropage.inc(11)
    _heap.o                   common/_heap.s(9)
    vfprintf.o                common/vfprintf.s(11)
    subysp.o                  runtime/subysp.s(9)
    subeqsp.o                 runtime/subeqsp.s(8)
    staxsp.o                  runtime/staxsp.s(8)
    regswap2.o                runtime/regswap2.s(8)
    realloc.o                 ../libwrk/c64/realloc.s(10)
    readdir.o                 ../libwrk/c64/readdir.s(10)
    pushwsp.o                 runtime/pushwsp.s(8)
    pushax.o                  runtime/pushax.s(8)
    pusha.o                   runtime/pusha.s(8)
    printf.o                  common/printf.s(9)
    popptr1.o                 runtime/popptr1.s(9)
    opendir.o                 ../libwrk/c64/opendir.s(10)
    ldaxsp.o                  runtime/ldaxsp.s(8)
    incsp2.o                  runtime/incsp2.s(8)
    incsp1.o                  runtime/incsp1.s(8)
    icmp.o                    runtime/icmp.s(9)
    decsp8.o                  runtime/decsp8.s(8)
    decsp4.o                  runtime/decsp4.s(8)
    decsp3.o                  runtime/decsp3.s(8)
    decsp2.o                  runtime/decsp2.s(8)
    decsp1.o                  runtime/decsp1.s(8)
    crt0.o                    /Users/thierry/Projects/Devel/cc65/asminc/zeropage.inc(11)
    cbm_load.o                ../libwrk/c64/cbm_load.s(10)
    addysp.o                  runtime/addysp.s(8)
    add.o                     runtime/add.s(12)
    multidemo.o               multidemo.s(10)
sreg (zeropage.o):
    lneg.o                    runtime/lneg.s(11)
    udiv.o                    runtime/udiv.s(10)
    ltoa.o                    common/ltoa.s(11)
    lpush.o                   runtime/lpush.s(13)
    axlong.o                  runtime/axlong.s(9)
    _printf.o                 /Users/thierry/Projects/Devel/cc65/asminc/zeropage.inc(11)
    icmp.o                    runtime/icmp.s(9)
stax0sp (staxsp.o):
    realloc.o                 ../libwrk/c64/realloc.s(194)
    opendir.o                 ../libwrk/c64/opendir.s(140)
    multidemo.o               multidemo.s(1346)
    multidemo.o               multidemo.s(1346)
staxysp (staxsp.o):
    realloc.o                 ../libwrk/c64/realloc.s(194)
    opendir.o                 ../libwrk/c64/opendir.s(140)
    multidemo.o               multidemo.s(1346)
    multidemo.o               multidemo.s(1346)
    multidemo.o               multidemo.s(1346)
subeqysp (subeqsp.o):
    realloc.o                 ../libwrk/c64/realloc.s(194)
subysp (subysp.o):
    readdir.o                 ../libwrk/c64/readdir.s(254)
    opendir.o                 ../libwrk/c64/opendir.s(140)
tmp1 (zeropage.o):
    mul.o                     runtime/mul.s(10)
    ltoa.o                    common/ltoa.s(11)
    incaxy.o                  runtime/incaxy.s(8)
    filename.o                cbm/filename.s(12)
    diskcmd.o                 cbm/diskcmd.s(15)
    dir.o                     /Users/thierry/Projects/Devel/cc65/asminc/zeropage.inc(13)
    c_setlfs.o                cbm/c_setlfs.s(13)
    _printf.o                 /Users/thierry/Projects/Devel/cc65/asminc/zeropage.inc(13)
    strrchr.o                 common/strrchr.s(10)
    stricmp.o                 common/stricmp.s(11)
    realloc.o                 ../libwrk/c64/realloc.s(11)
    readdir.o                 ../libwrk/c64/readdir.s(11)
    read.o                    cbm/read.s(13)
    add.o                     runtime/add.s(12)
    multidemo.o               multidemo.s(11)
tmp2 (zeropage.o):
    close.o                   cbm/close.s(10)
    strrchr.o                 common/strrchr.s(10)
    rwcommon.o                cbm/rwcommon.s(10)
    read.o                    cbm/read.s(13)
    open.o                    cbm/open.s(15)
tmp3 (zeropage.o):
    read.o                    cbm/read.s(13)
    open.o                    cbm/open.s(15)
tosaddax (add.o):
    multidemo.o               multidemo.s(1346)
tosicmp (icmp.o):
    multidemo.o               multidemo.s(1346)
tosudivax (udiv.o):
    fwrite.o                  common/fwrite.s(12)
tosumula0 (mul8.o):
    multidemo.o               multidemo.s(1346)
tosumulax (mul.o):
    fwrite.o                  common/fwrite.s(12)
unittab (filedes.o):
    close.o                   cbm/filedes.inc(8)
    read.o                    cbm/filedes.inc(8)
    open.o                    cbm/filedes.inc(8)
writefndiskcmd (diskcmd.o):
    scratch.o                 cbm/scratch.s(8)
zerobss (zerobss.o):
    crt0.o                    c64/crt0.s(9)

