Modules list:
-------------
nachtm.o:
    CODE              Offs=000000  Size=0003C8  Align=00001  Fill=0000
    RODATA            Offs=000000  Size=0000F4  Align=00001  Fill=0000
    BSS               Offs=000000  Size=000009  Align=00001  Fill=0000
    DATA              Offs=000000  Size=003F0F  Align=00001  Fill=0000
/opt/cc-6502/share/cc65/lib/c64.lib(_cursor.o):
    BSS               Offs=000009  Size=000001  Align=00001  Fill=0000
/opt/cc-6502/share/cc65/lib/c64.lib(_hextab.o):
    RODATA            Offs=0000F4  Size=000010  Align=00001  Fill=0000
/opt/cc-6502/share/cc65/lib/c64.lib(_longminstr.o):
    RODATA            Offs=000104  Size=00000C  Align=00001  Fill=0000
/opt/cc-6502/share/cc65/lib/c64.lib(_printf.o):
    CODE              Offs=0003C8  Size=0003A5  Align=00001  Fill=0000
    BSS               Offs=00000A  Size=00002B  Align=00001  Fill=0000
    DATA              Offs=003F0F  Size=000003  Align=00001  Fill=0000
/opt/cc-6502/share/cc65/lib/c64.lib(_scrsize.o):
/opt/cc-6502/share/cc65/lib/c64.lib(add.o):
    CODE              Offs=00076D  Size=00001C  Align=00001  Fill=0000
/opt/cc-6502/share/cc65/lib/c64.lib(addeqsp.o):
    CODE              Offs=000789  Size=000011  Align=00001  Fill=0000
/opt/cc-6502/share/cc65/lib/c64.lib(addysp.o):
    CODE              Offs=00079A  Size=00000E  Align=00001  Fill=0000
/opt/cc-6502/share/cc65/lib/c64.lib(aslax1.o):
    CODE              Offs=0007A8  Size=000008  Align=00001  Fill=0000
/opt/cc-6502/share/cc65/lib/c64.lib(aslax3.o):
    CODE              Offs=0007B0  Size=00000E  Align=00001  Fill=0000
/opt/cc-6502/share/cc65/lib/c64.lib(aslax4.o):
    CODE              Offs=0007BE  Size=000011  Align=00001  Fill=0000
/opt/cc-6502/share/cc65/lib/c64.lib(asmtab.o):
    RODATA            Offs=000110  Size=0000DE  Align=00001  Fill=0000
/opt/cc-6502/share/cc65/lib/c64.lib(axlong.o):
    CODE              Offs=0007CF  Size=00000D  Align=00001  Fill=0000
/opt/cc-6502/share/cc65/lib/c64.lib(bordercolor.o):
    CODE              Offs=0007DC  Size=000008  Align=00001  Fill=0000
/opt/cc-6502/share/cc65/lib/c64.lib(break.o):
    CODE              Offs=0007E4  Size=000074  Align=00001  Fill=0000
    BSS               Offs=000035  Size=000008  Align=00001  Fill=0000
    DATA              Offs=003F12  Size=000003  Align=00001  Fill=0000
/opt/cc-6502/share/cc65/lib/c64.lib(call.o):
    CODE              Offs=000858  Size=000007  Align=00001  Fill=0000
/opt/cc-6502/share/cc65/lib/c64.lib(callmain.o):
    CODE              Offs=00085F  Size=000017  Align=00001  Fill=0000
    DATA              Offs=003F15  Size=000004  Align=00001  Fill=0000
/opt/cc-6502/share/cc65/lib/c64.lib(cclear.o):
    CODE              Offs=000876  Size=000015  Align=00001  Fill=0000
/opt/cc-6502/share/cc65/lib/c64.lib(cgetc.o):
    CODE              Offs=00088B  Size=000047  Align=00001  Fill=0000
/opt/cc-6502/share/cc65/lib/c64.lib(chline.o):
    CODE              Offs=0008D2  Size=000015  Align=00001  Fill=0000
/opt/cc-6502/share/cc65/lib/c64.lib(clinechars.o):
/opt/cc-6502/share/cc65/lib/c64.lib(clock.o):
    CODE              Offs=0008E7  Size=00000A  Align=00001  Fill=0000
/opt/cc-6502/share/cc65/lib/c64.lib(clrscr.o):
/opt/cc-6502/share/cc65/lib/c64.lib(color.o):
    CODE              Offs=0008F1  Size=000010  Align=00001  Fill=0000
/opt/cc-6502/share/cc65/lib/c64.lib(condes.o):
    CODE              Offs=000901  Size=00000C  Align=00001  Fill=0000
    DATA              Offs=003F19  Size=000025  Align=00001  Fill=0000
    ONCE              Offs=000000  Size=00000C  Align=00001  Fill=0000
/opt/cc-6502/share/cc65/lib/c64.lib(conio.o):
/opt/cc-6502/share/cc65/lib/c64.lib(cprintf.o):
    CODE              Offs=00090D  Size=00002A  Align=00001  Fill=0000
    BSS               Offs=00003D  Size=000001  Align=00001  Fill=0000
/opt/cc-6502/share/cc65/lib/c64.lib(cputc.o):
    CODE              Offs=000937  Size=00006F  Align=00001  Fill=0000
/opt/cc-6502/share/cc65/lib/c64.lib(cputhex.o):
    CODE              Offs=0009A6  Size=00001C  Align=00001  Fill=0000
/opt/cc-6502/share/cc65/lib/c64.lib(cputs.o):
    CODE              Offs=0009C2  Size=000023  Align=00001  Fill=0000
/opt/cc-6502/share/cc65/lib/c64.lib(crt0.o):
    STARTUP           Offs=000000  Size=000033  Align=00001  Fill=0000
    ONCE              Offs=00000C  Size=00001A  Align=00001  Fill=0000
    INIT              Offs=000000  Size=00001C  Align=00001  Fill=0000
/opt/cc-6502/share/cc65/lib/c64.lib(ctype.o):
    RODATA            Offs=0001EE  Size=000100  Align=00001  Fill=0000
/opt/cc-6502/share/cc65/lib/c64.lib(cursor.o):
    CODE              Offs=0009E5  Size=00000A  Align=00001  Fill=0000
/opt/cc-6502/share/cc65/lib/c64.lib(cvline.o):
    CODE              Offs=0009EF  Size=000018  Align=00001  Fill=0000
/opt/cc-6502/share/cc65/lib/c64.lib(dbg.o):
    CODE              Offs=000A07  Size=001136  Align=00001  Fill=0000
    RODATA            Offs=0002EE  Size=000332  Align=00001  Fill=0000
    BSS               Offs=00003E  Size=00003A  Align=00001  Fill=0000
    DATA              Offs=003F3E  Size=000006  Align=00001  Fill=0000
/opt/cc-6502/share/cc65/lib/c64.lib(dbgdasm.o):
    CODE              Offs=001B3D  Size=000164  Align=00001  Fill=0000
/opt/cc-6502/share/cc65/lib/c64.lib(dbgdump.o):
    CODE              Offs=001CA1  Size=00006C  Align=00001  Fill=0000
/opt/cc-6502/share/cc65/lib/c64.lib(dbgisram.o):
    CODE              Offs=001D0D  Size=00002B  Align=00001  Fill=0000
    RODATA            Offs=000620  Size=000004  Align=00001  Fill=0000
/opt/cc-6502/share/cc65/lib/c64.lib(dbgsupp.o):
    CODE              Offs=001D38  Size=0000E9  Align=00001  Fill=0000
    BSS               Offs=000078  Size=000117  Align=00001  Fill=0000
/opt/cc-6502/share/cc65/lib/c64.lib(decaxy.o):
    CODE              Offs=001E21  Size=000009  Align=00001  Fill=0000
/opt/cc-6502/share/cc65/lib/c64.lib(decsp1.o):
    CODE              Offs=001E2A  Size=000009  Align=00001  Fill=0000
/opt/cc-6502/share/cc65/lib/c64.lib(decsp2.o):
    CODE              Offs=001E33  Size=00000D  Align=00001  Fill=0000
/opt/cc-6502/share/cc65/lib/c64.lib(decsp3.o):
    CODE              Offs=001E40  Size=00000D  Align=00001  Fill=0000
/opt/cc-6502/share/cc65/lib/c64.lib(decsp4.o):
    CODE              Offs=001E4D  Size=00000D  Align=00001  Fill=0000
/opt/cc-6502/share/cc65/lib/c64.lib(decsp6.o):
    CODE              Offs=001E5A  Size=00000D  Align=00001  Fill=0000
/opt/cc-6502/share/cc65/lib/c64.lib(decsp7.o):
    CODE              Offs=001E67  Size=00000D  Align=00001  Fill=0000
/opt/cc-6502/share/cc65/lib/c64.lib(decsp8.o):
    CODE              Offs=001E74  Size=00000D  Align=00001  Fill=0000
/opt/cc-6502/share/cc65/lib/c64.lib(exehdr.o):
    EXEHDR            Offs=000000  Size=00000C  Align=00001  Fill=0000
/opt/cc-6502/share/cc65/lib/c64.lib(gotoxy.o):
    CODE              Offs=001E81  Size=00000D  Align=00001  Fill=0000
/opt/cc-6502/share/cc65/lib/c64.lib(icmp.o):
    CODE              Offs=001E8E  Size=00002E  Align=00001  Fill=0000
/opt/cc-6502/share/cc65/lib/c64.lib(incax1.o):
    CODE              Offs=001EBC  Size=000007  Align=00001  Fill=0000
/opt/cc-6502/share/cc65/lib/c64.lib(incax2.o):
    CODE              Offs=001EC3  Size=000007  Align=00001  Fill=0000
/opt/cc-6502/share/cc65/lib/c64.lib(incsp1.o):
    CODE              Offs=001ECA  Size=000007  Align=00001  Fill=0000
/opt/cc-6502/share/cc65/lib/c64.lib(incsp2.o):
    CODE              Offs=001ED1  Size=000016  Align=00001  Fill=0000
/opt/cc-6502/share/cc65/lib/c64.lib(incsp3.o):
    CODE              Offs=001EE7  Size=000005  Align=00001  Fill=0000
/opt/cc-6502/share/cc65/lib/c64.lib(incsp4.o):
    CODE              Offs=001EEC  Size=000005  Align=00001  Fill=0000
/opt/cc-6502/share/cc65/lib/c64.lib(incsp6.o):
    CODE              Offs=001EF1  Size=000005  Align=00001  Fill=0000
/opt/cc-6502/share/cc65/lib/c64.lib(incsp8.o):
    CODE              Offs=001EF6  Size=000005  Align=00001  Fill=0000
/opt/cc-6502/share/cc65/lib/c64.lib(isalnum.o):
    CODE              Offs=001EFB  Size=00000F  Align=00001  Fill=0000
/opt/cc-6502/share/cc65/lib/c64.lib(isdigit.o):
    CODE              Offs=001F0A  Size=00000F  Align=00001  Fill=0000
/opt/cc-6502/share/cc65/lib/c64.lib(isxdigit.o):
    CODE              Offs=001F19  Size=00000F  Align=00001  Fill=0000
/opt/cc-6502/share/cc65/lib/c64.lib(kbhit.o):
    CODE              Offs=001F28  Size=000009  Align=00001  Fill=0000
/opt/cc-6502/share/cc65/lib/c64.lib(kernal.o):
/opt/cc-6502/share/cc65/lib/c64.lib(kplot.o):
    CODE              Offs=001F31  Size=00000B  Align=00001  Fill=0000
/opt/cc-6502/share/cc65/lib/c64.lib(ldai.o):
    CODE              Offs=001F3C  Size=00000C  Align=00001  Fill=0000
/opt/cc-6502/share/cc65/lib/c64.lib(ldaxi.o):
    CODE              Offs=001F48  Size=00000D  Align=00001  Fill=0000
/opt/cc-6502/share/cc65/lib/c64.lib(ldaxsp.o):
    CODE              Offs=001F55  Size=000009  Align=00001  Fill=0000
/opt/cc-6502/share/cc65/lib/c64.lib(ldeaxi.o):
    CODE              Offs=001F5E  Size=000017  Align=00001  Fill=0000
/opt/cc-6502/share/cc65/lib/c64.lib(ldeaxysp.o):
    CODE              Offs=001F75  Size=000013  Align=00001  Fill=0000
/opt/cc-6502/share/cc65/lib/c64.lib(leaaxsp.o):
    CODE              Offs=001F88  Size=00000C  Align=00001  Fill=0000
/opt/cc-6502/share/cc65/lib/c64.lib(lneg.o):
    CODE              Offs=001F94  Size=00001E  Align=00001  Fill=0000
/opt/cc-6502/share/cc65/lib/c64.lib(loadaddr.o):
    LOADADDR          Offs=000000  Size=000002  Align=00001  Fill=0000
/opt/cc-6502/share/cc65/lib/c64.lib(lpop.o):
    CODE              Offs=001FB2  Size=000015  Align=00001  Fill=0000
/opt/cc-6502/share/cc65/lib/c64.lib(lpush.o):
    CODE              Offs=001FC7  Size=000021  Align=00001  Fill=0000
/opt/cc-6502/share/cc65/lib/c64.lib(lshr.o):
    CODE              Offs=001FE8  Size=00001A  Align=00001  Fill=0000
/opt/cc-6502/share/cc65/lib/c64.lib(lsub.o):
    CODE              Offs=002002  Size=000027  Align=00001  Fill=0000
/opt/cc-6502/share/cc65/lib/c64.lib(ltoa.o):
    CODE              Offs=002029  Size=000095  Align=00001  Fill=0000
/opt/cc-6502/share/cc65/lib/c64.lib(ludiv.o):
    CODE              Offs=0020BE  Size=00007A  Align=00001  Fill=0000
/opt/cc-6502/share/cc65/lib/c64.lib(lumod.o):
    CODE              Offs=002138  Size=000019  Align=00001  Fill=0000
/opt/cc-6502/share/cc65/lib/c64.lib(makebool.o):
    CODE              Offs=002151  Size=00002C  Align=00001  Fill=0000
/opt/cc-6502/share/cc65/lib/c64.lib(mulax3.o):
    CODE              Offs=00217D  Size=000011  Align=00001  Fill=0000
/opt/cc-6502/share/cc65/lib/c64.lib(popa.o):
    CODE              Offs=00218E  Size=00000C  Align=00001  Fill=0000
/opt/cc-6502/share/cc65/lib/c64.lib(popptr1.o):
    CODE              Offs=00219A  Size=00000E  Align=00001  Fill=0000
/opt/cc-6502/share/cc65/lib/c64.lib(push1.o):
    CODE              Offs=0021A8  Size=000005  Align=00001  Fill=0000
/opt/cc-6502/share/cc65/lib/c64.lib(pusha.o):
    CODE              Offs=0021AD  Size=000016  Align=00001  Fill=0000
/opt/cc-6502/share/cc65/lib/c64.lib(pushax.o):
    CODE              Offs=0021C3  Size=00001A  Align=00001  Fill=0000
/opt/cc-6502/share/cc65/lib/c64.lib(pushw.o):
    CODE              Offs=0021DD  Size=00000F  Align=00001  Fill=0000
/opt/cc-6502/share/cc65/lib/c64.lib(pushwsp.o):
    CODE              Offs=0021EC  Size=00001C  Align=00001  Fill=0000
/opt/cc-6502/share/cc65/lib/c64.lib(regswap2.o):
    CODE              Offs=002208  Size=000016  Align=00001  Fill=0000
/opt/cc-6502/share/cc65/lib/c64.lib(return0.o):
    CODE              Offs=00221E  Size=000004  Align=00001  Fill=0000
/opt/cc-6502/share/cc65/lib/c64.lib(return1.o):
    CODE              Offs=002222  Size=000005  Align=00001  Fill=0000
/opt/cc-6502/share/cc65/lib/c64.lib(revers.o):
    CODE              Offs=002227  Size=000014  Align=00001  Fill=0000
/opt/cc-6502/share/cc65/lib/c64.lib(scrsize.o):
    CODE              Offs=00223B  Size=000013  Align=00001  Fill=0000
/opt/cc-6502/share/cc65/lib/c64.lib(shrax1.o):
    CODE              Offs=00224E  Size=000008  Align=00001  Fill=0000
/opt/cc-6502/share/cc65/lib/c64.lib(status.o):
/opt/cc-6502/share/cc65/lib/c64.lib(staxsp.o):
    CODE              Offs=002256  Size=00000B  Align=00001  Fill=0000
/opt/cc-6502/share/cc65/lib/c64.lib(staxspi.o):
    CODE              Offs=002261  Size=00001B  Align=00001  Fill=0000
/opt/cc-6502/share/cc65/lib/c64.lib(strlen.o):
    CODE              Offs=00227C  Size=000016  Align=00001  Fill=0000
/opt/cc-6502/share/cc65/lib/c64.lib(strlower.o):
    CODE              Offs=002292  Size=000028  Align=00001  Fill=0000
/opt/cc-6502/share/cc65/lib/c64.lib(sub.o):
    CODE              Offs=0022BA  Size=000015  Align=00001  Fill=0000
/opt/cc-6502/share/cc65/lib/c64.lib(subysp.o):
    CODE              Offs=0022CF  Size=00000D  Align=00001  Fill=0000
/opt/cc-6502/share/cc65/lib/c64.lib(toupper.o):
    CODE              Offs=0022DC  Size=000010  Align=00001  Fill=0000
/opt/cc-6502/share/cc65/lib/c64.lib(vcprintf.o):
    CODE              Offs=0022EC  Size=00007A  Align=00001  Fill=0000
    DATA              Offs=003F44  Size=000008  Align=00001  Fill=0000
/opt/cc-6502/share/cc65/lib/c64.lib(wherex.o):
    CODE              Offs=002366  Size=000005  Align=00001  Fill=0000
/opt/cc-6502/share/cc65/lib/c64.lib(zerobss.o):
    CODE              Offs=00236B  Size=000023  Align=00001  Fill=0000
/opt/cc-6502/share/cc65/lib/c64.lib(zeropage.o):
    ZEROPAGE          Offs=000000  Size=00001A  Align=00001  Fill=0000


Segment list:
-------------
Name                   Start     End    Size  Align
----------------------------------------------------
ZEROPAGE              000002  00001B  00001A  00001
LOADADDR              0007FF  000800  000002  00001
EXEHDR                000801  00080C  00000C  00001
STARTUP               00080D  00083F  000033  00001
CODE                  000840  002BCD  00238E  00001
RODATA                002BCE  0031F3  000626  00001
DATA                  0031F4  00713F  003F4C  00001
INIT                  007140  00715B  00001C  00001
BSS                   00715C  0072EA  00018F  00001
ONCE                  00715C  007181  000026  00001


Exports list by name:
---------------------
AdrFlagTab                002D22 RLA    BSOUT                     00FFD2 RLA    
CURS_X                    0000D3 RLZ    CURS_Y                    0000D6 RLZ    
MnemoTab1                 002D3C RLA    MnemoTab2                 002D7C RLA    
OffsetTab                 002CDE RLA    PLOT                      002771 RLA    
RDTIM                     00FFDE RLA    SCREEN                    00FFED RLA    
ST                        000090 RLZ    SymbolTab1                002D30 RLA    
SymbolTab2                002D36 RLA    _DbgBreaks                0071A3 RLA    
_DbgCS                    0072D4 RLA    _DbgDisAsm                00237D RLA    
_DbgDisAsmLen             0023AC RLA    _DbgEntry                 002210 RLA    
_DbgGetBreakSlot          00260C RLA    _DbgHI                    0072D6 RLA    
_DbgInit                  002578 RLA    _DbgIsBreak               00262D RLA    
_DbgIsRAM                 00254D RLA    _DbgMemDump               0024E1 RLA    
_DbgSP                    0072E8 RLA    __BSS_RUN__               00715C RLA    
__BSS_SIZE__              00018F REA    __CONSTRUCTOR_COUNT__     000000 REA    
__CONSTRUCTOR_TABLE__     007182 RLA    __DESTRUCTOR_COUNT__      000001 REA    
__DESTRUCTOR_TABLE__      0031F2 RLA    __EXEHDR__                000001 REA    
__HEADER_LAST__           00080D RLA    __HIMEM__                 00D000 REA    
__LOADADDR__              000001 REA    __MAIN_SIZE__             00C7F3 REA    
__MAIN_START__            00080D RLA    __ONCE_RUN__              00715C RLA    
__STACKSIZE__             000800 REA    __STARTUP__               000001 REA    
__ZP_START__              000002 RLA    __ctype                   002DBC RLA    
__hextab                  002CC2 RLA    __longminstr              002CD2 RLA    
__printf                  000CFB RLA    _bgcolor                  001139 RLA    
_bordercolor              00101C RLA    _brk_a                    007191 RLA    
_brk_pc                   007195 RLA    _brk_sr                   007194 RLA    
_brk_x                    007192 RLA    _brk_y                    007193 RLA    
_cclearxy                 0010B6 RLA    _cgetc                    0010CB RLA    
_chline                   001117 RLA    _chlinexy                 001112 RLA    
_clock                    001127 RLA    _clrscr                   00E544 REA    
_cprintf                  00114D RLA    _cputc                    00117C RLA    
_cputcxy                  001177 RLA    _cputhex16                0011E6 RLA    
_cputhex8                 0011EC RLA    _cputsxy                  001202 RLA    
_cursor                   001225 RLA    _cvlinexy                 00122F RLA    
_exit                     000825 RLA    _gotoxy                   0026C4 RLA    
_isalnum                  00273B RLA    _isdigit                  00274A RLA    
_isxdigit                 002759 RLA    _kbhit                    002768 RLA    
_ltoa                     002881 RLA    _main                     0009DD RLA    
_reset_brk                001049  LAI   _revers                   002A67 RLA    
_screensize               002A7B RLA    _set_brk                  001024 RLA    
_strlen                   002ABC RLA    _strlower                 002AD2 RLA    
_textcolor                001131 RLA    _toupper                  002B1C RLA    
_ultoa                    0028C2 RLA    _vcprintf                 002B76 RLA    
_wherex                   002BA6 RLA    addeq0sp                  000FC9 RLA    
addeqysp                  000FCB RLA    addysp                    000FDB RLA    
addysp1                   000FDA RLA    aslax1                    000FE8 RLA    
axlong                    00100F RLA    axulong                   001015 RLA    
booleq                    002997 RLA    callax                    001098 RLA    
callmain                  00109F RLA    chlinechar                000040 REZ    
cputdirect                00119B RLA    cursor                    007165 RLA    
cvlinechar                00005D REZ    decaxy                    002661 RLA    
decsp1                    00266A RLA    decsp2                    002673 RLA    
decsp3                    002680 RLA    decsp4                    00268D RLA    
decsp6                    00269A RLA    decsp7                    0026A7 RLA    
decsp8                    0026B4 RLA    donelib                   001141 RLA    
getlop                    00290F RLA    gotoxy                    0026C1 RLA    
incax1                    0026FC RLA    incax2                    002703 RLA    
incsp1                    00270A RLA    incsp2                    002719 RLA    
incsp3                    002727 RLA    incsp4                    00272C RLA    
incsp6                    002731 RLA    incsp8                    002736 RLA    
initlib                   00715C RLA    ldaidx                    00277C RLA    
ldax0sp                   002795 RLA    ldaxi                     002788 RLA    
ldaxidx                   00278A RLA    ldaxysp                   002797 RLA    
ldeax0sp                  0027B5 RLA    ldeaxi                    00279E RLA    
ldeaxysp                  0027B7 RLA    leaa0sp                   0027C8 RLA    
mulax3                    0029BD RLA    negeax                    0027D4 RLA    
newline                   0011AB RLA    plot                      0011D2 RLA    
popa                      0029CE RLA    popax                     002711 RLA    
popeax                    0027F2 RLA    popptr1                   0029DA RLA    
ptr1                      00000A RLZ    ptr2                      00000C RLZ    
ptr3                      00000E RLZ    ptr4                      000010 RLZ    
push1                     0029E8 RLA    pusha                     0029F1 RLA    
pusha0                    002A05 RLA    pushax                    002A07 RLA    
pusheax                   002810 RLA    pushw                     002A1D RLA    
pushw0sp                  002A2C RLA    pushwysp                  002A2E RLA    
putchar                   0011DA RLA    regbank                   000016 RLZ    
regswap2                  002A48 RLA    return0                   002A5E RLA    
return1                   002A62 RLA    screensize                00FFED REA    
shlax3                    000FF0 RLA    shlax4                    000FFE RLA    
shrax1                    002A8E RLA    sp                        000002 RLZ    
sreg                      000004 RLZ    stax0sp                   002A96 RLA    
staxspidx                 002AA1 RLA    staxysp                   002A98 RLA    
subysp                    002B0F RLA    tmp1                      000012 RLZ    
tmp2                      000013 RLZ    tmp3                      000014 RLZ    
tmp4                      000015 RLZ    tosadda0                  000FAD RLA    
tosaddax                  000FAF RLA    tosicmp0                  0026CE RLA    
tosshreax                 002828 RLA    tossubax                  002AFC RLA    
tossubeax                 002848 RLA    tosudiv0ax                0028FE RLA    
tosumod0ax                002978 RLA    udiv32                    002933 RLA    
zerobss                   002BAB RLA    


Exports list by value:
----------------------
__CONSTRUCTOR_COUNT__     000000 REA    __STARTUP__               000001 REA    
__DESTRUCTOR_COUNT__      000001 REA    __EXEHDR__                000001 REA    
__LOADADDR__              000001 REA    __ZP_START__              000002 RLA    
sp                        000002 RLZ    sreg                      000004 RLZ    
ptr1                      00000A RLZ    ptr2                      00000C RLZ    
ptr3                      00000E RLZ    ptr4                      000010 RLZ    
tmp1                      000012 RLZ    tmp2                      000013 RLZ    
tmp3                      000014 RLZ    tmp4                      000015 RLZ    
regbank                   000016 RLZ    chlinechar                000040 REZ    
cvlinechar                00005D REZ    ST                        000090 RLZ    
CURS_X                    0000D3 RLZ    CURS_Y                    0000D6 RLZ    
__BSS_SIZE__              00018F REA    __STACKSIZE__             000800 REA    
__HEADER_LAST__           00080D RLA    __MAIN_START__            00080D RLA    
_exit                     000825 RLA    _main                     0009DD RLA    
__printf                  000CFB RLA    tosadda0                  000FAD RLA    
tosaddax                  000FAF RLA    addeq0sp                  000FC9 RLA    
addeqysp                  000FCB RLA    addysp1                   000FDA RLA    
addysp                    000FDB RLA    aslax1                    000FE8 RLA    
shlax3                    000FF0 RLA    shlax4                    000FFE RLA    
axlong                    00100F RLA    axulong                   001015 RLA    
_bordercolor              00101C RLA    _set_brk                  001024 RLA    
_reset_brk                001049  LAI   callax                    001098 RLA    
callmain                  00109F RLA    _cclearxy                 0010B6 RLA    
_cgetc                    0010CB RLA    _chlinexy                 001112 RLA    
_chline                   001117 RLA    _clock                    001127 RLA    
_textcolor                001131 RLA    _bgcolor                  001139 RLA    
donelib                   001141 RLA    _cprintf                  00114D RLA    
_cputcxy                  001177 RLA    _cputc                    00117C RLA    
cputdirect                00119B RLA    newline                   0011AB RLA    
plot                      0011D2 RLA    putchar                   0011DA RLA    
_cputhex16                0011E6 RLA    _cputhex8                 0011EC RLA    
_cputsxy                  001202 RLA    _cursor                   001225 RLA    
_cvlinexy                 00122F RLA    _DbgEntry                 002210 RLA    
_DbgDisAsm                00237D RLA    _DbgDisAsmLen             0023AC RLA    
_DbgMemDump               0024E1 RLA    _DbgIsRAM                 00254D RLA    
_DbgInit                  002578 RLA    _DbgGetBreakSlot          00260C RLA    
_DbgIsBreak               00262D RLA    decaxy                    002661 RLA    
decsp1                    00266A RLA    decsp2                    002673 RLA    
decsp3                    002680 RLA    decsp4                    00268D RLA    
decsp6                    00269A RLA    decsp7                    0026A7 RLA    
decsp8                    0026B4 RLA    gotoxy                    0026C1 RLA    
_gotoxy                   0026C4 RLA    tosicmp0                  0026CE RLA    
incax1                    0026FC RLA    incax2                    002703 RLA    
incsp1                    00270A RLA    popax                     002711 RLA    
incsp2                    002719 RLA    incsp3                    002727 RLA    
incsp4                    00272C RLA    incsp6                    002731 RLA    
incsp8                    002736 RLA    _isalnum                  00273B RLA    
_isdigit                  00274A RLA    _isxdigit                 002759 RLA    
_kbhit                    002768 RLA    PLOT                      002771 RLA    
ldaidx                    00277C RLA    ldaxi                     002788 RLA    
ldaxidx                   00278A RLA    ldax0sp                   002795 RLA    
ldaxysp                   002797 RLA    ldeaxi                    00279E RLA    
ldeax0sp                  0027B5 RLA    ldeaxysp                  0027B7 RLA    
leaa0sp                   0027C8 RLA    negeax                    0027D4 RLA    
popeax                    0027F2 RLA    pusheax                   002810 RLA    
tosshreax                 002828 RLA    tossubeax                 002848 RLA    
_ltoa                     002881 RLA    _ultoa                    0028C2 RLA    
tosudiv0ax                0028FE RLA    getlop                    00290F RLA    
udiv32                    002933 RLA    tosumod0ax                002978 RLA    
booleq                    002997 RLA    mulax3                    0029BD RLA    
popa                      0029CE RLA    popptr1                   0029DA RLA    
push1                     0029E8 RLA    pusha                     0029F1 RLA    
pusha0                    002A05 RLA    pushax                    002A07 RLA    
pushw                     002A1D RLA    pushw0sp                  002A2C RLA    
pushwysp                  002A2E RLA    regswap2                  002A48 RLA    
return0                   002A5E RLA    return1                   002A62 RLA    
_revers                   002A67 RLA    _screensize               002A7B RLA    
shrax1                    002A8E RLA    stax0sp                   002A96 RLA    
staxysp                   002A98 RLA    staxspidx                 002AA1 RLA    
_strlen                   002ABC RLA    _strlower                 002AD2 RLA    
tossubax                  002AFC RLA    subysp                    002B0F RLA    
_toupper                  002B1C RLA    _vcprintf                 002B76 RLA    
_wherex                   002BA6 RLA    zerobss                   002BAB RLA    
__hextab                  002CC2 RLA    __longminstr              002CD2 RLA    
OffsetTab                 002CDE RLA    AdrFlagTab                002D22 RLA    
SymbolTab1                002D30 RLA    SymbolTab2                002D36 RLA    
MnemoTab1                 002D3C RLA    MnemoTab2                 002D7C RLA    
__ctype                   002DBC RLA    __DESTRUCTOR_TABLE__      0031F2 RLA    
__ONCE_RUN__              00715C RLA    __BSS_RUN__               00715C RLA    
initlib                   00715C RLA    cursor                    007165 RLA    
__CONSTRUCTOR_TABLE__     007182 RLA    _brk_a                    007191 RLA    
_brk_x                    007192 RLA    _brk_y                    007193 RLA    
_brk_sr                   007194 RLA    _brk_pc                   007195 RLA    
_DbgBreaks                0071A3 RLA    _DbgCS                    0072D4 RLA    
_DbgHI                    0072D6 RLA    _DbgSP                    0072E8 RLA    
__MAIN_SIZE__             00C7F3 REA    __HIMEM__                 00D000 REA    
_clrscr                   00E544 REA    BSOUT                     00FFD2 RLA    
RDTIM                     00FFDE RLA    SCREEN                    00FFED RLA    
screensize                00FFED REA    


Imports list:
-------------
AdrFlagTab (asmtab.o):
    dbgdasm.o                 dbg/dbgdasm.s(13)
BSOUT (kernal.o):
    crt0.o                    c64/crt0.s(10)
CURS_X (conio.o):
    wherex.o                  cbm/wherex.s(8)
    gotoxy.o                  cbm/gotoxy.s(9)
CURS_Y (conio.o):
    gotoxy.o                  cbm/gotoxy.s(9)
MnemoTab1 (asmtab.o):
    dbgdasm.o                 dbg/dbgdasm.s(14)
MnemoTab2 (asmtab.o):
    dbgdasm.o                 dbg/dbgdasm.s(14)
OffsetTab (asmtab.o):
    dbgdasm.o                 dbg/dbgdasm.s(13)
PLOT (kplot.o):
    cputc.o                   c64/cputc.s(11)
RDTIM (kernal.o):
    clock.o                   cbm/cbm.inc(40)
SCREEN (kernal.o):
    _scrsize.o                c64/_scrsize.s(8)
ST (status.o):
    crt0.o                    c64/crt0.s(13)
SymbolTab1 (asmtab.o):
    dbgdasm.o                 dbg/dbgdasm.s(14)
SymbolTab2 (asmtab.o):
    dbgdasm.o                 dbg/dbgdasm.s(14)
_DbgBreaks (dbg.o):
    dbgsupp.o                 dbg/dbgsupp.s(10)
_DbgCS (dbgsupp.o):
    dbg.o                     ../libwrk/c64/dbg.s(48)
_DbgDisAsm (dbgdasm.o):
    dbg.o                     ../libwrk/c64/dbg.s(43)
_DbgDisAsmLen (dbgdasm.o):
    dbg.o                     ../libwrk/c64/dbg.s(44)
_DbgEntry (dbg.o):
    dbgsupp.o                 dbg/dbgsupp.s(9)
_DbgGetBreakSlot (dbgsupp.o):
    dbg.o                     ../libwrk/c64/dbg.s(52)
_DbgHI (dbgsupp.o):
    dbg.o                     ../libwrk/c64/dbg.s(49)
_DbgInit (dbgsupp.o):
    nachtm.o                  nachtm.s(64)
_DbgIsBreak (dbgsupp.o):
    dbg.o                     ../libwrk/c64/dbg.s(53)
_DbgIsRAM (dbgisram.o):
    dbg.o                     ../libwrk/c64/dbg.s(45)
_DbgMemDump (dbgdump.o):
    dbg.o                     ../libwrk/c64/dbg.s(46)
_DbgSP (dbgsupp.o):
    dbg.o                     ../libwrk/c64/dbg.s(47)
__BSS_RUN__ ([linker generated]):
    zerobss.o                 common/zerobss.s(8)
__BSS_SIZE__ ([linker generated]):
    zerobss.o                 common/zerobss.s(8)
__CONSTRUCTOR_COUNT__ ([linker generated]):
    condes.o                  runtime/condes.s(18)
__CONSTRUCTOR_TABLE__ ([linker generated]):
    condes.o                  runtime/condes.s(18)
__DESTRUCTOR_COUNT__ ([linker generated]):
    condes.o                  runtime/condes.s(19)
__DESTRUCTOR_TABLE__ ([linker generated]):
    condes.o                  runtime/condes.s(19)
__EXEHDR__ (exehdr.o):
    [linker generated]        /opt/cc-6502/share/cc65/cfg/c64.cfg(6)
__HEADER_LAST__ ([linker generated]):
    [linker generated]        /opt/cc-6502/share/cc65/cfg/c64.cfg(14)
    [linker generated]        /opt/cc-6502/share/cc65/cfg/c64.cfg(14)
__HIMEM__ ([linker generated]):
    [linker generated]        /opt/cc-6502/share/cc65/cfg/c64.cfg(15)
    [linker generated]        /opt/cc-6502/share/cc65/cfg/c64.cfg(14)
__LOADADDR__ (loadaddr.o):
    [linker generated]        /opt/cc-6502/share/cc65/cfg/c64.cfg(5)
__MAIN_SIZE__ ([linker generated]):
    crt0.o                    c64/crt0.s(11)
__MAIN_START__ ([linker generated]):
    crt0.o                    c64/crt0.s(11)
__ONCE_RUN__ ([linker generated]):
    [linker generated]        /opt/cc-6502/share/cc65/cfg/c64.cfg(15)
    [linker generated]        /opt/cc-6502/share/cc65/cfg/c64.cfg(15)
__STACKSIZE__ ([linker generated]):
    [linker generated]        /opt/cc-6502/share/cc65/cfg/c64.cfg(15)
__STARTUP__ (crt0.o):
    nachtm.o                  nachtm.s(28)
__ZP_START__ ([linker generated]):
    dbgsupp.o                 dbg/dbgsupp.s(12)
__ctype (ctype.o):
    toupper.o                 common/toupper.s(8)
    strlower.o                common/strlower.s(13)
    isxdigit.o                /Users/thierry/Projects/Devel/cc65/asminc/ctype.inc(9)
    isdigit.o                 /Users/thierry/Projects/Devel/cc65/asminc/ctype.inc(9)
    isalnum.o                 /Users/thierry/Projects/Devel/cc65/asminc/ctype.inc(9)
__hextab (_hextab.o):
    cputhex.o                 conio/cputhex.s(10)
    ltoa.o                    common/ltoa.s(10)
    dbgdump.o                 dbg/dbgdump.s(9)
    dbgdasm.o                 dbg/dbgdasm.s(13)
__longminstr (_longminstr.o):
    ltoa.o                    common/ltoa.s(10)
__printf (_printf.o):
    vcprintf.o                conio/vcprintf.s(9)
_bgcolor (color.o):
    dbg.o                     ../libwrk/c64/dbg.s(26)
    nachtm.o                  nachtm.s(59)
_bordercolor (bordercolor.o):
    dbg.o                     ../libwrk/c64/dbg.s(27)
    nachtm.o                  nachtm.s(60)
_brk_a (break.o):
    dbg.o                     ../libwrk/c64/dbg.s(38)
_brk_pc (break.o):
    dbg.o                     ../libwrk/c64/dbg.s(42)
_brk_sr (break.o):
    dbg.o                     ../libwrk/c64/dbg.s(41)
_brk_x (break.o):
    dbg.o                     ../libwrk/c64/dbg.s(39)
_brk_y (break.o):
    dbg.o                     ../libwrk/c64/dbg.s(40)
_cclearxy (cclear.o):
    dbg.o                     ../libwrk/c64/dbg.s(31)
_cgetc (cgetc.o):
    dbg.o                     ../libwrk/c64/dbg.s(22)
    nachtm.o                  nachtm.s(56)
_chline (chline.o):
    dbg.o                     ../libwrk/c64/dbg.s(28)
    nachtm.o                  nachtm.s(61)
_chlinexy (chline.o):
    dbg.o                     ../libwrk/c64/dbg.s(29)
_clock (clock.o):
    nachtm.o                  nachtm.s(48)
_clrscr (clrscr.o):
    dbg.o                     ../libwrk/c64/dbg.s(15)
    nachtm.o                  nachtm.s(49)
_cprintf (cprintf.o):
    nachtm.o                  nachtm.s(55)
_cputc (cputc.o):
    cputhex.o                 conio/cputhex.s(9)
    dbg.o                     ../libwrk/c64/dbg.s(19)
    vcprintf.o                conio/vcprintf.s(9)
    cputs.o                   conio/cputs.s(9)
    nachtm.o                  nachtm.s(52)
_cputcxy (cputc.o):
    dbg.o                     ../libwrk/c64/dbg.s(20)
    nachtm.o                  nachtm.s(53)
_cputhex16 (cputhex.o):
    dbg.o                     ../libwrk/c64/dbg.s(33)
_cputhex8 (cputhex.o):
    dbg.o                     ../libwrk/c64/dbg.s(32)
_cputsxy (cputs.o):
    dbg.o                     ../libwrk/c64/dbg.s(21)
    nachtm.o                  nachtm.s(54)
_cursor (cursor.o):
    dbg.o                     ../libwrk/c64/dbg.s(23)
    nachtm.o                  nachtm.s(57)
_cvlinexy (cvline.o):
    dbg.o                     ../libwrk/c64/dbg.s(30)
    nachtm.o                  nachtm.s(62)
_exit (crt0.o):
    dbg.o                     ../libwrk/c64/dbg.s(13)
_gotoxy (gotoxy.o):
    dbg.o                     ../libwrk/c64/dbg.s(17)
    nachtm.o                  nachtm.s(51)
_isalnum (isalnum.o):
    dbg.o                     ../libwrk/c64/dbg.s(34)
_isdigit (isdigit.o):
    dbg.o                     ../libwrk/c64/dbg.s(35)
_isxdigit (isxdigit.o):
    dbg.o                     ../libwrk/c64/dbg.s(36)
_kbhit (kbhit.o):
    dbg.o                     ../libwrk/c64/dbg.s(16)
    nachtm.o                  nachtm.s(50)
_ltoa (ltoa.o):
    _printf.o                 common/_printf.s(12)
_main (nachtm.o):
    callmain.o                runtime/callmain.s(11)
_revers (revers.o):
    dbg.o                     ../libwrk/c64/dbg.s(24)
_screensize (scrsize.o):
    nachtm.o                  nachtm.s(63)
_set_brk (break.o):
    dbgsupp.o                 dbg/dbgsupp.s(9)
_strlen (strlen.o):
    dbg.o                     ../libwrk/c64/dbg.s(14)
    _printf.o                 common/_printf.s(13)
    nachtm.o                  nachtm.s(47)
_strlower (strlower.o):
    _printf.o                 common/_printf.s(13)
_textcolor (color.o):
    dbg.o                     ../libwrk/c64/dbg.s(25)
    nachtm.o                  nachtm.s(58)
_toupper (toupper.o):
    dbg.o                     ../libwrk/c64/dbg.s(37)
_ultoa (ltoa.o):
    _printf.o                 common/_printf.s(12)
_vcprintf (vcprintf.o):
    cprintf.o                 conio/cprintf.s(8)
_wherex (wherex.o):
    dbg.o                     ../libwrk/c64/dbg.s(18)
addeq0sp (addeqsp.o):
    dbg.o                     ../libwrk/c64/dbg.s(2891)
    dbg.o                     ../libwrk/c64/dbg.s(2891)
    dbg.o                     ../libwrk/c64/dbg.s(2891)
    dbg.o                     ../libwrk/c64/dbg.s(2891)
    dbg.o                     ../libwrk/c64/dbg.s(2891)
addeqysp (addeqsp.o):
    dbg.o                     ../libwrk/c64/dbg.s(2891)
    dbg.o                     ../libwrk/c64/dbg.s(2891)
    dbg.o                     ../libwrk/c64/dbg.s(2891)
    dbg.o                     ../libwrk/c64/dbg.s(2891)
    dbg.o                     ../libwrk/c64/dbg.s(2891)
addysp (addysp.o):
    incsp6.o                  runtime/incsp6.s(8)
    incsp3.o                  runtime/incsp3.s(8)
    dbg.o                     ../libwrk/c64/dbg.s(2891)
    dbg.o                     ../libwrk/c64/dbg.s(2891)
    dbg.o                     ../libwrk/c64/dbg.s(2891)
    dbg.o                     ../libwrk/c64/dbg.s(2891)
    dbg.o                     ../libwrk/c64/dbg.s(2891)
    dbg.o                     ../libwrk/c64/dbg.s(2891)
    incsp8.o                  runtime/incsp8.s(8)
    incsp4.o                  runtime/incsp4.s(8)
    cprintf.o                 conio/cprintf.s(8)
    nachtm.o                  nachtm.s(9117)
addysp1 (addysp.o):
    dbgdump.o                 dbg/dbgdump.s(8)
    sub.o                     runtime/sub.s(8)
    ludiv.o                   runtime/ludiv.s(9)
    lsub.o                    runtime/lsub.s(11)
aslax1 (aslax1.o):
    dbg.o                     ../libwrk/c64/dbg.s(2891)
    dbg.o                     ../libwrk/c64/dbg.s(2891)
axlong (axlong.o):
    _printf.o                 common/_printf.s(11)
axulong (axlong.o):
    _printf.o                 common/_printf.s(11)
booleq (makebool.o):
    dbg.o                     ../libwrk/c64/dbg.s(2891)
callax (call.o):
    dbg.o                     ../libwrk/c64/dbg.s(2891)
callmain (callmain.o):
    crt0.o                    c64/crt0.s(9)
chlinechar (clinechars.o):
    chline.o                  cbm/chline.s(10)
cputdirect (cputc.o):
    cclear.o                  cbm/cclear.s(9)
    chline.o                  cbm/chline.s(9)
cursor (_cursor.o):
    cursor.o                  conio/cursor.s(8)
    cgetc.o                   c64/cgetc.s(8)
cvlinechar (clinechars.o):
    cvline.o                  cbm/cvline.s(10)
decaxy (decaxy.o):
    dbg.o                     ../libwrk/c64/dbg.s(2891)
    dbg.o                     ../libwrk/c64/dbg.s(2891)
decsp1 (decsp1.o):
    dbg.o                     ../libwrk/c64/dbg.s(2891)
    dbg.o                     ../libwrk/c64/dbg.s(2891)
    dbg.o                     ../libwrk/c64/dbg.s(2891)
    dbg.o                     ../libwrk/c64/dbg.s(2891)
    dbg.o                     ../libwrk/c64/dbg.s(2891)
    dbg.o                     ../libwrk/c64/dbg.s(2891)
    dbg.o                     ../libwrk/c64/dbg.s(2891)
    dbg.o                     ../libwrk/c64/dbg.s(2891)
    dbg.o                     ../libwrk/c64/dbg.s(2891)
    dbg.o                     ../libwrk/c64/dbg.s(2891)
    dbg.o                     ../libwrk/c64/dbg.s(2891)
decsp2 (decsp2.o):
    dbg.o                     ../libwrk/c64/dbg.s(2891)
    nachtm.o                  nachtm.s(9117)
    nachtm.o                  nachtm.s(9117)
decsp3 (decsp3.o):
    dbg.o                     ../libwrk/c64/dbg.s(2891)
    dbg.o                     ../libwrk/c64/dbg.s(2891)
decsp4 (decsp4.o):
    lpush.o                   runtime/lpush.s(12)
decsp6 (decsp6.o):
    _printf.o                 common/_printf.s(11)
decsp7 (decsp7.o):
    nachtm.o                  nachtm.s(9117)
decsp8 (decsp8.o):
    dbg.o                     ../libwrk/c64/dbg.s(2891)
donelib (condes.o):
    crt0.o                    c64/crt0.s(8)
getlop (ludiv.o):
    lumod.o                   runtime/lumod.s(9)
gotoxy (gotoxy.o):
    cclear.o                  cbm/cclear.s(9)
    cvline.o                  cbm/cvline.s(9)
    cputs.o                   conio/cputs.s(9)
    cputc.o                   c64/cputc.s(10)
    chline.o                  cbm/chline.s(9)
incax1 (incax1.o):
    dbg.o                     ../libwrk/c64/dbg.s(2891)
    dbg.o                     ../libwrk/c64/dbg.s(2891)
    dbg.o                     ../libwrk/c64/dbg.s(2891)
    dbg.o                     ../libwrk/c64/dbg.s(2891)
incax2 (incax2.o):
    dbg.o                     ../libwrk/c64/dbg.s(2891)
    dbg.o                     ../libwrk/c64/dbg.s(2891)
incsp1 (incsp1.o):
    dbg.o                     ../libwrk/c64/dbg.s(2891)
    dbg.o                     ../libwrk/c64/dbg.s(2891)
    dbg.o                     ../libwrk/c64/dbg.s(2891)
    dbg.o                     ../libwrk/c64/dbg.s(2891)
    nachtm.o                  nachtm.s(9117)
incsp2 (incsp2.o):
    dbg.o                     ../libwrk/c64/dbg.s(2891)
    dbg.o                     ../libwrk/c64/dbg.s(2891)
    dbg.o                     ../libwrk/c64/dbg.s(2891)
    dbg.o                     ../libwrk/c64/dbg.s(2891)
    dbg.o                     ../libwrk/c64/dbg.s(2891)
    staxspi.o                 runtime/staxspi.s(9)
    popptr1.o                 runtime/popptr1.s(8)
incsp3 (incsp3.o):
    dbg.o                     ../libwrk/c64/dbg.s(2891)
    dbg.o                     ../libwrk/c64/dbg.s(2891)
    dbg.o                     ../libwrk/c64/dbg.s(2891)
    dbg.o                     ../libwrk/c64/dbg.s(2891)
    dbg.o                     ../libwrk/c64/dbg.s(2891)
    dbg.o                     ../libwrk/c64/dbg.s(2891)
    dbg.o                     ../libwrk/c64/dbg.s(2891)
    dbg.o                     ../libwrk/c64/dbg.s(2891)
incsp4 (incsp4.o):
    lpop.o                    runtime/lpop.s(9)
    dbg.o                     ../libwrk/c64/dbg.s(2891)
    dbg.o                     ../libwrk/c64/dbg.s(2891)
    dbg.o                     ../libwrk/c64/dbg.s(2891)
    dbg.o                     ../libwrk/c64/dbg.s(2891)
    dbg.o                     ../libwrk/c64/dbg.s(2891)
    nachtm.o                  nachtm.s(9117)
incsp6 (incsp6.o):
    dbg.o                     ../libwrk/c64/dbg.s(2891)
incsp8 (incsp8.o):
    nachtm.o                  nachtm.s(9117)
initlib (condes.o):
    crt0.o                    c64/crt0.s(8)
ldaidx (ldai.o):
    dbg.o                     ../libwrk/c64/dbg.s(2891)
    dbg.o                     ../libwrk/c64/dbg.s(2891)
ldax0sp (ldaxsp.o):
    dbg.o                     ../libwrk/c64/dbg.s(2891)
    dbg.o                     ../libwrk/c64/dbg.s(2891)
    dbg.o                     ../libwrk/c64/dbg.s(2891)
    dbg.o                     ../libwrk/c64/dbg.s(2891)
    dbg.o                     ../libwrk/c64/dbg.s(2891)
    dbg.o                     ../libwrk/c64/dbg.s(2891)
    dbg.o                     ../libwrk/c64/dbg.s(2891)
    dbg.o                     ../libwrk/c64/dbg.s(2891)
ldaxi (ldaxi.o):
    dbg.o                     ../libwrk/c64/dbg.s(2891)
    dbg.o                     ../libwrk/c64/dbg.s(2891)
    dbg.o                     ../libwrk/c64/dbg.s(2891)
    dbg.o                     ../libwrk/c64/dbg.s(2891)
    dbg.o                     ../libwrk/c64/dbg.s(2891)
    dbg.o                     ../libwrk/c64/dbg.s(2891)
    dbg.o                     ../libwrk/c64/dbg.s(2891)
    dbg.o                     ../libwrk/c64/dbg.s(2891)
    dbg.o                     ../libwrk/c64/dbg.s(2891)
ldaxidx (ldaxi.o):
    dbg.o                     ../libwrk/c64/dbg.s(2891)
    dbg.o                     ../libwrk/c64/dbg.s(2891)
    dbg.o                     ../libwrk/c64/dbg.s(2891)
    dbg.o                     ../libwrk/c64/dbg.s(2891)
ldaxysp (ldaxsp.o):
    dbg.o                     ../libwrk/c64/dbg.s(2891)
    dbg.o                     ../libwrk/c64/dbg.s(2891)
    dbg.o                     ../libwrk/c64/dbg.s(2891)
    dbg.o                     ../libwrk/c64/dbg.s(2891)
    dbg.o                     ../libwrk/c64/dbg.s(2891)
    dbg.o                     ../libwrk/c64/dbg.s(2891)
    dbg.o                     ../libwrk/c64/dbg.s(2891)
    dbg.o                     ../libwrk/c64/dbg.s(2891)
    dbg.o                     ../libwrk/c64/dbg.s(2891)
    dbg.o                     ../libwrk/c64/dbg.s(2891)
    dbg.o                     ../libwrk/c64/dbg.s(2891)
    dbg.o                     ../libwrk/c64/dbg.s(2891)
ldeax0sp (ldeaxysp.o):
    nachtm.o                  nachtm.s(9117)
ldeaxi (ldeaxi.o):
    nachtm.o                  nachtm.s(9117)
ldeaxysp (ldeaxysp.o):
    nachtm.o                  nachtm.s(9117)
leaa0sp (leaaxsp.o):
    dbg.o                     ../libwrk/c64/dbg.s(2891)
    dbg.o                     ../libwrk/c64/dbg.s(2891)
    dbg.o                     ../libwrk/c64/dbg.s(2891)
mulax3 (mulax3.o):
    dbg.o                     ../libwrk/c64/dbg.s(2891)
negeax (lneg.o):
    ltoa.o                    common/ltoa.s(9)
newline (cputc.o):
    cvline.o                  cbm/cvline.s(9)
plot (cputc.o):
    gotoxy.o                  cbm/gotoxy.s(8)
popa (popa.o):
    gotoxy.o                  cbm/gotoxy.s(8)
popax (incsp2.o):
    ltoa.o                    common/ltoa.s(9)
    dbgdasm.o                 dbg/dbgdasm.s(12)
    _printf.o                 common/_printf.s(11)
    vcprintf.o                conio/vcprintf.s(8)
popeax (lpop.o):
    lshr.o                    runtime/lshr.s(15)
popptr1 (popptr1.o):
    ltoa.o                    common/ltoa.s(9)
    vcprintf.o                conio/vcprintf.s(8)
    scrsize.o                 conio/scrsize.s(9)
    dbgsupp.o                 dbg/dbgsupp.s(9)
ptr1 (zeropage.o):
    call.o                    runtime/call.s(8)
    strlower.o                common/strlower.s(14)
    pushw.o                   runtime/pushw.s(9)
    mulax3.o                  runtime/mulax3.s(9)
    ltoa.o                    common/ltoa.s(11)
    ldaxi.o                   runtime/ldaxi.s(8)
    ldai.o                    runtime/ldai.s(8)
    dbgisram.o                dbg/dbgisram.s(9)
    dbgdasm.o                 dbg/dbgdasm.s(21)
    dbg.o                     ../libwrk/c64/dbg.s(11)
    _printf.o                 /Users/thierry/Projects/Devel/cc65/asminc/zeropage.inc(12)
    zerobss.o                 common/zerobss.s(9)
    vcprintf.o                conio/vcprintf.s(10)
    staxspi.o                 runtime/staxspi.s(10)
    scrsize.o                 conio/scrsize.s(11)
    popptr1.o                 runtime/popptr1.s(9)
    ludiv.o                   runtime/ludiv.s(10)
    ldeaxi.o                  runtime/ldeaxi.s(8)
    dbgsupp.o                 /Users/thierry/Projects/Devel/cc65/asminc/zeropage.inc(12)
    cputs.o                   conio/cputs.s(10)
    cprintf.o                 conio/cprintf.s(9)
    nachtm.o                  nachtm.s(11)
ptr2 (zeropage.o):
    strlower.o                common/strlower.s(14)
    ltoa.o                    common/ltoa.s(11)
    dbgdasm.o                 dbg/dbgdasm.s(21)
    _printf.o                 /Users/thierry/Projects/Devel/cc65/asminc/zeropage.inc(12)
    vcprintf.o                conio/vcprintf.s(10)
    strlen.o                  common/strlen.s(12)
    scrsize.o                 conio/scrsize.s(11)
    lumod.o                   runtime/lumod.s(10)
    ludiv.o                   runtime/ludiv.s(10)
ptr3 (zeropage.o):
    ltoa.o                    common/ltoa.s(11)
    dbgdump.o                 dbg/dbgdump.s(10)
    dbgdasm.o                 dbg/dbgdasm.s(21)
    vcprintf.o                conio/vcprintf.s(10)
    ludiv.o                   runtime/ludiv.s(10)
ptr4 (zeropage.o):
    dbgdump.o                 dbg/dbgdump.s(10)
    ludiv.o                   runtime/ludiv.s(10)
push1 (push1.o):
    _printf.o                 common/_printf.s(11)
pusha (pusha.o):
    dbg.o                     ../libwrk/c64/dbg.s(2891)
    dbg.o                     ../libwrk/c64/dbg.s(2891)
    dbg.o                     ../libwrk/c64/dbg.s(2891)
    dbg.o                     ../libwrk/c64/dbg.s(2891)
    dbg.o                     ../libwrk/c64/dbg.s(2891)
    dbg.o                     ../libwrk/c64/dbg.s(2891)
    dbg.o                     ../libwrk/c64/dbg.s(2891)
    dbg.o                     ../libwrk/c64/dbg.s(2891)
    dbg.o                     ../libwrk/c64/dbg.s(2891)
    dbg.o                     ../libwrk/c64/dbg.s(2891)
    dbg.o                     ../libwrk/c64/dbg.s(2891)
    dbg.o                     ../libwrk/c64/dbg.s(2891)
    dbg.o                     ../libwrk/c64/dbg.s(2891)
    dbg.o                     ../libwrk/c64/dbg.s(2891)
    dbg.o                     ../libwrk/c64/dbg.s(2891)
    dbg.o                     ../libwrk/c64/dbg.s(2891)
    dbg.o                     ../libwrk/c64/dbg.s(2891)
    nachtm.o                  nachtm.s(9117)
    nachtm.o                  nachtm.s(9117)
pusha0 (pushax.o):
    push1.o                   runtime/push1.s(8)
    dbg.o                     ../libwrk/c64/dbg.s(2891)
    dbg.o                     ../libwrk/c64/dbg.s(2891)
    dbg.o                     ../libwrk/c64/dbg.s(2891)
    dbg.o                     ../libwrk/c64/dbg.s(2891)
    dbg.o                     ../libwrk/c64/dbg.s(2891)
    nachtm.o                  nachtm.s(9117)
pushax (pushax.o):
    pushw.o                   runtime/pushw.s(8)
    dbg.o                     ../libwrk/c64/dbg.s(2891)
    dbg.o                     ../libwrk/c64/dbg.s(2891)
    dbg.o                     ../libwrk/c64/dbg.s(2891)
    dbg.o                     ../libwrk/c64/dbg.s(2891)
    dbg.o                     ../libwrk/c64/dbg.s(2891)
    dbg.o                     ../libwrk/c64/dbg.s(2891)
    dbg.o                     ../libwrk/c64/dbg.s(2891)
    dbg.o                     ../libwrk/c64/dbg.s(2891)
    dbg.o                     ../libwrk/c64/dbg.s(2891)
    dbg.o                     ../libwrk/c64/dbg.s(2891)
    dbg.o                     ../libwrk/c64/dbg.s(2891)
    dbg.o                     ../libwrk/c64/dbg.s(2891)
    dbg.o                     ../libwrk/c64/dbg.s(2891)
    dbg.o                     ../libwrk/c64/dbg.s(2891)
    dbg.o                     ../libwrk/c64/dbg.s(2891)
    dbg.o                     ../libwrk/c64/dbg.s(2891)
    dbg.o                     ../libwrk/c64/dbg.s(2891)
    dbg.o                     ../libwrk/c64/dbg.s(2891)
    callmain.o                runtime/callmain.s(11)
    _printf.o                 common/_printf.s(11)
    vcprintf.o                conio/vcprintf.s(8)
    cprintf.o                 conio/cprintf.s(8)
    nachtm.o                  nachtm.s(9117)
    nachtm.o                  nachtm.s(9117)
    nachtm.o                  nachtm.s(9117)
pusheax (lpush.o):
    _printf.o                 common/_printf.s(11)
    nachtm.o                  nachtm.s(9117)
    nachtm.o                  nachtm.s(9117)
pushw (pushw.o):
    dbg.o                     ../libwrk/c64/dbg.s(2891)
pushw0sp (pushwsp.o):
    dbg.o                     ../libwrk/c64/dbg.s(2891)
    dbg.o                     ../libwrk/c64/dbg.s(2891)
pushwysp (pushwsp.o):
    dbg.o                     ../libwrk/c64/dbg.s(2891)
    dbg.o                     ../libwrk/c64/dbg.s(2891)
    dbg.o                     ../libwrk/c64/dbg.s(2891)
    dbg.o                     ../libwrk/c64/dbg.s(2891)
    nachtm.o                  nachtm.s(9117)
    nachtm.o                  nachtm.s(9117)
putchar (cputc.o):
    cvline.o                  cbm/cvline.s(9)
regbank (zeropage.o):
    regswap2.o                runtime/regswap2.s(8)
    dbg.o                     ../libwrk/c64/dbg.s(10)
    _printf.o                 /Users/thierry/Projects/Devel/cc65/asminc/zeropage.inc(14)
    nachtm.o                  nachtm.s(10)
regswap2 (regswap2.o):
    dbg.o                     ../libwrk/c64/dbg.s(2891)
return0 (return0.o):
    dbgisram.o                dbg/dbgisram.s(8)
    dbgsupp.o                 dbg/dbgsupp.s(9)
return1 (return1.o):
    dbgisram.o                dbg/dbgisram.s(8)
screensize (_scrsize.o):
    scrsize.o                 conio/scrsize.s(10)
shlax3 (aslax3.o):
    dbg.o                     ../libwrk/c64/dbg.s(2891)
shlax4 (aslax4.o):
    dbg.o                     ../libwrk/c64/dbg.s(2891)
shrax1 (shrax1.o):
    nachtm.o                  nachtm.s(9117)
sp (zeropage.o):
    addeqsp.o                 runtime/addeqsp.s(8)
    add.o                     runtime/add.s(12)
    subysp.o                  runtime/subysp.s(9)
    regswap2.o                runtime/regswap2.s(8)
    lpop.o                    runtime/lpop.s(10)
    leaaxsp.o                 runtime/leaaxsp.s(8)
    ldaxsp.o                  runtime/ldaxsp.s(8)
    incsp2.o                  runtime/incsp2.s(8)
    icmp.o                    runtime/icmp.s(9)
    decsp8.o                  runtime/decsp8.s(8)
    decsp6.o                  runtime/decsp6.s(8)
    decsp4.o                  runtime/decsp4.s(8)
    decsp3.o                  runtime/decsp3.s(8)
    decsp1.o                  runtime/decsp1.s(8)
    dbgdump.o                 dbg/dbgdump.s(10)
    dbg.o                     ../libwrk/c64/dbg.s(10)
    _printf.o                 /Users/thierry/Projects/Devel/cc65/asminc/zeropage.inc(11)
    vcprintf.o                conio/vcprintf.s(10)
    sub.o                     runtime/sub.s(9)
    staxspi.o                 runtime/staxspi.s(10)
    staxsp.o                  runtime/staxsp.s(8)
    pushwsp.o                 runtime/pushwsp.s(8)
    pushax.o                  runtime/pushax.s(8)
    pusha.o                   runtime/pusha.s(8)
    popptr1.o                 runtime/popptr1.s(9)
    popa.o                    runtime/popa.s(8)
    ludiv.o                   runtime/ludiv.s(10)
    lsub.o                    runtime/lsub.s(12)
    lpush.o                   runtime/lpush.s(13)
    ldeaxysp.o                runtime/ldeaxysp.s(12)
    incsp1.o                  runtime/incsp1.s(8)
    decsp7.o                  runtime/decsp7.s(8)
    decsp2.o                  runtime/decsp2.s(8)
    dbgsupp.o                 /Users/thierry/Projects/Devel/cc65/asminc/zeropage.inc(11)
    crt0.o                    /Users/thierry/Projects/Devel/cc65/asminc/zeropage.inc(11)
    cprintf.o                 conio/cprintf.s(9)
    addysp.o                  runtime/addysp.s(8)
    nachtm.o                  nachtm.s(10)
sreg (zeropage.o):
    lneg.o                    runtime/lneg.s(11)
    ltoa.o                    common/ltoa.s(11)
    lpop.o                    runtime/lpop.s(10)
    icmp.o                    runtime/icmp.s(9)
    dbgdasm.o                 dbg/dbgdasm.s(21)
    axlong.o                  runtime/axlong.s(9)
    _printf.o                 /Users/thierry/Projects/Devel/cc65/asminc/zeropage.inc(11)
    lumod.o                   runtime/lumod.s(10)
    ludiv.o                   runtime/ludiv.s(10)
    lsub.o                    runtime/lsub.s(12)
    lshr.o                    runtime/lshr.s(16)
    lpush.o                   runtime/lpush.s(13)
    ldeaxysp.o                runtime/ldeaxysp.s(12)
    ldeaxi.o                  runtime/ldeaxi.s(8)
    clock.o                   cbm/clock.s(10)
    nachtm.o                  nachtm.s(10)
stax0sp (staxsp.o):
    dbg.o                     ../libwrk/c64/dbg.s(2891)
    dbg.o                     ../libwrk/c64/dbg.s(2891)
    dbg.o                     ../libwrk/c64/dbg.s(2891)
staxspidx (staxspi.o):
    nachtm.o                  nachtm.s(9117)
staxysp (staxsp.o):
    dbg.o                     ../libwrk/c64/dbg.s(2891)
    dbg.o                     ../libwrk/c64/dbg.s(2891)
    dbg.o                     ../libwrk/c64/dbg.s(2891)
    dbg.o                     ../libwrk/c64/dbg.s(2891)
    nachtm.o                  nachtm.s(9117)
subysp (subysp.o):
    dbg.o                     ../libwrk/c64/dbg.s(2891)
    dbg.o                     ../libwrk/c64/dbg.s(2891)
    dbg.o                     ../libwrk/c64/dbg.s(2891)
    dbg.o                     ../libwrk/c64/dbg.s(2891)
    dbg.o                     ../libwrk/c64/dbg.s(2891)
tmp1 (zeropage.o):
    cclear.o                  cbm/cclear.s(10)
    aslax4.o                  runtime/aslax4.s(8)
    aslax3.o                  runtime/aslax3.s(8)
    aslax1.o                  runtime/aslax1.s(8)
    add.o                     runtime/add.s(12)
    ltoa.o                    common/ltoa.s(11)
    decaxy.o                  runtime/decaxy.s(8)
    dbgdasm.o                 dbg/dbgdasm.s(21)
    dbg.o                     ../libwrk/c64/dbg.s(11)
    _printf.o                 /Users/thierry/Projects/Devel/cc65/asminc/zeropage.inc(13)
    vcprintf.o                conio/vcprintf.s(10)
    staxspi.o                 runtime/staxspi.s(10)
    shrax1.o                  runtime/shrax1.s(8)
    lshr.o                    runtime/lshr.s(16)
    dbgsupp.o                 /Users/thierry/Projects/Devel/cc65/asminc/zeropage.inc(13)
    cvline.o                  cbm/cvline.s(10)
    cputs.o                   conio/cputs.s(10)
    chline.o                  cbm/chline.s(10)
    nachtm.o                  nachtm.s(11)
tmp2 (zeropage.o):
    dbgdump.o                 dbg/dbgdump.s(10)
    dbgdasm.o                 dbg/dbgdasm.s(21)
tmp3 (zeropage.o):
    dbgdump.o                 dbg/dbgdump.s(10)
    dbgdasm.o                 dbg/dbgdasm.s(21)
    lumod.o                   runtime/lumod.s(10)
    ludiv.o                   runtime/ludiv.s(10)
tmp4 (zeropage.o):
    dbgdump.o                 dbg/dbgdump.s(10)
    dbgdasm.o                 dbg/dbgdasm.s(21)
    lumod.o                   runtime/lumod.s(10)
    ludiv.o                   runtime/ludiv.s(10)
tosadda0 (add.o):
    dbg.o                     ../libwrk/c64/dbg.s(2891)
tosaddax (add.o):
    dbg.o                     ../libwrk/c64/dbg.s(2891)
    dbg.o                     ../libwrk/c64/dbg.s(2891)
tosicmp0 (icmp.o):
    dbg.o                     ../libwrk/c64/dbg.s(2891)
tosshreax (lshr.o):
    nachtm.o                  nachtm.s(9117)
tossubax (sub.o):
    dbg.o                     ../libwrk/c64/dbg.s(2891)
    nachtm.o                  nachtm.s(9117)
tossubeax (lsub.o):
    nachtm.o                  nachtm.s(9117)
tosudiv0ax (ludiv.o):
    nachtm.o                  nachtm.s(9117)
tosumod0ax (lumod.o):
    nachtm.o                  nachtm.s(9117)
udiv32 (ludiv.o):
    lumod.o                   runtime/lumod.s(9)
zerobss (zerobss.o):
    crt0.o                    c64/crt0.s(9)

