Modules list:
-------------
overlaydemo.o:
    CODE              Offs=000000  Size=0000E7  Align=00001  Fill=0000
    RODATA            Offs=000000  Size=0000EE  Align=00001  Fill=0000
    OVERLAY1          Offs=000000  Size=000007  Align=00001  Fill=0000
    OVERLAY2          Offs=000000  Size=000007  Align=00001  Fill=0000
    OVERLAY3          Offs=000000  Size=000007  Align=00001  Fill=0000
/opt/cc-6502/share/cc65/lib/c64.lib(_directerrno.o):
    CODE              Offs=0000E7  Size=00000A  Align=00001  Fill=0000
/opt/cc-6502/share/cc65/lib/c64.lib(_file.o):
    DATA              Offs=000000  Size=00001E  Align=00001  Fill=0000
/opt/cc-6502/share/cc65/lib/c64.lib(_hextab.o):
    RODATA            Offs=0000EE  Size=000010  Align=00001  Fill=0000
/opt/cc-6502/share/cc65/lib/c64.lib(_longminstr.o):
    RODATA            Offs=0000FE  Size=00000C  Align=00001  Fill=0000
/opt/cc-6502/share/cc65/lib/c64.lib(_mappederrno.o):
    CODE              Offs=0000F1  Size=000010  Align=00001  Fill=0000
/opt/cc-6502/share/cc65/lib/c64.lib(_oserror.o):
    BSS               Offs=000000  Size=000001  Align=00001  Fill=0000
/opt/cc-6502/share/cc65/lib/c64.lib(_printf.o):
    CODE              Offs=000101  Size=0003A5  Align=00001  Fill=0000
    BSS               Offs=000001  Size=00002B  Align=00001  Fill=0000
    DATA              Offs=00001E  Size=000003  Align=00001  Fill=0000
/opt/cc-6502/share/cc65/lib/c64.lib(_seterrno.o):
    CODE              Offs=0004A6  Size=000009  Align=00001  Fill=0000
/opt/cc-6502/share/cc65/lib/c64.lib(addysp.o):
    CODE              Offs=0004AF  Size=00000E  Align=00001  Fill=0000
/opt/cc-6502/share/cc65/lib/c64.lib(axlong.o):
    CODE              Offs=0004BD  Size=00000D  Align=00001  Fill=0000
/opt/cc-6502/share/cc65/lib/c64.lib(c_load.o):
    CODE              Offs=0004CA  Size=00001D  Align=00001  Fill=0000
/opt/cc-6502/share/cc65/lib/c64.lib(c_setlfs.o):
    CODE              Offs=0004E7  Size=00000E  Align=00001  Fill=0000
/opt/cc-6502/share/cc65/lib/c64.lib(c_setnam.o):
    CODE              Offs=0004F5  Size=000013  Align=00001  Fill=0000
/opt/cc-6502/share/cc65/lib/c64.lib(callmain.o):
    CODE              Offs=000508  Size=000017  Align=00001  Fill=0000
    DATA              Offs=000021  Size=000004  Align=00001  Fill=0000
/opt/cc-6502/share/cc65/lib/c64.lib(cbm_load.o):
    CODE              Offs=00051F  Size=000044  Align=00001  Fill=0000
/opt/cc-6502/share/cc65/lib/c64.lib(condes.o):
    CODE              Offs=000563  Size=00000C  Align=00001  Fill=0000
    DATA              Offs=000025  Size=000025  Align=00001  Fill=0000
    ONCE              Offs=000000  Size=00000C  Align=00001  Fill=0000
/opt/cc-6502/share/cc65/lib/c64.lib(crt0.o):
    STARTUP           Offs=000000  Size=000033  Align=00001  Fill=0000
    ONCE              Offs=00000C  Size=00001A  Align=00001  Fill=0000
    INIT              Offs=000000  Size=00001C  Align=00001  Fill=0000
/opt/cc-6502/share/cc65/lib/c64.lib(ctype.o):
    RODATA            Offs=00010A  Size=000100  Align=00001  Fill=0000
/opt/cc-6502/share/cc65/lib/c64.lib(curdevice.o):
    CODE              Offs=00056F  Size=000006  Align=00001  Fill=0000
/opt/cc-6502/share/cc65/lib/c64.lib(decsp1.o):
    CODE              Offs=000575  Size=000009  Align=00001  Fill=0000
/opt/cc-6502/share/cc65/lib/c64.lib(decsp3.o):
    CODE              Offs=00057E  Size=00000D  Align=00001  Fill=0000
/opt/cc-6502/share/cc65/lib/c64.lib(decsp4.o):
    CODE              Offs=00058B  Size=00000D  Align=00001  Fill=0000
/opt/cc-6502/share/cc65/lib/c64.lib(decsp6.o):
    CODE              Offs=000598  Size=00000D  Align=00001  Fill=0000
/opt/cc-6502/share/cc65/lib/c64.lib(devnum.o):
/opt/cc-6502/share/cc65/lib/c64.lib(doesclrscr.o):
/opt/cc-6502/share/cc65/lib/c64.lib(errno.o):
    BSS               Offs=00002C  Size=000002  Align=00001  Fill=0000
/opt/cc-6502/share/cc65/lib/c64.lib(exehdr.o):
    EXEHDR            Offs=000000  Size=00000C  Align=00001  Fill=0000
/opt/cc-6502/share/cc65/lib/c64.lib(fgetc.o):
    CODE              Offs=0005A5  Size=00008C  Align=00001  Fill=0000
/opt/cc-6502/share/cc65/lib/c64.lib(filedes.o):
    CODE              Offs=000631  Size=00000E  Align=00001  Fill=0000
    DATA              Offs=00004A  Size=000010  Align=00001  Fill=0000
/opt/cc-6502/share/cc65/lib/c64.lib(filevars.o):
    INIT              Offs=00001C  Size=000001  Align=00001  Fill=0000
    ONCE              Offs=000026  Size=00000C  Align=00001  Fill=0000
/opt/cc-6502/share/cc65/lib/c64.lib(fwrite.o):
    CODE              Offs=00063F  Size=00007B  Align=00001  Fill=0000
    BSS               Offs=00002E  Size=000002  Align=00001  Fill=0000
/opt/cc-6502/share/cc65/lib/c64.lib(getchar.o):
    CODE              Offs=0006BA  Size=000009  Align=00001  Fill=0000
/opt/cc-6502/share/cc65/lib/c64.lib(incsp2.o):
    CODE              Offs=0006C3  Size=000016  Align=00001  Fill=0000
/opt/cc-6502/share/cc65/lib/c64.lib(incsp3.o):
    CODE              Offs=0006D9  Size=000005  Align=00001  Fill=0000
/opt/cc-6502/share/cc65/lib/c64.lib(incsp5.o):
    CODE              Offs=0006DE  Size=000005  Align=00001  Fill=0000
/opt/cc-6502/share/cc65/lib/c64.lib(incsp6.o):
    CODE              Offs=0006E3  Size=000005  Align=00001  Fill=0000
/opt/cc-6502/share/cc65/lib/c64.lib(kernal.o):
/opt/cc-6502/share/cc65/lib/c64.lib(ldaxsp.o):
    CODE              Offs=0006E8  Size=000009  Align=00001  Fill=0000
/opt/cc-6502/share/cc65/lib/c64.lib(leaaxsp.o):
    CODE              Offs=0006F1  Size=00000C  Align=00001  Fill=0000
/opt/cc-6502/share/cc65/lib/c64.lib(lneg.o):
    CODE              Offs=0006FD  Size=00001E  Align=00001  Fill=0000
/opt/cc-6502/share/cc65/lib/c64.lib(loadaddr.o):
    LOADADDR          Offs=000000  Size=000002  Align=00001  Fill=0000
/opt/cc-6502/share/cc65/lib/c64.lib(lpush.o):
    CODE              Offs=00071B  Size=000021  Align=00001  Fill=0000
/opt/cc-6502/share/cc65/lib/c64.lib(ltoa.o):
    CODE              Offs=00073C  Size=000095  Align=00001  Fill=0000
/opt/cc-6502/share/cc65/lib/c64.lib(makebool.o):
    CODE              Offs=0007D1  Size=00002C  Align=00001  Fill=0000
/opt/cc-6502/share/cc65/lib/c64.lib(mul.o):
    CODE              Offs=0007FD  Size=000045  Align=00001  Fill=0000
/opt/cc-6502/share/cc65/lib/c64.lib(mul8.o):
    CODE              Offs=000842  Size=00003A  Align=00001  Fill=0000
/opt/cc-6502/share/cc65/lib/c64.lib(oserror.o):
    CODE              Offs=00087C  Size=000016  Align=00001  Fill=0000
    RODATA            Offs=00020A  Size=00005A  Align=00001  Fill=0000
/opt/cc-6502/share/cc65/lib/c64.lib(overlayaddr.o):
    OVL1ADDR          Offs=000000  Size=000002  Align=00001  Fill=0000
    OVL2ADDR          Offs=000000  Size=000002  Align=00001  Fill=0000
    OVL3ADDR          Offs=000000  Size=000002  Align=00001  Fill=0000
    OVL4ADDR          Offs=000000  Size=000002  Align=00001  Fill=0000
    OVL5ADDR          Offs=000000  Size=000002  Align=00001  Fill=0000
    OVL6ADDR          Offs=000000  Size=000002  Align=00001  Fill=0000
    OVL7ADDR          Offs=000000  Size=000002  Align=00001  Fill=0000
    OVL8ADDR          Offs=000000  Size=000002  Align=00001  Fill=0000
    OVL9ADDR          Offs=000000  Size=000002  Align=00001  Fill=0000
/opt/cc-6502/share/cc65/lib/c64.lib(popa.o):
    CODE              Offs=000892  Size=00000C  Align=00001  Fill=0000
/opt/cc-6502/share/cc65/lib/c64.lib(popptr1.o):
    CODE              Offs=00089E  Size=00000E  Align=00001  Fill=0000
/opt/cc-6502/share/cc65/lib/c64.lib(printf.o):
    CODE              Offs=0008AC  Size=000033  Align=00001  Fill=0000
    BSS               Offs=000030  Size=000001  Align=00001  Fill=0000
/opt/cc-6502/share/cc65/lib/c64.lib(push1.o):
    CODE              Offs=0008DF  Size=000005  Align=00001  Fill=0000
/opt/cc-6502/share/cc65/lib/c64.lib(pusha.o):
    CODE              Offs=0008E4  Size=000016  Align=00001  Fill=0000
/opt/cc-6502/share/cc65/lib/c64.lib(pushax.o):
    CODE              Offs=0008FA  Size=00001A  Align=00001  Fill=0000
/opt/cc-6502/share/cc65/lib/c64.lib(pushwsp.o):
    CODE              Offs=000914  Size=00001C  Align=00001  Fill=0000
/opt/cc-6502/share/cc65/lib/c64.lib(read.o):
    CODE              Offs=000930  Size=00007E  Align=00001  Fill=0000
    BSS               Offs=000031  Size=000001  Align=00001  Fill=0000
    ONCE              Offs=000032  Size=00000C  Align=00001  Fill=0000
/opt/cc-6502/share/cc65/lib/c64.lib(regswap2.o):
    CODE              Offs=0009AE  Size=000016  Align=00001  Fill=0000
/opt/cc-6502/share/cc65/lib/c64.lib(return0.o):
    CODE              Offs=0009C4  Size=000004  Align=00001  Fill=0000
/opt/cc-6502/share/cc65/lib/c64.lib(rwcommon.o):
    CODE              Offs=0009C8  Size=00001C  Align=00001  Fill=0000
/opt/cc-6502/share/cc65/lib/c64.lib(status.o):
/opt/cc-6502/share/cc65/lib/c64.lib(strlen.o):
    CODE              Offs=0009E4  Size=000016  Align=00001  Fill=0000
/opt/cc-6502/share/cc65/lib/c64.lib(strlower.o):
    CODE              Offs=0009FA  Size=000028  Align=00001  Fill=0000
/opt/cc-6502/share/cc65/lib/c64.lib(udiv.o):
    CODE              Offs=000A22  Size=00004F  Align=00001  Fill=0000
/opt/cc-6502/share/cc65/lib/c64.lib(vfprintf.o):
    CODE              Offs=000A71  Size=000061  Align=00001  Fill=0000
    DATA              Offs=00005A  Size=000008  Align=00001  Fill=0000
/opt/cc-6502/share/cc65/lib/c64.lib(write.o):
    CODE              Offs=000AD2  Size=000054  Align=00001  Fill=0000
    ONCE              Offs=00003E  Size=000011  Align=00001  Fill=0000
/opt/cc-6502/share/cc65/lib/c64.lib(zerobss.o):
    CODE              Offs=000B26  Size=000023  Align=00001  Fill=0000
/opt/cc-6502/share/cc65/lib/c64.lib(zeropage.o):
    ZEROPAGE          Offs=000000  Size=00001A  Align=00001  Fill=0000


Segment list:
-------------
Name                   Start     End    Size  Align
----------------------------------------------------
ZEROPAGE              000002  00001B  00001A  00001
LOADADDR              0007FF  000800  000002  00001
EXEHDR                000801  00080C  00000C  00001
STARTUP               00080D  00083F  000033  00001
CODE                  000840  001388  000B49  00001
RODATA                001389  0015EC  000264  00001
DATA                  0015ED  00164E  000062  00001
INIT                  00164F  00166B  00001D  00001
BSS                   00166C  00169D  000032  00001
ONCE                  00166C  0016C0  000055  00001
OVL1ADDR              00BFFE  00BFFF  000002  00001
OVL2ADDR              00BFFE  00BFFF  000002  00001
OVL3ADDR              00BFFE  00BFFF  000002  00001
OVL4ADDR              00BFFE  00BFFF  000002  00001
OVL5ADDR              00BFFE  00BFFF  000002  00001
OVL6ADDR              00BFFE  00BFFF  000002  00001
OVL7ADDR              00BFFE  00BFFF  000002  00001
OVL8ADDR              00BFFE  00BFFF  000002  00001
OVL9ADDR              00BFFE  00BFFF  000002  00001
OVERLAY1              00C000  00C006  000007  00001
OVERLAY2              00C000  00C006  000007  00001
OVERLAY3              00C000  00C006  000007  00001


Exports list by name:
---------------------
BASIN                     00FFCF RLA    BSOUT                     00FFD2 RLA    
CHKIN                     00FFC6 RLA    CKOUT                     00FFC9 RLA    
CLRCH                     00FFCC RLA    LOAD                      00FFD5 RLA    
OPEN                      00FFC0 RLA    READST                    00FFB7 RLA    
SETLFS                    00FFBA RLA    SETNAM                    00FFBD RLA    
ST                        000090 RLZ    __BSS_RUN__               00166C RLA    
__BSS_SIZE__              000032 REA    __CONSTRUCTOR_COUNT__     000003 REA    
__CONSTRUCTOR_TABLE__     0016BB RLA    __DESTRUCTOR_COUNT__      000000 REA    
__DESTRUCTOR_TABLE__      0015ED RLA    __EXEHDR__                000001 REA    
__HEADER_LAST__           00080D RLA    __HIMEM__                 00D000 REA    
__LOADADDR__              000001 REA    __MAIN_SIZE__             00C7F3 REA    
__MAIN_START__            00080D RLA    __ONCE_RUN__              00166C RLA    
__OVERLAY1_LOAD__         00C000 RLA    __OVERLAY1_SIZE__         000007 REA    
__OVERLAY2_LOAD__         00C000 RLA    __OVERLAY2_SIZE__         000007 REA    
__OVERLAY3_LOAD__         00C000 RLA    __OVERLAY3_SIZE__         000007 REA    
__OVERLAYADDR__           000001 REA    __OVERLAYSIZE__           001000 REA    
__OVERLAYSTART__          00C000 REA    __STACKSIZE__             000800 REA    
__STARTUP__               000001 REA    __ctype                   001493 RLA    
__directerrno             000927 RLA    __errno                   001698 RLA    
__hextab                  001477 RLA    __longminstr              001487 RLA    
__mappederrno             000931 RLA    __oserror                 00166C RLA    
__osmaperrno              0010BC RLA    __printf                  000A34 RLA    
__seterrno                000CE6 RLA    _cbm_k_load               000D0A RLA    
_cbm_k_setlfs             000D27 RLA    _cbm_k_setnam             000D35 RLA    
_cbm_load                 000D5F RLA    _doesclrscrafterexit      001204 REA    
_fgetc                    000DE5 RLA    _fwrite                   000E7F RLA    
_getchar                  000EFA RLA    _getcurrentdevice         000DAF RLA    
_ltoa                     000F94 RLA    _main                     000896 RLA    
_printf                   0010EC RLA    _read                     001170 RLA    
_stdin                    001605 RLA    _stdout                   001607 RLA    
_strlen                   001224 RLA    _strlower                 00123A RLA    
_ultoa                    000FD5 RLA    _vfprintf                 0012E9 RLA    
_write                    001312 RLA    addysp                    000CF0 RLA    
axlong                    000CFD RLA    axulong                   000D03 RLA    
booleq                    001017 RLA    callmain                  000D48 RLA    
curunit                   00166B RLA    decsp1                    000DB5 RLA    
decsp3                    000DBE RLA    decsp4                    000DCB RLA    
decsp6                    000DD8 RLA    devnum                    0000BA RLZ    
donelib                   000DA3 RLA    fdtab                     001637 RLA    
incsp2                    000F0B RLA    incsp3                    000F19 RLA    
incsp5                    000F1E RLA    incsp6                    000F23 RLA    
initcurunit               001692  LAI   initlib                   00166C RLA    
initstdin                 00169E  LAI   initstdout                0016AA  LAI   
ldaxysp                   000F2A RLA    leaa0sp                   000F31 RLA    
mul8x16                   001084 RLA    mul8x16a                  00108E RLA    
negeax                    000F3D RLA    popa                      0010D2 RLA    
popax                     000F03 RLA    popptr1                   0010DE RLA    
ptr1                      00000A RLZ    ptr2                      00000C RLZ    
ptr3                      00000E RLZ    ptr4                      000010 RLZ    
push1                     00111F RLA    pusha                     001128 RLA    
pusha0                    00113C RLA    pushax                    00113E RLA    
pusheax                   000F64 RLA    pushwysp                  001156 RLA    
regbank                   000016 RLZ    regswap2                  0011EE RLA    
return0                   001204 RLA    rwcommon                  001208 RLA    
sp                        000002 RLZ    sreg                      000004 RLZ    
tmp1                      000012 RLZ    tmp2                      000013 RLZ    
tmp3                      000014 RLZ    tosudivax                 001264 RLA    
tosumulax                 00103D RLA    unittab                   00163F RLA    
zerobss                   001366 RLA    


Exports list by value:
----------------------
__DESTRUCTOR_COUNT__      000000 REA    __EXEHDR__                000001 REA    
__OVERLAYADDR__           000001 REA    __STARTUP__               000001 REA    
__LOADADDR__              000001 REA    sp                        000002 RLZ    
__CONSTRUCTOR_COUNT__     000003 REA    sreg                      000004 RLZ    
__OVERLAY2_SIZE__         000007 REA    __OVERLAY1_SIZE__         000007 REA    
__OVERLAY3_SIZE__         000007 REA    ptr1                      00000A RLZ    
ptr2                      00000C RLZ    ptr3                      00000E RLZ    
ptr4                      000010 RLZ    tmp1                      000012 RLZ    
tmp2                      000013 RLZ    tmp3                      000014 RLZ    
regbank                   000016 RLZ    __BSS_SIZE__              000032 REA    
ST                        000090 RLZ    devnum                    0000BA RLZ    
__STACKSIZE__             000800 REA    __HEADER_LAST__           00080D RLA    
__MAIN_START__            00080D RLA    _main                     000896 RLA    
__directerrno             000927 RLA    __mappederrno             000931 RLA    
__printf                  000A34 RLA    __seterrno                000CE6 RLA    
addysp                    000CF0 RLA    axlong                    000CFD RLA    
axulong                   000D03 RLA    _cbm_k_load               000D0A RLA    
_cbm_k_setlfs             000D27 RLA    _cbm_k_setnam             000D35 RLA    
callmain                  000D48 RLA    _cbm_load                 000D5F RLA    
donelib                   000DA3 RLA    _getcurrentdevice         000DAF RLA    
decsp1                    000DB5 RLA    decsp3                    000DBE RLA    
decsp4                    000DCB RLA    decsp6                    000DD8 RLA    
_fgetc                    000DE5 RLA    _fwrite                   000E7F RLA    
_getchar                  000EFA RLA    popax                     000F03 RLA    
incsp2                    000F0B RLA    incsp3                    000F19 RLA    
incsp5                    000F1E RLA    incsp6                    000F23 RLA    
ldaxysp                   000F2A RLA    leaa0sp                   000F31 RLA    
negeax                    000F3D RLA    pusheax                   000F64 RLA    
_ltoa                     000F94 RLA    _ultoa                    000FD5 RLA    
__OVERLAYSIZE__           001000 REA    booleq                    001017 RLA    
tosumulax                 00103D RLA    mul8x16                   001084 RLA    
mul8x16a                  00108E RLA    __osmaperrno              0010BC RLA    
popa                      0010D2 RLA    popptr1                   0010DE RLA    
_printf                   0010EC RLA    push1                     00111F RLA    
pusha                     001128 RLA    pusha0                    00113C RLA    
pushax                    00113E RLA    pushwysp                  001156 RLA    
_read                     001170 RLA    regswap2                  0011EE RLA    
return0                   001204 RLA    _doesclrscrafterexit      001204 REA    
rwcommon                  001208 RLA    _strlen                   001224 RLA    
_strlower                 00123A RLA    tosudivax                 001264 RLA    
_vfprintf                 0012E9 RLA    _write                    001312 RLA    
zerobss                   001366 RLA    __hextab                  001477 RLA    
__longminstr              001487 RLA    __ctype                   001493 RLA    
__DESTRUCTOR_TABLE__      0015ED RLA    _stdin                    001605 RLA    
_stdout                   001607 RLA    fdtab                     001637 RLA    
unittab                   00163F RLA    curunit                   00166B RLA    
initlib                   00166C RLA    __BSS_RUN__               00166C RLA    
__oserror                 00166C RLA    __ONCE_RUN__              00166C RLA    
initcurunit               001692  LAI   __errno                   001698 RLA    
initstdin                 00169E  LAI   initstdout                0016AA  LAI   
__CONSTRUCTOR_TABLE__     0016BB RLA    __OVERLAY2_LOAD__         00C000 RLA    
__OVERLAYSTART__          00C000 REA    __OVERLAY3_LOAD__         00C000 RLA    
__OVERLAY1_LOAD__         00C000 RLA    __MAIN_SIZE__             00C7F3 REA    
__HIMEM__                 00D000 REA    READST                    00FFB7 RLA    
SETLFS                    00FFBA RLA    SETNAM                    00FFBD RLA    
OPEN                      00FFC0 RLA    CHKIN                     00FFC6 RLA    
CKOUT                     00FFC9 RLA    CLRCH                     00FFCC RLA    
BASIN                     00FFCF RLA    BSOUT                     00FFD2 RLA    
LOAD                      00FFD5 RLA    


Imports list:
-------------
BASIN (kernal.o):
    read.o                    cbm/cbm.inc(47)
BSOUT (kernal.o):
    write.o                   cbm/cbm.inc(49)
    read.o                    cbm/cbm.inc(49)
    crt0.o                    c64/crt0.s(10)
CHKIN (kernal.o):
    read.o                    cbm/cbm.inc(44)
CKOUT (kernal.o):
    write.o                   cbm/cbm.inc(45)
CLRCH (kernal.o):
    write.o                   cbm/cbm.inc(46)
    read.o                    cbm/cbm.inc(46)
LOAD (kernal.o):
    c_load.o                  cbm/cbm.inc(37)
OPEN (kernal.o):
    write.o                   cbm/cbm.inc(35)
    read.o                    cbm/cbm.inc(35)
READST (kernal.o):
    write.o                   cbm/cbm.inc(32)
    read.o                    cbm/cbm.inc(32)
SETLFS (kernal.o):
    write.o                   cbm/cbm.inc(33)
    read.o                    cbm/cbm.inc(33)
    c_setlfs.o                cbm/cbm.inc(33)
SETNAM (kernal.o):
    c_setnam.o                cbm/cbm.inc(34)
ST (status.o):
    crt0.o                    c64/crt0.s(13)
__BSS_RUN__ ([linker generated]):
    zerobss.o                 common/zerobss.s(8)
__BSS_SIZE__ ([linker generated]):
    zerobss.o                 common/zerobss.s(8)
__CONSTRUCTOR_COUNT__ ([linker generated]):
    condes.o                  runtime/condes.s(18)
__CONSTRUCTOR_TABLE__ ([linker generated]):
    condes.o                  runtime/condes.s(18)
__DESTRUCTOR_COUNT__ ([linker generated]):
    condes.o                  runtime/condes.s(19)
__DESTRUCTOR_TABLE__ ([linker generated]):
    condes.o                  runtime/condes.s(19)
__EXEHDR__ (exehdr.o):
    [linker generated]        /opt/cc-6502/share/cc65/cfg/c64-overlay.cfg(6)
__HEADER_LAST__ ([linker generated]):
    [linker generated]        /opt/cc-6502/share/cc65/cfg/c64-overlay.cfg(17)
    [linker generated]        /opt/cc-6502/share/cc65/cfg/c64-overlay.cfg(17)
__HIMEM__ ([linker generated]):
    [linker generated]        /opt/cc-6502/share/cc65/cfg/c64-overlay.cfg(17)
    [linker generated]        /opt/cc-6502/share/cc65/cfg/c64-overlay.cfg(11)
__LOADADDR__ (loadaddr.o):
    [linker generated]        /opt/cc-6502/share/cc65/cfg/c64-overlay.cfg(5)
__MAIN_SIZE__ ([linker generated]):
    crt0.o                    c64/crt0.s(11)
__MAIN_START__ ([linker generated]):
    crt0.o                    c64/crt0.s(11)
__ONCE_RUN__ ([linker generated]):
    [linker generated]        /opt/cc-6502/share/cc65/cfg/c64-overlay.cfg(18)
    [linker generated]        /opt/cc-6502/share/cc65/cfg/c64-overlay.cfg(18)
__OVERLAY1_LOAD__ ([linker generated]):
    overlaydemo.o             overlaydemo.s(42)
__OVERLAY1_SIZE__ ([linker generated]):
    overlaydemo.o             overlaydemo.s(43)
__OVERLAY2_LOAD__ ([linker generated]):
    overlaydemo.o             overlaydemo.s(44)
__OVERLAY2_SIZE__ ([linker generated]):
    overlaydemo.o             overlaydemo.s(45)
__OVERLAY3_LOAD__ ([linker generated]):
    overlaydemo.o             overlaydemo.s(46)
__OVERLAY3_SIZE__ ([linker generated]):
    overlaydemo.o             overlaydemo.s(47)
__OVERLAYADDR__ (overlayaddr.o):
    [linker generated]        /opt/cc-6502/share/cc65/cfg/c64-overlay.cfg(7)
__OVERLAYSIZE__ ([linker generated]):
    [linker generated]        /opt/cc-6502/share/cc65/cfg/c64-overlay.cfg(36)
    [linker generated]        /opt/cc-6502/share/cc65/cfg/c64-overlay.cfg(34)
    [linker generated]        /opt/cc-6502/share/cc65/cfg/c64-overlay.cfg(32)
    [linker generated]        /opt/cc-6502/share/cc65/cfg/c64-overlay.cfg(30)
    [linker generated]        /opt/cc-6502/share/cc65/cfg/c64-overlay.cfg(28)
    [linker generated]        /opt/cc-6502/share/cc65/cfg/c64-overlay.cfg(26)
    [linker generated]        /opt/cc-6502/share/cc65/cfg/c64-overlay.cfg(24)
    [linker generated]        /opt/cc-6502/share/cc65/cfg/c64-overlay.cfg(22)
    [linker generated]        /opt/cc-6502/share/cc65/cfg/c64-overlay.cfg(20)
    [linker generated]        /opt/cc-6502/share/cc65/cfg/c64-overlay.cfg(11)
__OVERLAYSTART__ ([linker generated]):
    [linker generated]        /opt/cc-6502/share/cc65/cfg/c64-overlay.cfg(36)
    [linker generated]        /opt/cc-6502/share/cc65/cfg/c64-overlay.cfg(35)
    [linker generated]        /opt/cc-6502/share/cc65/cfg/c64-overlay.cfg(34)
    [linker generated]        /opt/cc-6502/share/cc65/cfg/c64-overlay.cfg(33)
    [linker generated]        /opt/cc-6502/share/cc65/cfg/c64-overlay.cfg(32)
    [linker generated]        /opt/cc-6502/share/cc65/cfg/c64-overlay.cfg(31)
    [linker generated]        /opt/cc-6502/share/cc65/cfg/c64-overlay.cfg(30)
    [linker generated]        /opt/cc-6502/share/cc65/cfg/c64-overlay.cfg(29)
    [linker generated]        /opt/cc-6502/share/cc65/cfg/c64-overlay.cfg(28)
    [linker generated]        /opt/cc-6502/share/cc65/cfg/c64-overlay.cfg(27)
    [linker generated]        /opt/cc-6502/share/cc65/cfg/c64-overlay.cfg(26)
    [linker generated]        /opt/cc-6502/share/cc65/cfg/c64-overlay.cfg(25)
    [linker generated]        /opt/cc-6502/share/cc65/cfg/c64-overlay.cfg(24)
    [linker generated]        /opt/cc-6502/share/cc65/cfg/c64-overlay.cfg(23)
    [linker generated]        /opt/cc-6502/share/cc65/cfg/c64-overlay.cfg(22)
    [linker generated]        /opt/cc-6502/share/cc65/cfg/c64-overlay.cfg(21)
    [linker generated]        /opt/cc-6502/share/cc65/cfg/c64-overlay.cfg(20)
    [linker generated]        /opt/cc-6502/share/cc65/cfg/c64-overlay.cfg(19)
    [linker generated]        /opt/cc-6502/share/cc65/cfg/c64-overlay.cfg(18)
__STACKSIZE__ ([linker generated]):
    [linker generated]        /opt/cc-6502/share/cc65/cfg/c64-overlay.cfg(18)
__STARTUP__ (crt0.o):
    overlaydemo.o             overlaydemo.s(25)
__ctype (ctype.o):
    strlower.o                common/strlower.s(13)
__directerrno (_directerrno.o):
    write.o                   /Users/thierry/Projects/Devel/cc65/asminc/errno.inc(10)
    read.o                    /Users/thierry/Projects/Devel/cc65/asminc/errno.inc(10)
__errno (errno.o):
    _seterrno.o               /Users/thierry/Projects/Devel/cc65/asminc/errno.inc(7)
__hextab (_hextab.o):
    ltoa.o                    common/ltoa.s(10)
__longminstr (_longminstr.o):
    ltoa.o                    common/ltoa.s(10)
__mappederrno (_mappederrno.o):
    write.o                   /Users/thierry/Projects/Devel/cc65/asminc/errno.inc(10)
    read.o                    /Users/thierry/Projects/Devel/cc65/asminc/errno.inc(10)
__oserror (_oserror.o):
    _mappederrno.o            /Users/thierry/Projects/Devel/cc65/asminc/errno.inc(7)
    _directerrno.o            /Users/thierry/Projects/Devel/cc65/asminc/errno.inc(7)
    write.o                   /Users/thierry/Projects/Devel/cc65/asminc/errno.inc(7)
    read.o                    /Users/thierry/Projects/Devel/cc65/asminc/errno.inc(7)
    c_load.o                  cbm/c_load.s(10)
__osmaperrno (oserror.o):
    _mappederrno.o            /Users/thierry/Projects/Devel/cc65/asminc/errno.inc(8)
__printf (_printf.o):
    vfprintf.o                common/vfprintf.s(10)
__seterrno (_seterrno.o):
    _mappederrno.o            /Users/thierry/Projects/Devel/cc65/asminc/errno.inc(9)
    _directerrno.o            /Users/thierry/Projects/Devel/cc65/asminc/errno.inc(9)
    fwrite.o                  /Users/thierry/Projects/Devel/cc65/asminc/errno.inc(9)
_cbm_k_load (c_load.o):
    cbm_load.o                ../libwrk/c64/cbm_load.s(13)
_cbm_k_setlfs (c_setlfs.o):
    cbm_load.o                ../libwrk/c64/cbm_load.s(14)
_cbm_k_setnam (c_setnam.o):
    cbm_load.o                ../libwrk/c64/cbm_load.s(15)
_cbm_load (cbm_load.o):
    overlaydemo.o             overlaydemo.s(40)
_doesclrscrafterexit (doesclrscr.o):
    overlaydemo.o             overlaydemo.s(39)
_fgetc (fgetc.o):
    getchar.o                 ../libwrk/c64/getchar.s(14)
_fwrite (fwrite.o):
    vfprintf.o                common/vfprintf.s(10)
_getchar (getchar.o):
    overlaydemo.o             overlaydemo.s(37)
_getcurrentdevice (curdevice.o):
    overlaydemo.o             overlaydemo.s(41)
_ltoa (ltoa.o):
    _printf.o                 common/_printf.s(12)
_main (overlaydemo.o):
    callmain.o                runtime/callmain.s(11)
_printf (printf.o):
    overlaydemo.o             overlaydemo.s(38)
_read (read.o):
    fgetc.o                   ../libwrk/c64/fgetc.s(14)
_stdin (_file.o):
    getchar.o                 ../libwrk/c64/getchar.s(13)
_stdout (_file.o):
    printf.o                  common/printf.s(8)
_strlen (strlen.o):
    _printf.o                 common/_printf.s(13)
_strlower (strlower.o):
    _printf.o                 common/_printf.s(13)
_ultoa (ltoa.o):
    _printf.o                 common/_printf.s(12)
_vfprintf (vfprintf.o):
    printf.o                  common/printf.s(8)
_write (write.o):
    fwrite.o                  common/fwrite.s(10)
addysp (addysp.o):
    incsp3.o                  runtime/incsp3.s(8)
    fwrite.o                  common/fwrite.s(11)
    printf.o                  common/printf.s(8)
    incsp6.o                  runtime/incsp6.s(8)
    incsp5.o                  runtime/incsp5.s(8)
axlong (axlong.o):
    _printf.o                 common/_printf.s(11)
axulong (axlong.o):
    _printf.o                 common/_printf.s(11)
booleq (makebool.o):
    cbm_load.o                ../libwrk/c64/cbm_load.s(61)
callmain (callmain.o):
    crt0.o                    c64/crt0.s(9)
curunit (filevars.o):
    curdevice.o               cbm/curdevice.s(8)
decsp1 (decsp1.o):
    fgetc.o                   ../libwrk/c64/fgetc.s(96)
decsp3 (decsp3.o):
    overlaydemo.o             overlaydemo.s(401)
decsp4 (decsp4.o):
    lpush.o                   runtime/lpush.s(12)
    overlaydemo.o             overlaydemo.s(401)
decsp6 (decsp6.o):
    _printf.o                 common/_printf.s(11)
devnum (devnum.o):
    filevars.o                cbm/filevars.s(9)
donelib (condes.o):
    crt0.o                    c64/crt0.s(8)
fdtab (filedes.o):
    write.o                   cbm/filedes.inc(7)
    read.o                    cbm/filedes.inc(7)
incsp2 (incsp2.o):
    popptr1.o                 runtime/popptr1.s(8)
    overlaydemo.o             overlaydemo.s(401)
incsp3 (incsp3.o):
    fgetc.o                   ../libwrk/c64/fgetc.s(96)
incsp5 (incsp5.o):
    cbm_load.o                ../libwrk/c64/cbm_load.s(61)
incsp6 (incsp6.o):
    fwrite.o                  common/fwrite.s(11)
    vfprintf.o                common/vfprintf.s(9)
    overlaydemo.o             overlaydemo.s(401)
initlib (condes.o):
    crt0.o                    c64/crt0.s(8)
ldaxysp (ldaxsp.o):
    fwrite.o                  common/fwrite.s(11)
    cbm_load.o                ../libwrk/c64/cbm_load.s(61)
leaa0sp (leaaxsp.o):
    fgetc.o                   ../libwrk/c64/fgetc.s(96)
mul8x16 (mul8.o):
    mul.o                     runtime/mul.s(8)
mul8x16a (mul8.o):
    mul.o                     runtime/mul.s(8)
negeax (lneg.o):
    ltoa.o                    common/ltoa.s(9)
popa (popa.o):
    c_setlfs.o                cbm/c_setlfs.s(12)
    c_load.o                  cbm/c_load.s(11)
popax (incsp2.o):
    rwcommon.o                cbm/rwcommon.s(9)
    ltoa.o                    common/ltoa.s(9)
    _printf.o                 common/_printf.s(11)
popptr1 (popptr1.o):
    udiv.o                    runtime/udiv.s(9)
    rwcommon.o                cbm/rwcommon.s(9)
    mul8.o                    runtime/mul8.s(9)
    mul.o                     runtime/mul.s(9)
    ltoa.o                    common/ltoa.s(9)
ptr1 (zeropage.o):
    write.o                   cbm/write.s(11)
    udiv.o                    runtime/udiv.s(10)
    strlower.o                common/strlower.s(14)
    read.o                    cbm/read.s(13)
    popptr1.o                 runtime/popptr1.s(9)
    mul8.o                    runtime/mul8.s(10)
    mul.o                     runtime/mul.s(10)
    ltoa.o                    common/ltoa.s(11)
    fwrite.o                  common/fwrite.s(14)
    c_setnam.o                cbm/c_setnam.s(10)
    c_load.o                  cbm/c_load.s(12)
    _printf.o                 /Users/thierry/Projects/Devel/cc65/asminc/zeropage.inc(12)
    zerobss.o                 common/zerobss.s(9)
    vfprintf.o                common/vfprintf.s(11)
    printf.o                  common/printf.s(9)
ptr2 (zeropage.o):
    write.o                   cbm/write.s(11)
    strlower.o                common/strlower.s(14)
    strlen.o                  common/strlen.s(12)
    rwcommon.o                cbm/rwcommon.s(10)
    read.o                    cbm/read.s(13)
    ltoa.o                    common/ltoa.s(11)
    _printf.o                 /Users/thierry/Projects/Devel/cc65/asminc/zeropage.inc(12)
ptr3 (zeropage.o):
    write.o                   cbm/write.s(11)
    rwcommon.o                cbm/rwcommon.s(10)
    read.o                    cbm/read.s(13)
    ltoa.o                    common/ltoa.s(11)
ptr4 (zeropage.o):
    udiv.o                    runtime/udiv.s(10)
    mul8.o                    runtime/mul8.s(10)
    mul.o                     runtime/mul.s(10)
push1 (push1.o):
    _printf.o                 common/_printf.s(11)
    vfprintf.o                common/vfprintf.s(9)
pusha (pusha.o):
    cbm_load.o                ../libwrk/c64/cbm_load.s(61)
pusha0 (pushax.o):
    push1.o                   runtime/push1.s(8)
    fgetc.o                   ../libwrk/c64/fgetc.s(96)
pushax (pushax.o):
    fwrite.o                  common/fwrite.s(11)
    fgetc.o                   ../libwrk/c64/fgetc.s(96)
    callmain.o                runtime/callmain.s(11)
    _printf.o                 common/_printf.s(11)
    printf.o                  common/printf.s(8)
    cbm_load.o                ../libwrk/c64/cbm_load.s(61)
    overlaydemo.o             overlaydemo.s(401)
    overlaydemo.o             overlaydemo.s(401)
pusheax (lpush.o):
    _printf.o                 common/_printf.s(11)
pushwysp (pushwsp.o):
    fwrite.o                  common/fwrite.s(11)
    vfprintf.o                common/vfprintf.s(9)
    overlaydemo.o             overlaydemo.s(401)
regbank (zeropage.o):
    regswap2.o                runtime/regswap2.s(8)
    fgetc.o                   ../libwrk/c64/fgetc.s(10)
    _printf.o                 /Users/thierry/Projects/Devel/cc65/asminc/zeropage.inc(14)
regswap2 (regswap2.o):
    fgetc.o                   ../libwrk/c64/fgetc.s(96)
return0 (return0.o):
    doesclrscr.o              common/doesclrscr.s(10)
rwcommon (rwcommon.o):
    write.o                   cbm/write.s(10)
    read.o                    cbm/read.s(11)
sp (zeropage.o):
    decsp1.o                  runtime/decsp1.s(8)
    regswap2.o                runtime/regswap2.s(8)
    popptr1.o                 runtime/popptr1.s(9)
    popa.o                    runtime/popa.s(8)
    lpush.o                   runtime/lpush.s(13)
    leaaxsp.o                 runtime/leaaxsp.s(8)
    fgetc.o                   ../libwrk/c64/fgetc.s(10)
    decsp6.o                  runtime/decsp6.s(8)
    addysp.o                  runtime/addysp.s(8)
    _printf.o                 /Users/thierry/Projects/Devel/cc65/asminc/zeropage.inc(11)
    vfprintf.o                common/vfprintf.s(11)
    pushwsp.o                 runtime/pushwsp.s(8)
    pushax.o                  runtime/pushax.s(8)
    pusha.o                   runtime/pusha.s(8)
    printf.o                  common/printf.s(9)
    ldaxsp.o                  runtime/ldaxsp.s(8)
    incsp2.o                  runtime/incsp2.s(8)
    decsp4.o                  runtime/decsp4.s(8)
    decsp3.o                  runtime/decsp3.s(8)
    crt0.o                    /Users/thierry/Projects/Devel/cc65/asminc/zeropage.inc(11)
    cbm_load.o                ../libwrk/c64/cbm_load.s(10)
    overlaydemo.o             overlaydemo.s(10)
sreg (zeropage.o):
    lneg.o                    runtime/lneg.s(11)
    udiv.o                    runtime/udiv.s(10)
    ltoa.o                    common/ltoa.s(11)
    lpush.o                   runtime/lpush.s(13)
    axlong.o                  runtime/axlong.s(9)
    _printf.o                 /Users/thierry/Projects/Devel/cc65/asminc/zeropage.inc(11)
tmp1 (zeropage.o):
    read.o                    cbm/read.s(13)
    mul.o                     runtime/mul.s(10)
    ltoa.o                    common/ltoa.s(11)
    c_setlfs.o                cbm/c_setlfs.s(13)
    _printf.o                 /Users/thierry/Projects/Devel/cc65/asminc/zeropage.inc(13)
tmp2 (zeropage.o):
    rwcommon.o                cbm/rwcommon.s(10)
    read.o                    cbm/read.s(13)
tmp3 (zeropage.o):
    read.o                    cbm/read.s(13)
tosudivax (udiv.o):
    fwrite.o                  common/fwrite.s(12)
tosumulax (mul.o):
    fwrite.o                  common/fwrite.s(12)
unittab (filedes.o):
    read.o                    cbm/filedes.inc(8)
zerobss (zerobss.o):
    crt0.o                    c64/crt0.s(9)

